******************************************************************************
            TI ARM Clang Linker PC v4.0.3                      
******************************************************************************
>> Linked Fri Jun 27 15:22:16 2025

OUTPUT FILE NAME:   <I2C Target.out>
ENTRY POINT SYMBOL: "_c_int00_noargs"  address: 0000064d


MEMORY CONFIGURATION

         name            origin    length      used     unused   attr    fill
----------------------  --------  ---------  --------  --------  ----  --------
  FLASH                 00000000   0000fff8  00000758  0000f8a0  R  X
  SRAM                  20000000   00001000  0000010d  00000ef3  RW X
  BCR_CONFIG            41c00000   000000ff  00000000  000000ff  R   
  BSL_CONFIG            41c00100   00000080  00000000  00000080  R   


SEGMENT ALLOCATION MAP

run origin  load origin   length   init length attrs members
----------  ----------- ---------- ----------- ----- -------
00000000    00000000    00000758   00000758    r-x
  00000000    00000000    000000c0   000000c0    r-- .intvecs
  000000c0    000000c0    00000658   00000658    r-x .text
  00000718    00000718    00000010   00000010    r-- .rodata
  00000728    00000728    00000030   00000030    r-- .cinit
20000000    20000000    0000000d   00000000    rw-
  20000000    20000000    00000008   00000000    rw- .bss
  20000008    20000008    00000005   00000000    rw- .data
20000f00    20000f00    00000100   00000000    rw-
  20000f00    20000f00    00000100   00000000    rw- .stack


SECTION ALLOCATION MAP

 output                                  attributes/
section   page    origin      length       input sections
--------  ----  ----------  ----------   ----------------
.intvecs   0    00000000    000000c0     
                  00000000    000000c0     startup_mspm0l130x_ticlang.o (.intvecs)

.text      0    000000c0    00000658     
                  000000c0    000001f0     i2c_target_rw_multibyte_fifo_poll.o (.text.main)
                  000002b0    0000009a     libc.a : memcpy16.S.obj (.text:memcpy)
                  0000034a    00000002     startup_mspm0l130x_ticlang.o (.text.Default_Handler)
                  0000034c    0000007c     libc.a : copy_decompress_lzss.c.obj (.text:decompress:lzss)
                  000003c8    00000074     ti_msp_dl_config.o (.text.SYSCFG_DL_GPIO_init)
                  0000043c    00000064     ti_msp_dl_config.o (.text.SYSCFG_DL_I2C_init)
                  000004a0    00000060     driverlib.a : dl_i2c.o (.text.DL_I2C_fillTargetTXFIFO)
                  00000500    00000060     ti_msp_dl_config.o (.text.SYSCFG_DL_UART_0_init)
                  00000560    00000048     driverlib.a : dl_uart.o (.text.DL_UART_init)
                  000005a8    0000003c     libc.a : autoinit.c.obj (.text:__TI_auto_init_nobinit_nopinit)
                  000005e4    00000034     ti_msp_dl_config.o (.text.SYSCFG_DL_SYSCTL_init)
                  00000618    00000034     ti_msp_dl_config.o (.text.SYSCFG_DL_initPower)
                  0000064c    00000028     libc.a : boot_cortex_m.c.obj (.text:_c_int00_noargs)
                  00000674    00000026     driverlib.a : dl_i2c.o (.text.DL_I2C_setClockConfig)
                  0000069a    00000018     ti_msp_dl_config.o (.text.SYSCFG_DL_init)
                  000006b2    00000016     libc.a : copy_zero_init.c.obj (.text:decompress:ZI:__TI_zero_init_nomemset)
                  000006c8    00000012     driverlib.a : dl_uart.o (.text.DL_UART_setClockConfig)
                  000006da    00000012     libc.a : copy_decompress_none.c.obj (.text:decompress:none)
                  000006ec    0000000a     driverlib.a : dl_common.o (.text.DL_Common_delayCycles)
                  000006f6    00000002     --HOLE-- [fill = 0]
                  000006f8    00000008     libclang_rt.builtins.a : aeabi_memcpy.S.obj (.text.__aeabi_memcpy)
                  00000700    00000006     libc.a : exit.c.obj (.text:abort)
                  00000706    00000004     libsysbm.a : hostexit.c.obj (.text.HOSTexit)
                  0000070a    00000004     startup_mspm0l130x_ticlang.o (.text.Reset_Handler)
                  0000070e    00000004     libc.a : pre_init.c.obj (.text._system_pre_init)
                  00000712    00000006     --HOLE-- [fill = 0]

.cinit     0    00000728    00000030     
                  00000728    0000000c     (__TI_handler_table)
                  00000734    00000009     (.cinit..data.load) [load image, compression = lzss]
                  0000073d    00000003     --HOLE-- [fill = 0]
                  00000740    00000008     (.cinit..bss.load) [load image, compression = zero_init]
                  00000748    00000010     (__TI_cinit_table)

.rodata    0    00000718    00000010     
                  00000718    0000000a     ti_msp_dl_config.o (.rodata.gUART_0Config)
                  00000722    00000002     ti_msp_dl_config.o (.rodata.gI2CClockConfig)
                  00000724    00000002     ti_msp_dl_config.o (.rodata.gUART_0ClockConfig)
                  00000726    00000002     --HOLE-- [fill = 0]

.init_array 
*          0    00000000    00000000     UNINITIALIZED

.binit     0    00000000    00000000     

.bss       0    20000000    00000008     UNINITIALIZED
                  20000000    00000008     (.common:gRxPacket)

.data      0    20000008    00000005     UNINITIALIZED
                  20000008    00000005     i2c_target_rw_multibyte_fifo_poll.o (.data.gTxPacket)

.stack     0    20000f00    00000100     UNINITIALIZED
                  20000f00    00000004     libc.a : boot_cortex_m.c.obj (.stack)
                  20000f04    000000fc     --HOLE--

__llvm_prf_cnts 
*          0    20000000    00000000     UNINITIALIZED

__llvm_prf_bits 
*          0    20000000    00000000     UNINITIALIZED

MODULE SUMMARY

       Module                                code   ro data   rw data
       ------                                ----   -------   -------
    .\
       i2c_target_rw_multibyte_fifo_poll.o   496    0         13     
       ti_msp_dl_config.o                    440    14        0      
       startup_mspm0l130x_ticlang.o          6      192       0      
    +--+-------------------------------------+------+---------+---------+
       Total:                                942    206       13     
                                                                     
    C:/ti/mspm0_sdk_2_05_00_05/source/ti/driverlib/lib/ticlang/m0p/mspm0l11xx_l13xx/driverlib.a
       dl_i2c.o                              134    0         0      
       dl_uart.o                             90     0         0      
       dl_common.o                           10     0         0      
    +--+-------------------------------------+------+---------+---------+
       Total:                                234    0         0      
                                                                     
    C:\ti\ccs2020\ccs\tools\compiler\ti-cgt-armllvm_4.0.3.LTS\lib\armv6m-ti-none-eabi/c/libc.a
       memcpy16.S.obj                        154    0         0      
       copy_decompress_lzss.c.obj            124    0         0      
       autoinit.c.obj                        60     0         0      
       boot_cortex_m.c.obj                   40     0         0      
       copy_zero_init.c.obj                  22     0         0      
       copy_decompress_none.c.obj            18     0         0      
       exit.c.obj                            6      0         0      
       pre_init.c.obj                        4      0         0      
    +--+-------------------------------------+------+---------+---------+
       Total:                                428    0         0      
                                                                     
    C:\ti\ccs2020\ccs\tools\compiler\ti-cgt-armllvm_4.0.3.LTS\lib\armv6m-ti-none-eabi/c/libsysbm.a
       hostexit.c.obj                        4      0         0      
    +--+-------------------------------------+------+---------+---------+
       Total:                                4      0         0      
                                                                     
    C:\ti\ccs2020\ccs\tools\compiler\ti-cgt-armllvm_4.0.3.LTS\lib\armv6m-ti-none-eabi/libclang_rt.builtins.a
       aeabi_memcpy.S.obj                    8      0         0      
    +--+-------------------------------------+------+---------+---------+
       Total:                                8      0         0      
                                                                     
       Stack:                                0      0         256    
       Linker Generated:                     0      45        0      
    +--+-------------------------------------+------+---------+---------+
       Grand Total:                          1616   251       269    


LINKER GENERATED COPY TABLES

__TI_cinit_table @ 00000748 records: 2, size/record: 8, table size: 16
	.data: load addr=00000734, load size=00000009 bytes, run addr=20000008, run size=00000005 bytes, compression=lzss
	.bss: load addr=00000740, load size=00000008 bytes, run addr=20000000, run size=00000008 bytes, compression=zero_init


LINKER GENERATED HANDLER TABLE

__TI_handler_table @ 00000728 records: 3, size/record: 4, table size: 12
	index: 0, handler: __TI_decompress_lzss
	index: 1, handler: __TI_decompress_none
	index: 2, handler: __TI_zero_init


GLOBAL SYMBOLS: SORTED ALPHABETICALLY BY Name 

address   name                          
-------   ----                          
0000034b  ADC0_IRQHandler               
00000706  C$$EXIT                       
000006ed  DL_Common_delayCycles         
000004a1  DL_I2C_fillTargetTXFIFO       
00000675  DL_I2C_setClockConfig         
00000561  DL_UART_init                  
000006c9  DL_UART_setClockConfig        
0000034b  DMA_IRQHandler                
0000034b  Default_Handler               
0000034b  GROUP0_IRQHandler             
0000034b  GROUP1_IRQHandler             
00000707  HOSTexit                      
0000034b  HardFault_Handler             
0000034b  I2C0_IRQHandler               
0000034b  I2C1_IRQHandler               
0000034b  NMI_Handler                   
0000034b  PendSV_Handler                
0000070b  Reset_Handler                 
0000034b  SPI0_IRQHandler               
0000034b  SVC_Handler                   
000003c9  SYSCFG_DL_GPIO_init           
0000043d  SYSCFG_DL_I2C_init            
000005e5  SYSCFG_DL_SYSCTL_init         
00000501  SYSCFG_DL_UART_0_init         
0000069b  SYSCFG_DL_init                
00000619  SYSCFG_DL_initPower           
0000034b  SysTick_Handler               
0000034b  TIMG0_IRQHandler              
0000034b  TIMG1_IRQHandler              
0000034b  TIMG2_IRQHandler              
0000034b  TIMG4_IRQHandler              
0000034b  UART0_IRQHandler              
0000034b  UART1_IRQHandler              
20001000  __STACK_END                   
00000100  __STACK_SIZE                  
00000000  __TI_ATRegion0_region_sz      
00000000  __TI_ATRegion0_src_addr       
00000000  __TI_ATRegion0_trg_addr       
00000000  __TI_ATRegion1_region_sz      
00000000  __TI_ATRegion1_src_addr       
00000000  __TI_ATRegion1_trg_addr       
00000000  __TI_ATRegion2_region_sz      
00000000  __TI_ATRegion2_src_addr       
00000000  __TI_ATRegion2_trg_addr       
00000748  __TI_CINIT_Base               
00000758  __TI_CINIT_Limit              
00000758  __TI_CINIT_Warm               
00000728  __TI_Handler_Table_Base       
00000734  __TI_Handler_Table_Limit      
000005a9  __TI_auto_init_nobinit_nopinit
0000034d  __TI_decompress_lzss          
000006db  __TI_decompress_none          
ffffffff  __TI_pprof_out_hndl           
ffffffff  __TI_prof_data_size           
ffffffff  __TI_prof_data_start          
00000000  __TI_static_base__            
000006b3  __TI_zero_init_nomemset       
000006f9  __aeabi_memcpy                
000006f9  __aeabi_memcpy4               
000006f9  __aeabi_memcpy8               
ffffffff  __binit__                     
UNDEFED   __mpu_init                    
20000f00  __stack                       
20000000  __start___llvm_prf_bits       
20000000  __start___llvm_prf_cnts       
20000000  __stop___llvm_prf_bits        
20000000  __stop___llvm_prf_cnts        
0000064d  _c_int00_noargs               
UNDEFED   _system_post_cinit            
0000070f  _system_pre_init              
00000701  abort                         
ffffffff  binit                         
20000000  gRxPacket                     
20000008  gTxPacket                     
00000000  interruptVectors              
000000c1  main                          
000002b1  memcpy                        


GLOBAL SYMBOLS: SORTED BY Symbol Address 

address   name                          
-------   ----                          
00000000  __TI_ATRegion0_region_sz      
00000000  __TI_ATRegion0_src_addr       
00000000  __TI_ATRegion0_trg_addr       
00000000  __TI_ATRegion1_region_sz      
00000000  __TI_ATRegion1_src_addr       
00000000  __TI_ATRegion1_trg_addr       
00000000  __TI_ATRegion2_region_sz      
00000000  __TI_ATRegion2_src_addr       
00000000  __TI_ATRegion2_trg_addr       
00000000  __TI_static_base__            
00000000  interruptVectors              
000000c1  main                          
00000100  __STACK_SIZE                  
000002b1  memcpy                        
0000034b  ADC0_IRQHandler               
0000034b  DMA_IRQHandler                
0000034b  Default_Handler               
0000034b  GROUP0_IRQHandler             
0000034b  GROUP1_IRQHandler             
0000034b  HardFault_Handler             
0000034b  I2C0_IRQHandler               
0000034b  I2C1_IRQHandler               
0000034b  NMI_Handler                   
0000034b  PendSV_Handler                
0000034b  SPI0_IRQHandler               
0000034b  SVC_Handler                   
0000034b  SysTick_Handler               
0000034b  TIMG0_IRQHandler              
0000034b  TIMG1_IRQHandler              
0000034b  TIMG2_IRQHandler              
0000034b  TIMG4_IRQHandler              
0000034b  UART0_IRQHandler              
0000034b  UART1_IRQHandler              
0000034d  __TI_decompress_lzss          
000003c9  SYSCFG_DL_GPIO_init           
0000043d  SYSCFG_DL_I2C_init            
000004a1  DL_I2C_fillTargetTXFIFO       
00000501  SYSCFG_DL_UART_0_init         
00000561  DL_UART_init                  
000005a9  __TI_auto_init_nobinit_nopinit
000005e5  SYSCFG_DL_SYSCTL_init         
00000619  SYSCFG_DL_initPower           
0000064d  _c_int00_noargs               
00000675  DL_I2C_setClockConfig         
0000069b  SYSCFG_DL_init                
000006b3  __TI_zero_init_nomemset       
000006c9  DL_UART_setClockConfig        
000006db  __TI_decompress_none          
000006ed  DL_Common_delayCycles         
000006f9  __aeabi_memcpy                
000006f9  __aeabi_memcpy4               
000006f9  __aeabi_memcpy8               
00000701  abort                         
00000706  C$$EXIT                       
00000707  HOSTexit                      
0000070b  Reset_Handler                 
0000070f  _system_pre_init              
00000728  __TI_Handler_Table_Base       
00000734  __TI_Handler_Table_Limit      
00000748  __TI_CINIT_Base               
00000758  __TI_CINIT_Limit              
00000758  __TI_CINIT_Warm               
20000000  __start___llvm_prf_bits       
20000000  __start___llvm_prf_cnts       
20000000  __stop___llvm_prf_bits        
20000000  __stop___llvm_prf_cnts        
20000000  gRxPacket                     
20000008  gTxPacket                     
20000f00  __stack                       
20001000  __STACK_END                   
ffffffff  __TI_pprof_out_hndl           
ffffffff  __TI_prof_data_size           
ffffffff  __TI_prof_data_start          
ffffffff  __binit__                     
ffffffff  binit                         
UNDEFED   __mpu_init                    
UNDEFED   _system_post_cinit            

[77 symbols]
