<?xml version="1.0" encoding="ISO-8859-1" ?>
<link_info>
   <banner>TI ARM Clang Linker PC v4.0.3.LTS</banner>
   <copyright>Copyright (c) 1996-2018 Texas Instruments Incorporated</copyright>
   <command_line>C:\ti\ccs2020\ccs\tools\compiler\ti-cgt-armllvm_4.0.3.LTS\bin\tiarmlnk -IC:\ti\ccs2020\ccs\tools\compiler\ti-cgt-armllvm_4.0.3.LTS\lib -o I2C Target.out -mI2C Target.map -iC:/ti/mspm0_sdk_2_05_00_05/source -iC:/Users/uih32851/workspace_ccstheia/I2C Target -iC:/Users/uih32851/workspace_ccstheia/I2C Target/Debug/syscfg -iC:/ti/ccs2020/ccs/tools/compiler/ti-cgt-armllvm_4.0.3.LTS/lib --diag_wrap=off --display_error_number --warn_sections --xml_link_info=I2C Target_linkInfo.xml --rom_model ./i2c_target_rw_multibyte_fifo_poll.o ./ti_msp_dl_config.o ./startup_mspm0l130x_ticlang.o -l./device_linker.cmd -ldevice.cmd.genlibs -llibc.a --start-group -llibc++.a -llibc++abi.a -llibc.a -llibsys.a -llibsysbm.a -llibclang_rt.builtins.a -llibclang_rt.profile.a --end-group --cg_opt_level=2</command_line>
   <link_time>0x685e5621</link_time>
   <link_errors>0x0</link_errors>
   <output_file>C:\Users\uih32851\workspace_ccstheia\I2C Target\Debug\I2C Target.out</output_file>
   <entry_point>
      <name>_c_int00_noargs</name>
      <address>0xa81</address>
   </entry_point>
   <input_file_list>
      <input_file id="fl-1">
         <path>C:\Users\uih32851\workspace_ccstheia\I2C Target\Debug\.\</path>
         <kind>object</kind>
         <file>i2c_target_rw_multibyte_fifo_poll.o</file>
         <name>i2c_target_rw_multibyte_fifo_poll.o</name>
      </input_file>
      <input_file id="fl-2">
         <path>C:\Users\uih32851\workspace_ccstheia\I2C Target\Debug\.\</path>
         <kind>object</kind>
         <file>ti_msp_dl_config.o</file>
         <name>ti_msp_dl_config.o</name>
      </input_file>
      <input_file id="fl-3">
         <path>C:\Users\uih32851\workspace_ccstheia\I2C Target\Debug\.\</path>
         <kind>object</kind>
         <file>startup_mspm0l130x_ticlang.o</file>
         <name>startup_mspm0l130x_ticlang.o</name>
      </input_file>
      <input_file id="fl-10">
         <path>C:\Users\uih32851\workspace_ccstheia\I2C Target\Debug\</path>
         <kind>object</kind>
         <file>&lt;internal&gt;</file>
         <name>&lt;internal&gt;</name>
      </input_file>
      <input_file id="fl-11">
         <path>C:\ti\mspm0_sdk_2_05_00_05\source\ti\driverlib\lib\ticlang\m0p\mspm0l11xx_l13xx\</path>
         <kind>archive</kind>
         <file>driverlib.a</file>
         <name>dl_common.o</name>
      </input_file>
      <input_file id="fl-12">
         <path>C:\ti\mspm0_sdk_2_05_00_05\source\ti\driverlib\lib\ticlang\m0p\mspm0l11xx_l13xx\</path>
         <kind>archive</kind>
         <file>driverlib.a</file>
         <name>dl_i2c.o</name>
      </input_file>
      <input_file id="fl-13">
         <path>C:\ti\mspm0_sdk_2_05_00_05\source\ti\driverlib\lib\ticlang\m0p\mspm0l11xx_l13xx\</path>
         <kind>archive</kind>
         <file>driverlib.a</file>
         <name>dl_uart.o</name>
      </input_file>
      <input_file id="fl-2a">
         <path>C:\ti\ccs2020\ccs\tools\compiler\ti-cgt-armllvm_4.0.3.LTS\lib\armv6m-ti-none-eabi\c\</path>
         <kind>archive</kind>
         <file>libc.a</file>
         <name>sprintf.c.obj</name>
      </input_file>
      <input_file id="fl-2b">
         <path>C:\ti\ccs2020\ccs\tools\compiler\ti-cgt-armllvm_4.0.3.LTS\lib\armv6m-ti-none-eabi\c\</path>
         <kind>archive</kind>
         <file>libc.a</file>
         <name>boot_cortex_m.c.obj</name>
      </input_file>
      <input_file id="fl-2c">
         <path>C:\ti\ccs2020\ccs\tools\compiler\ti-cgt-armllvm_4.0.3.LTS\lib\armv6m-ti-none-eabi\c\</path>
         <kind>archive</kind>
         <file>libc.a</file>
         <name>mathacl_init.c.obj</name>
      </input_file>
      <input_file id="fl-2d">
         <path>C:\ti\ccs2020\ccs\tools\compiler\ti-cgt-armllvm_4.0.3.LTS\lib\armv6m-ti-none-eabi\c\</path>
         <kind>archive</kind>
         <file>libc.a</file>
         <name>autoinit.c.obj</name>
      </input_file>
      <input_file id="fl-2e">
         <path>C:\ti\ccs2020\ccs\tools\compiler\ti-cgt-armllvm_4.0.3.LTS\lib\armv6m-ti-none-eabi\c\</path>
         <kind>archive</kind>
         <file>libc.a</file>
         <name>pre_init.c.obj</name>
      </input_file>
      <input_file id="fl-2f">
         <path>C:\ti\ccs2020\ccs\tools\compiler\ti-cgt-armllvm_4.0.3.LTS\lib\armv6m-ti-none-eabi\c\</path>
         <kind>archive</kind>
         <file>libc.a</file>
         <name>cpy_tbl.c.obj</name>
      </input_file>
      <input_file id="fl-30">
         <path>C:\ti\ccs2020\ccs\tools\compiler\ti-cgt-armllvm_4.0.3.LTS\lib\armv6m-ti-none-eabi\c\</path>
         <kind>archive</kind>
         <file>libc.a</file>
         <name>copy_zero_init.c.obj</name>
      </input_file>
      <input_file id="fl-31">
         <path>C:\ti\ccs2020\ccs\tools\compiler\ti-cgt-armllvm_4.0.3.LTS\lib\armv6m-ti-none-eabi\c\</path>
         <kind>archive</kind>
         <file>libc.a</file>
         <name>copy_decompress_none.c.obj</name>
      </input_file>
      <input_file id="fl-32">
         <path>C:\ti\ccs2020\ccs\tools\compiler\ti-cgt-armllvm_4.0.3.LTS\lib\armv6m-ti-none-eabi\c\</path>
         <kind>archive</kind>
         <file>libc.a</file>
         <name>copy_decompress_lzss.c.obj</name>
      </input_file>
      <input_file id="fl-33">
         <path>C:\ti\ccs2020\ccs\tools\compiler\ti-cgt-armllvm_4.0.3.LTS\lib\armv6m-ti-none-eabi\c\</path>
         <kind>archive</kind>
         <file>libc.a</file>
         <name>_printfi.c.obj</name>
      </input_file>
      <input_file id="fl-34">
         <path>C:\ti\ccs2020\ccs\tools\compiler\ti-cgt-armllvm_4.0.3.LTS\lib\armv6m-ti-none-eabi\c\</path>
         <kind>archive</kind>
         <file>libc.a</file>
         <name>s_frexp.c.obj</name>
      </input_file>
      <input_file id="fl-35">
         <path>C:\ti\ccs2020\ccs\tools\compiler\ti-cgt-armllvm_4.0.3.LTS\lib\armv6m-ti-none-eabi\c\</path>
         <kind>archive</kind>
         <file>libc.a</file>
         <name>s_scalbn.c.obj</name>
      </input_file>
      <input_file id="fl-36">
         <path>C:\ti\ccs2020\ccs\tools\compiler\ti-cgt-armllvm_4.0.3.LTS\lib\armv6m-ti-none-eabi\c\</path>
         <kind>archive</kind>
         <file>libc.a</file>
         <name>wcslen.c.obj</name>
      </input_file>
      <input_file id="fl-37">
         <path>C:\ti\ccs2020\ccs\tools\compiler\ti-cgt-armllvm_4.0.3.LTS\lib\armv6m-ti-none-eabi\c\</path>
         <kind>archive</kind>
         <file>libc.a</file>
         <name>aeabi_portable.c.obj</name>
      </input_file>
      <input_file id="fl-38">
         <path>C:\ti\ccs2020\ccs\tools\compiler\ti-cgt-armllvm_4.0.3.LTS\lib\armv6m-ti-none-eabi\c\</path>
         <kind>archive</kind>
         <file>libc.a</file>
         <name>exit.c.obj</name>
      </input_file>
      <input_file id="fl-39">
         <path>C:\ti\ccs2020\ccs\tools\compiler\ti-cgt-armllvm_4.0.3.LTS\lib\armv6m-ti-none-eabi\c\</path>
         <kind>archive</kind>
         <file>libc.a</file>
         <name>_lock.c.obj</name>
      </input_file>
      <input_file id="fl-3a">
         <path>C:\ti\ccs2020\ccs\tools\compiler\ti-cgt-armllvm_4.0.3.LTS\lib\armv6m-ti-none-eabi\c\</path>
         <kind>archive</kind>
         <file>libc.a</file>
         <name>_ltoa.c.obj</name>
      </input_file>
      <input_file id="fl-3b">
         <path>C:\ti\ccs2020\ccs\tools\compiler\ti-cgt-armllvm_4.0.3.LTS\lib\armv6m-ti-none-eabi\c\</path>
         <kind>archive</kind>
         <file>libc.a</file>
         <name>args_main.c.obj</name>
      </input_file>
      <input_file id="fl-3c">
         <path>C:\ti\ccs2020\ccs\tools\compiler\ti-cgt-armllvm_4.0.3.LTS\lib\armv6m-ti-none-eabi\c\</path>
         <kind>archive</kind>
         <file>libc.a</file>
         <name>assert.c.obj</name>
      </input_file>
      <input_file id="fl-3d">
         <path>C:\ti\ccs2020\ccs\tools\compiler\ti-cgt-armllvm_4.0.3.LTS\lib\armv6m-ti-none-eabi\c\</path>
         <kind>archive</kind>
         <file>libc.a</file>
         <name>atoi.c.obj</name>
      </input_file>
      <input_file id="fl-3e">
         <path>C:\ti\ccs2020\ccs\tools\compiler\ti-cgt-armllvm_4.0.3.LTS\lib\armv6m-ti-none-eabi\c\</path>
         <kind>archive</kind>
         <file>libc.a</file>
         <name>defs.c.obj</name>
      </input_file>
      <input_file id="fl-3f">
         <path>C:\ti\ccs2020\ccs\tools\compiler\ti-cgt-armllvm_4.0.3.LTS\lib\armv6m-ti-none-eabi\c\</path>
         <kind>archive</kind>
         <file>libc.a</file>
         <name>memccpy.c.obj</name>
      </input_file>
      <input_file id="fl-40">
         <path>C:\ti\ccs2020\ccs\tools\compiler\ti-cgt-armllvm_4.0.3.LTS\lib\armv6m-ti-none-eabi\c\</path>
         <kind>archive</kind>
         <file>libc.a</file>
         <name>memory.c.obj</name>
      </input_file>
      <input_file id="fl-41">
         <path>C:\ti\ccs2020\ccs\tools\compiler\ti-cgt-armllvm_4.0.3.LTS\lib\armv6m-ti-none-eabi\c\</path>
         <kind>archive</kind>
         <file>libc.a</file>
         <name>fflush.c.obj</name>
      </input_file>
      <input_file id="fl-42">
         <path>C:\ti\ccs2020\ccs\tools\compiler\ti-cgt-armllvm_4.0.3.LTS\lib\armv6m-ti-none-eabi\c\</path>
         <kind>archive</kind>
         <file>libc.a</file>
         <name>fputs.c.obj</name>
      </input_file>
      <input_file id="fl-43">
         <path>C:\ti\ccs2020\ccs\tools\compiler\ti-cgt-armllvm_4.0.3.LTS\lib\armv6m-ti-none-eabi\c\</path>
         <kind>archive</kind>
         <file>libc.a</file>
         <name>_io_perm.c.obj</name>
      </input_file>
      <input_file id="fl-44">
         <path>C:\ti\ccs2020\ccs\tools\compiler\ti-cgt-armllvm_4.0.3.LTS\lib\armv6m-ti-none-eabi\c\</path>
         <kind>archive</kind>
         <file>libc.a</file>
         <name>setvbuf.c.obj</name>
      </input_file>
      <input_file id="fl-45">
         <path>C:\ti\ccs2020\ccs\tools\compiler\ti-cgt-armllvm_4.0.3.LTS\lib\armv6m-ti-none-eabi\c\</path>
         <kind>archive</kind>
         <file>libc.a</file>
         <name>aeabi_ctype.S.obj</name>
      </input_file>
      <input_file id="fl-46">
         <path>C:\ti\ccs2020\ccs\tools\compiler\ti-cgt-armllvm_4.0.3.LTS\lib\armv6m-ti-none-eabi\c\</path>
         <kind>archive</kind>
         <file>libc.a</file>
         <name>fopen.c.obj</name>
      </input_file>
      <input_file id="fl-47">
         <path>C:\ti\ccs2020\ccs\tools\compiler\ti-cgt-armllvm_4.0.3.LTS\lib\armv6m-ti-none-eabi\c\</path>
         <kind>archive</kind>
         <file>libc.a</file>
         <name>fseek.c.obj</name>
      </input_file>
      <input_file id="fl-48">
         <path>C:\ti\ccs2020\ccs\tools\compiler\ti-cgt-armllvm_4.0.3.LTS\lib\armv6m-ti-none-eabi\c\</path>
         <kind>archive</kind>
         <file>libc.a</file>
         <name>fclose.c.obj</name>
      </input_file>
      <input_file id="fl-e8">
         <path>C:\ti\ccs2020\ccs\tools\compiler\ti-cgt-armllvm_4.0.3.LTS\lib\armv6m-ti-none-eabi\c\</path>
         <kind>archive</kind>
         <file>libsysbm.a</file>
         <name>hostexit.c.obj</name>
      </input_file>
      <input_file id="fl-e9">
         <path>C:\ti\ccs2020\ccs\tools\compiler\ti-cgt-armllvm_4.0.3.LTS\lib\armv6m-ti-none-eabi\c\</path>
         <kind>archive</kind>
         <file>libsysbm.a</file>
         <name>write.c.obj</name>
      </input_file>
      <input_file id="fl-ea">
         <path>C:\ti\ccs2020\ccs\tools\compiler\ti-cgt-armllvm_4.0.3.LTS\lib\armv6m-ti-none-eabi\c\</path>
         <kind>archive</kind>
         <file>libsysbm.a</file>
         <name>host_device.c.obj</name>
      </input_file>
      <input_file id="fl-eb">
         <path>C:\ti\ccs2020\ccs\tools\compiler\ti-cgt-armllvm_4.0.3.LTS\lib\armv6m-ti-none-eabi\c\</path>
         <kind>archive</kind>
         <file>libsysbm.a</file>
         <name>remove.c.obj</name>
      </input_file>
      <input_file id="fl-ec">
         <path>C:\ti\ccs2020\ccs\tools\compiler\ti-cgt-armllvm_4.0.3.LTS\lib\armv6m-ti-none-eabi\c\</path>
         <kind>archive</kind>
         <file>libsysbm.a</file>
         <name>open.c.obj</name>
      </input_file>
      <input_file id="fl-ed">
         <path>C:\ti\ccs2020\ccs\tools\compiler\ti-cgt-armllvm_4.0.3.LTS\lib\armv6m-ti-none-eabi\c\</path>
         <kind>archive</kind>
         <file>libsysbm.a</file>
         <name>lseek.c.obj</name>
      </input_file>
      <input_file id="fl-ee">
         <path>C:\ti\ccs2020\ccs\tools\compiler\ti-cgt-armllvm_4.0.3.LTS\lib\armv6m-ti-none-eabi\c\</path>
         <kind>archive</kind>
         <file>libsysbm.a</file>
         <name>close.c.obj</name>
      </input_file>
      <input_file id="fl-ef">
         <path>C:\ti\ccs2020\ccs\tools\compiler\ti-cgt-armllvm_4.0.3.LTS\lib\armv6m-ti-none-eabi\c\</path>
         <kind>archive</kind>
         <file>libsysbm.a</file>
         <name>unlink.c.obj</name>
      </input_file>
      <input_file id="fl-f0">
         <path>C:\ti\ccs2020\ccs\tools\compiler\ti-cgt-armllvm_4.0.3.LTS\lib\armv6m-ti-none-eabi\c\</path>
         <kind>archive</kind>
         <file>libsysbm.a</file>
         <name>hostclose.c.obj</name>
      </input_file>
      <input_file id="fl-f1">
         <path>C:\ti\ccs2020\ccs\tools\compiler\ti-cgt-armllvm_4.0.3.LTS\lib\armv6m-ti-none-eabi\c\</path>
         <kind>archive</kind>
         <file>libsysbm.a</file>
         <name>hostlseek.c.obj</name>
      </input_file>
      <input_file id="fl-f2">
         <path>C:\ti\ccs2020\ccs\tools\compiler\ti-cgt-armllvm_4.0.3.LTS\lib\armv6m-ti-none-eabi\c\</path>
         <kind>archive</kind>
         <file>libsysbm.a</file>
         <name>hostopen.c.obj</name>
      </input_file>
      <input_file id="fl-f3">
         <path>C:\ti\ccs2020\ccs\tools\compiler\ti-cgt-armllvm_4.0.3.LTS\lib\armv6m-ti-none-eabi\c\</path>
         <kind>archive</kind>
         <file>libsysbm.a</file>
         <name>hostread.c.obj</name>
      </input_file>
      <input_file id="fl-f4">
         <path>C:\ti\ccs2020\ccs\tools\compiler\ti-cgt-armllvm_4.0.3.LTS\lib\armv6m-ti-none-eabi\c\</path>
         <kind>archive</kind>
         <file>libsysbm.a</file>
         <name>hostrename.c.obj</name>
      </input_file>
      <input_file id="fl-f5">
         <path>C:\ti\ccs2020\ccs\tools\compiler\ti-cgt-armllvm_4.0.3.LTS\lib\armv6m-ti-none-eabi\c\</path>
         <kind>archive</kind>
         <file>libsysbm.a</file>
         <name>hostunlink.c.obj</name>
      </input_file>
      <input_file id="fl-f6">
         <path>C:\ti\ccs2020\ccs\tools\compiler\ti-cgt-armllvm_4.0.3.LTS\lib\armv6m-ti-none-eabi\c\</path>
         <kind>archive</kind>
         <file>libsysbm.a</file>
         <name>hostwrite.c.obj</name>
      </input_file>
      <input_file id="fl-f7">
         <path>C:\ti\ccs2020\ccs\tools\compiler\ti-cgt-armllvm_4.0.3.LTS\lib\armv6m-ti-none-eabi\c\</path>
         <kind>archive</kind>
         <file>libsysbm.a</file>
         <name>trgmsg.c.obj</name>
      </input_file>
      <input_file id="fl-f8">
         <path>C:\ti\ccs2020\ccs\tools\compiler\ti-cgt-armllvm_4.0.3.LTS\lib\armv6m-ti-none-eabi\</path>
         <kind>archive</kind>
         <file>libclang_rt.builtins.a</file>
         <name>adddf3.S.obj</name>
      </input_file>
      <input_file id="fl-f9">
         <path>C:\ti\ccs2020\ccs\tools\compiler\ti-cgt-armllvm_4.0.3.LTS\lib\armv6m-ti-none-eabi\</path>
         <kind>archive</kind>
         <file>libclang_rt.builtins.a</file>
         <name>muldf3.S.obj</name>
      </input_file>
      <input_file id="fl-fa">
         <path>C:\ti\ccs2020\ccs\tools\compiler\ti-cgt-armllvm_4.0.3.LTS\lib\armv6m-ti-none-eabi\</path>
         <kind>archive</kind>
         <file>libclang_rt.builtins.a</file>
         <name>muldsi3.S.obj</name>
      </input_file>
      <input_file id="fl-fb">
         <path>C:\ti\ccs2020\ccs\tools\compiler\ti-cgt-armllvm_4.0.3.LTS\lib\armv6m-ti-none-eabi\</path>
         <kind>archive</kind>
         <file>libclang_rt.builtins.a</file>
         <name>divdf3.S.obj</name>
      </input_file>
      <input_file id="fl-fc">
         <path>C:\ti\ccs2020\ccs\tools\compiler\ti-cgt-armllvm_4.0.3.LTS\lib\armv6m-ti-none-eabi\</path>
         <kind>archive</kind>
         <file>libclang_rt.builtins.a</file>
         <name>fixdfsi.S.obj</name>
      </input_file>
      <input_file id="fl-fd">
         <path>C:\ti\ccs2020\ccs\tools\compiler\ti-cgt-armllvm_4.0.3.LTS\lib\armv6m-ti-none-eabi\</path>
         <kind>archive</kind>
         <file>libclang_rt.builtins.a</file>
         <name>floatsidf.S.obj</name>
      </input_file>
      <input_file id="fl-fe">
         <path>C:\ti\ccs2020\ccs\tools\compiler\ti-cgt-armllvm_4.0.3.LTS\lib\armv6m-ti-none-eabi\</path>
         <kind>archive</kind>
         <file>libclang_rt.builtins.a</file>
         <name>muldi3.S.obj</name>
      </input_file>
      <input_file id="fl-ff">
         <path>C:\ti\ccs2020\ccs\tools\compiler\ti-cgt-armllvm_4.0.3.LTS\lib\armv6m-ti-none-eabi\</path>
         <kind>archive</kind>
         <file>libclang_rt.builtins.a</file>
         <name>aeabi_dcmp.S.obj</name>
      </input_file>
      <input_file id="fl-100">
         <path>C:\ti\ccs2020\ccs\tools\compiler\ti-cgt-armllvm_4.0.3.LTS\lib\armv6m-ti-none-eabi\</path>
         <kind>archive</kind>
         <file>libclang_rt.builtins.a</file>
         <name>aeabi_idivmod.S.obj</name>
      </input_file>
      <input_file id="fl-101">
         <path>C:\ti\ccs2020\ccs\tools\compiler\ti-cgt-armllvm_4.0.3.LTS\lib\armv6m-ti-none-eabi\</path>
         <kind>archive</kind>
         <file>libclang_rt.builtins.a</file>
         <name>aeabi_memcpy.S.obj</name>
      </input_file>
      <input_file id="fl-102">
         <path>C:\ti\ccs2020\ccs\tools\compiler\ti-cgt-armllvm_4.0.3.LTS\lib\armv6m-ti-none-eabi\</path>
         <kind>archive</kind>
         <file>libclang_rt.builtins.a</file>
         <name>aeabi_memset.S.obj</name>
      </input_file>
      <input_file id="fl-103">
         <path>C:\ti\ccs2020\ccs\tools\compiler\ti-cgt-armllvm_4.0.3.LTS\lib\armv6m-ti-none-eabi\</path>
         <kind>archive</kind>
         <file>libclang_rt.builtins.a</file>
         <name>aeabi_uidivmod.S.obj</name>
      </input_file>
      <input_file id="fl-104">
         <path>C:\ti\ccs2020\ccs\tools\compiler\ti-cgt-armllvm_4.0.3.LTS\lib\armv6m-ti-none-eabi\</path>
         <kind>archive</kind>
         <file>libclang_rt.builtins.a</file>
         <name>aeabi_uldivmod.S.obj</name>
      </input_file>
      <input_file id="fl-105">
         <path>C:\ti\ccs2020\ccs\tools\compiler\ti-cgt-armllvm_4.0.3.LTS\lib\armv6m-ti-none-eabi\</path>
         <kind>archive</kind>
         <file>libclang_rt.builtins.a</file>
         <name>udivmoddi4.S.obj</name>
      </input_file>
      <input_file id="fl-106">
         <path>C:\ti\ccs2020\ccs\tools\compiler\ti-cgt-armllvm_4.0.3.LTS\lib\armv6m-ti-none-eabi\</path>
         <kind>archive</kind>
         <file>libclang_rt.builtins.a</file>
         <name>ashldi3.S.obj</name>
      </input_file>
      <input_file id="fl-107">
         <path>C:\ti\ccs2020\ccs\tools\compiler\ti-cgt-armllvm_4.0.3.LTS\lib\armv6m-ti-none-eabi\</path>
         <kind>archive</kind>
         <file>libclang_rt.builtins.a</file>
         <name>comparedf2.c.obj</name>
      </input_file>
      <input_file id="fl-108">
         <path>C:\ti\ccs2020\ccs\tools\compiler\ti-cgt-armllvm_4.0.3.LTS\lib\armv6m-ti-none-eabi\</path>
         <kind>archive</kind>
         <file>libclang_rt.builtins.a</file>
         <name>aeabi_div0.c.obj</name>
      </input_file>
      <input_file id="fl-109">
         <path>C:\ti\ccs2020\ccs\tools\compiler\ti-cgt-armllvm_4.0.3.LTS\lib\armv6m-ti-none-eabi\c\</path>
         <kind>archive</kind>
         <file>libc.a</file>
         <name>getdevice.c.obj</name>
      </input_file>
      <input_file id="fl-10a">
         <path>C:\ti\ccs2020\ccs\tools\compiler\ti-cgt-armllvm_4.0.3.LTS\lib\armv6m-ti-none-eabi\c\</path>
         <kind>archive</kind>
         <file>libc.a</file>
         <name>memcpy16.S.obj</name>
      </input_file>
      <input_file id="fl-10b">
         <path>C:\ti\ccs2020\ccs\tools\compiler\ti-cgt-armllvm_4.0.3.LTS\lib\armv6m-ti-none-eabi\c\</path>
         <kind>archive</kind>
         <file>libc.a</file>
         <name>memset16.S.obj</name>
      </input_file>
      <input_file id="fl-10c">
         <path>C:\ti\ccs2020\ccs\tools\compiler\ti-cgt-armllvm_4.0.3.LTS\lib\armv6m-ti-none-eabi\c\</path>
         <kind>archive</kind>
         <file>libc.a</file>
         <name>strcmp-armv6m.S.obj</name>
      </input_file>
   </input_file_list>
   <object_component_list>
      <object_component id="oc-18">
         <name>.intvecs</name>
         <load_address>0x0</load_address>
         <readonly>true</readonly>
         <run_address>0x0</run_address>
         <size>0xc0</size>
         <alignment>0x4</alignment>
         <input_file_ref idref="fl-3"/>
      </object_component>
      <object_component id="oc-63">
         <name>.text.main</name>
         <load_address>0xc0</load_address>
         <readonly>true</readonly>
         <executable>true</executable>
         <run_address>0xc0</run_address>
         <size>0x2c0</size>
         <alignment>0x4</alignment>
         <input_file_ref idref="fl-1"/>
      </object_component>
      <object_component id="oc-e8">
         <name>.text:__TI_printfi_minimal</name>
         <load_address>0x380</load_address>
         <readonly>true</readonly>
         <executable>true</executable>
         <run_address>0x380</run_address>
         <size>0x284</size>
         <alignment>0x4</alignment>
         <input_file_ref idref="fl-33"/>
      </object_component>
      <object_component id="oc-78">
         <name>.text:memcpy</name>
         <load_address>0x604</load_address>
         <readonly>true</readonly>
         <executable>true</executable>
         <run_address>0x604</run_address>
         <size>0x9a</size>
         <alignment>0x1</alignment>
         <input_file_ref idref="fl-10a"/>
      </object_component>
      <object_component id="oc-33">
         <name>.text.Default_Handler</name>
         <load_address>0x69e</load_address>
         <readonly>true</readonly>
         <executable>true</executable>
         <run_address>0x69e</run_address>
         <size>0x2</size>
         <alignment>0x2</alignment>
         <input_file_ref idref="fl-3"/>
      </object_component>
      <object_component id="oc-1c">
         <name>.text:decompress:lzss</name>
         <load_address>0x6a0</load_address>
         <readonly>true</readonly>
         <executable>true</executable>
         <run_address>0x6a0</run_address>
         <size>0x7c</size>
         <alignment>0x4</alignment>
         <input_file_ref idref="fl-32"/>
      </object_component>
      <object_component id="oc-bb">
         <name>.text.SYSCFG_DL_GPIO_init</name>
         <load_address>0x71c</load_address>
         <readonly>true</readonly>
         <executable>true</executable>
         <run_address>0x71c</run_address>
         <size>0x78</size>
         <alignment>0x4</alignment>
         <input_file_ref idref="fl-2"/>
      </object_component>
      <object_component id="oc-be">
         <name>.text.SYSCFG_DL_I2C_init</name>
         <load_address>0x794</load_address>
         <readonly>true</readonly>
         <executable>true</executable>
         <run_address>0x794</run_address>
         <size>0x64</size>
         <alignment>0x4</alignment>
         <input_file_ref idref="fl-2"/>
      </object_component>
      <object_component id="oc-b9">
         <name>.text:memset</name>
         <load_address>0x7f8</load_address>
         <readonly>true</readonly>
         <executable>true</executable>
         <run_address>0x7f8</run_address>
         <size>0x62</size>
         <alignment>0x1</alignment>
         <input_file_ref idref="fl-10b"/>
      </object_component>
      <object_component id="oc-12b">
         <name>.text.__aeabi_idiv0</name>
         <load_address>0x85a</load_address>
         <readonly>true</readonly>
         <executable>true</executable>
         <run_address>0x85a</run_address>
         <size>0x2</size>
         <alignment>0x2</alignment>
         <input_file_ref idref="fl-108"/>
      </object_component>
      <object_component id="oc-82">
         <name>.text.DL_I2C_fillTargetTXFIFO</name>
         <load_address>0x85c</load_address>
         <readonly>true</readonly>
         <executable>true</executable>
         <run_address>0x85c</run_address>
         <size>0x60</size>
         <alignment>0x4</alignment>
         <input_file_ref idref="fl-12"/>
      </object_component>
      <object_component id="oc-bf">
         <name>.text.SYSCFG_DL_UART_0_init</name>
         <load_address>0x8bc</load_address>
         <readonly>true</readonly>
         <executable>true</executable>
         <run_address>0x8bc</run_address>
         <size>0x60</size>
         <alignment>0x4</alignment>
         <input_file_ref idref="fl-2"/>
      </object_component>
      <object_component id="oc-e5">
         <name>.text.DL_UART_init</name>
         <load_address>0x91c</load_address>
         <readonly>true</readonly>
         <executable>true</executable>
         <run_address>0x91c</run_address>
         <size>0x48</size>
         <alignment>0x4</alignment>
         <input_file_ref idref="fl-13"/>
      </object_component>
      <object_component id="oc-104">
         <name>.text.__aeabi_uidivmod</name>
         <load_address>0x964</load_address>
         <readonly>true</readonly>
         <executable>true</executable>
         <run_address>0x964</run_address>
         <size>0x40</size>
         <alignment>0x4</alignment>
         <input_file_ref idref="fl-103"/>
      </object_component>
      <object_component id="oc-a1">
         <name>.text:__TI_auto_init_nobinit_nopinit</name>
         <load_address>0x9a4</load_address>
         <readonly>true</readonly>
         <executable>true</executable>
         <run_address>0x9a4</run_address>
         <size>0x3c</size>
         <alignment>0x4</alignment>
         <input_file_ref idref="fl-2d"/>
      </object_component>
      <object_component id="oc-8c">
         <name>.text.sprintf</name>
         <load_address>0x9e0</load_address>
         <readonly>true</readonly>
         <executable>true</executable>
         <run_address>0x9e0</run_address>
         <size>0x38</size>
         <alignment>0x4</alignment>
         <input_file_ref idref="fl-2a"/>
      </object_component>
      <object_component id="oc-bd">
         <name>.text.SYSCFG_DL_SYSCTL_init</name>
         <load_address>0xa18</load_address>
         <readonly>true</readonly>
         <executable>true</executable>
         <run_address>0xa18</run_address>
         <size>0x34</size>
         <alignment>0x4</alignment>
         <input_file_ref idref="fl-2"/>
      </object_component>
      <object_component id="oc-ba">
         <name>.text.SYSCFG_DL_initPower</name>
         <load_address>0xa4c</load_address>
         <readonly>true</readonly>
         <executable>true</executable>
         <run_address>0xa4c</run_address>
         <size>0x34</size>
         <alignment>0x4</alignment>
         <input_file_ref idref="fl-2"/>
      </object_component>
      <object_component id="oc-4f">
         <name>.text:_c_int00_noargs</name>
         <load_address>0xa80</load_address>
         <readonly>true</readonly>
         <executable>true</executable>
         <run_address>0xa80</run_address>
         <size>0x28</size>
         <alignment>0x4</alignment>
         <input_file_ref idref="fl-2b"/>
      </object_component>
      <object_component id="oc-dd">
         <name>.text.DL_I2C_setClockConfig</name>
         <load_address>0xaa8</load_address>
         <readonly>true</readonly>
         <executable>true</executable>
         <run_address>0xaa8</run_address>
         <size>0x26</size>
         <alignment>0x2</alignment>
         <input_file_ref idref="fl-12"/>
      </object_component>
      <object_component id="oc-ff">
         <name>.text.memccpy</name>
         <load_address>0xace</load_address>
         <readonly>true</readonly>
         <executable>true</executable>
         <run_address>0xace</run_address>
         <size>0x22</size>
         <alignment>0x2</alignment>
         <input_file_ref idref="fl-3f"/>
      </object_component>
      <object_component id="oc-7d">
         <name>.text.SYSCFG_DL_init</name>
         <load_address>0xaf0</load_address>
         <readonly>true</readonly>
         <executable>true</executable>
         <run_address>0xaf0</run_address>
         <size>0x18</size>
         <alignment>0x2</alignment>
         <input_file_ref idref="fl-2"/>
      </object_component>
      <object_component id="oc-c8">
         <name>.text._outs</name>
         <load_address>0xb08</load_address>
         <readonly>true</readonly>
         <executable>true</executable>
         <run_address>0xb08</run_address>
         <size>0x18</size>
         <alignment>0x2</alignment>
         <input_file_ref idref="fl-2a"/>
      </object_component>
      <object_component id="oc-46">
         <name>.text:decompress:ZI:__TI_zero_init_nomemset</name>
         <load_address>0xb20</load_address>
         <readonly>true</readonly>
         <executable>true</executable>
         <run_address>0xb20</run_address>
         <size>0x16</size>
         <alignment>0x2</alignment>
         <input_file_ref idref="fl-30"/>
      </object_component>
      <object_component id="oc-df">
         <name>.text.DL_UART_setClockConfig</name>
         <load_address>0xb36</load_address>
         <readonly>true</readonly>
         <executable>true</executable>
         <run_address>0xb36</run_address>
         <size>0x12</size>
         <alignment>0x2</alignment>
         <input_file_ref idref="fl-13"/>
      </object_component>
      <object_component id="oc-20">
         <name>.text:decompress:none</name>
         <load_address>0xb48</load_address>
         <readonly>true</readonly>
         <executable>true</executable>
         <run_address>0xb48</run_address>
         <size>0x12</size>
         <alignment>0x2</alignment>
         <input_file_ref idref="fl-31"/>
      </object_component>
      <object_component id="oc-fe">
         <name>.text.__aeabi_memset</name>
         <load_address>0xb5c</load_address>
         <readonly>true</readonly>
         <executable>true</executable>
         <run_address>0xb5c</run_address>
         <size>0xe</size>
         <alignment>0x4</alignment>
         <input_file_ref idref="fl-102"/>
      </object_component>
      <object_component id="oc-fd">
         <name>.text.strlen</name>
         <load_address>0xb6a</load_address>
         <readonly>true</readonly>
         <executable>true</executable>
         <run_address>0xb6a</run_address>
         <size>0xe</size>
         <alignment>0x2</alignment>
         <input_file_ref idref="fl-33"/>
      </object_component>
      <object_component id="oc-88">
         <name>.text.DL_Common_delayCycles</name>
         <load_address>0xb78</load_address>
         <readonly>true</readonly>
         <executable>true</executable>
         <run_address>0xb78</run_address>
         <size>0xa</size>
         <alignment>0x2</alignment>
         <input_file_ref idref="fl-11"/>
      </object_component>
      <object_component id="oc-c9">
         <name>.text._outc</name>
         <load_address>0xb82</load_address>
         <readonly>true</readonly>
         <executable>true</executable>
         <run_address>0xb82</run_address>
         <size>0xa</size>
         <alignment>0x2</alignment>
         <input_file_ref idref="fl-2a"/>
      </object_component>
      <object_component id="oc-3f">
         <name>.text.__aeabi_memcpy</name>
         <load_address>0xb8c</load_address>
         <readonly>true</readonly>
         <executable>true</executable>
         <run_address>0xb8c</run_address>
         <size>0x8</size>
         <alignment>0x4</alignment>
         <input_file_ref idref="fl-101"/>
      </object_component>
      <object_component id="oc-9a">
         <name>.text:abort</name>
         <load_address>0xb94</load_address>
         <readonly>true</readonly>
         <executable>true</executable>
         <run_address>0xb94</run_address>
         <size>0x6</size>
         <alignment>0x2</alignment>
         <input_file_ref idref="fl-38"/>
      </object_component>
      <object_component id="oc-cc">
         <name>.text.HOSTexit</name>
         <load_address>0xb9a</load_address>
         <readonly>true</readonly>
         <executable>true</executable>
         <run_address>0xb9a</run_address>
         <size>0x4</size>
         <alignment>0x2</alignment>
         <input_file_ref idref="fl-e8"/>
      </object_component>
      <object_component id="oc-2f">
         <name>.text.Reset_Handler</name>
         <load_address>0xb9e</load_address>
         <readonly>true</readonly>
         <executable>true</executable>
         <run_address>0xb9e</run_address>
         <size>0x4</size>
         <alignment>0x2</alignment>
         <input_file_ref idref="fl-3"/>
      </object_component>
      <object_component id="oc-5f">
         <name>.text._system_pre_init</name>
         <load_address>0xba2</load_address>
         <readonly>true</readonly>
         <executable>true</executable>
         <run_address>0xba2</run_address>
         <size>0x4</size>
         <alignment>0x2</alignment>
         <input_file_ref idref="fl-2e"/>
      </object_component>
      <object_component id="oc-1d8">
         <name>.cinit..data.load</name>
         <load_address>0xbf8</load_address>
         <readonly>true</readonly>
         <run_address>0xbf8</run_address>
         <size>0x10</size>
         <alignment>0x1</alignment>
      </object_component>
      <object_component id="oc-1d6">
         <name>__TI_handler_table</name>
         <load_address>0xc08</load_address>
         <readonly>true</readonly>
         <run_address>0xc08</run_address>
         <size>0xc</size>
         <alignment>0x4</alignment>
      </object_component>
      <object_component id="oc-1d9">
         <name>.cinit..bss.load</name>
         <load_address>0xc14</load_address>
         <readonly>true</readonly>
         <run_address>0xc14</run_address>
         <size>0x8</size>
         <alignment>0x4</alignment>
      </object_component>
      <object_component id="oc-1d7">
         <name>__TI_cinit_table</name>
         <load_address>0xc1c</load_address>
         <readonly>true</readonly>
         <run_address>0xc1c</run_address>
         <size>0x10</size>
         <alignment>0x4</alignment>
      </object_component>
      <object_component id="oc-92">
         <name>.rodata.str1.12422710112567424441.1</name>
         <load_address>0xba8</load_address>
         <readonly>true</readonly>
         <run_address>0xba8</run_address>
         <size>0x13</size>
         <alignment>0x1</alignment>
         <input_file_ref idref="fl-1"/>
      </object_component>
      <object_component id="oc-96">
         <name>.rodata.str1.12028950531459746587.1</name>
         <load_address>0xbbb</load_address>
         <readonly>true</readonly>
         <run_address>0xbbb</run_address>
         <size>0x12</size>
         <alignment>0x1</alignment>
         <input_file_ref idref="fl-1"/>
      </object_component>
      <object_component id="oc-103">
         <name>.rodata.str1.15363888844622738466.1</name>
         <load_address>0xbcd</load_address>
         <readonly>true</readonly>
         <run_address>0xbcd</run_address>
         <size>0x11</size>
         <alignment>0x1</alignment>
         <input_file_ref idref="fl-33"/>
      </object_component>
      <object_component id="oc-e7">
         <name>.rodata.gUART_0Config</name>
         <load_address>0xbde</load_address>
         <readonly>true</readonly>
         <run_address>0xbde</run_address>
         <size>0xa</size>
         <alignment>0x2</alignment>
         <input_file_ref idref="fl-2"/>
      </object_component>
      <object_component id="oc-97">
         <name>.rodata.str1.17616724269442920929.1</name>
         <load_address>0xbe8</load_address>
         <readonly>true</readonly>
         <run_address>0xbe8</run_address>
         <size>0x9</size>
         <alignment>0x1</alignment>
         <input_file_ref idref="fl-1"/>
      </object_component>
      <object_component id="oc-de">
         <name>.rodata.gI2CClockConfig</name>
         <load_address>0xbf1</load_address>
         <readonly>true</readonly>
         <run_address>0xbf1</run_address>
         <size>0x2</size>
         <alignment>0x1</alignment>
         <input_file_ref idref="fl-2"/>
      </object_component>
      <object_component id="oc-e6">
         <name>.rodata.gUART_0ClockConfig</name>
         <load_address>0xbf3</load_address>
         <readonly>true</readonly>
         <run_address>0xbf3</run_address>
         <size>0x2</size>
         <alignment>0x1</alignment>
         <input_file_ref idref="fl-2"/>
      </object_component>
      <object_component id="oc-19e">
         <name>.binit</name>
         <load_address>0x0</load_address>
         <readonly>true</readonly>
         <run_address>0x0</run_address>
         <size>0x0</size>
         <alignment>0x4</alignment>
      </object_component>
      <object_component id="oc-95">
         <name>.data.NUMBER</name>
         <load_address>0x20000008</load_address>
         <readwrite>true</readwrite>
         <run_address>0x20000008</run_address>
         <size>0x4</size>
         <alignment>0x4</alignment>
         <input_file_ref idref="fl-1"/>
      </object_component>
      <object_component id="oc-93">
         <name>.data.gTxPacket</name>
         <load_address>0x20000000</load_address>
         <readwrite>true</readwrite>
         <run_address>0x20000000</run_address>
         <size>0x5</size>
         <alignment>0x1</alignment>
         <input_file_ref idref="fl-1"/>
      </object_component>
      <object_component id="oc-94">
         <name>.common:gRxPacket</name>
         <uninitialized>true</uninitialized>
         <readwrite>true</readwrite>
         <run_address>0x2000000c</run_address>
         <size>0x8</size>
         <alignment>0x1</alignment>
      </object_component>
      <object_component id="oc-1a">
         <name>.stack</name>
         <uninitialized>true</uninitialized>
         <readwrite>true</readwrite>
         <run_address>0x20000f00</run_address>
         <size>0x4</size>
         <alignment>0x4</alignment>
         <input_file_ref idref="fl-2b"/>
      </object_component>
      <object_component id="oc-1db">
         <name>.stack</name>
         <uninitialized>true</uninitialized>
         <readwrite>true</readwrite>
         <run_address>0x20000f00</run_address>
         <size>0x0</size>
         <alignment>0x8</alignment>
      </object_component>
      <object_component id="oc-64">
         <name>.debug_loc</name>
         <load_address>0x0</load_address>
         <run_address>0x0</run_address>
         <size>0x429</size>
         <alignment>0x1</alignment>
         <input_file_ref idref="fl-1"/>
      </object_component>
      <object_component id="oc-bc">
         <name>.debug_loc</name>
         <load_address>0x429</load_address>
         <run_address>0x429</run_address>
         <size>0x30c</size>
         <alignment>0x1</alignment>
         <input_file_ref idref="fl-2"/>
      </object_component>
      <object_component id="oc-c6">
         <name>.debug_loc</name>
         <load_address>0x735</load_address>
         <run_address>0x735</run_address>
         <size>0x13</size>
         <alignment>0x1</alignment>
         <input_file_ref idref="fl-11"/>
      </object_component>
      <object_component id="oc-83">
         <name>.debug_loc</name>
         <load_address>0x748</load_address>
         <run_address>0x748</run_address>
         <size>0x352</size>
         <alignment>0x1</alignment>
         <input_file_ref idref="fl-12"/>
      </object_component>
      <object_component id="oc-e1">
         <name>.debug_loc</name>
         <load_address>0xa9a</load_address>
         <run_address>0xa9a</run_address>
         <size>0x7bc</size>
         <alignment>0x1</alignment>
         <input_file_ref idref="fl-13"/>
      </object_component>
      <object_component id="oc-91">
         <name>.debug_loc</name>
         <load_address>0x1256</load_address>
         <run_address>0x1256</run_address>
         <size>0x136</size>
         <alignment>0x1</alignment>
         <input_file_ref idref="fl-2a"/>
      </object_component>
      <object_component id="oc-3a">
         <name>.debug_loc</name>
         <load_address>0x138c</load_address>
         <run_address>0x138c</run_address>
         <size>0xd8</size>
         <alignment>0x1</alignment>
         <input_file_ref idref="fl-2b"/>
      </object_component>
      <object_component id="oc-a2">
         <name>.debug_loc</name>
         <load_address>0x1464</load_address>
         <run_address>0x1464</run_address>
         <size>0x424</size>
         <alignment>0x1</alignment>
         <input_file_ref idref="fl-2d"/>
      </object_component>
      <object_component id="oc-4b">
         <name>.debug_loc</name>
         <load_address>0x1888</load_address>
         <run_address>0x1888</run_address>
         <size>0x16c</size>
         <alignment>0x1</alignment>
         <input_file_ref idref="fl-30"/>
      </object_component>
      <object_component id="oc-45">
         <name>.debug_loc</name>
         <load_address>0x19f4</load_address>
         <run_address>0x19f4</run_address>
         <size>0x6f</size>
         <alignment>0x1</alignment>
         <input_file_ref idref="fl-31"/>
      </object_component>
      <object_component id="oc-3d">
         <name>.debug_loc</name>
         <load_address>0x1a63</load_address>
         <run_address>0x1a63</run_address>
         <size>0x167</size>
         <alignment>0x1</alignment>
         <input_file_ref idref="fl-32"/>
      </object_component>
      <object_component id="oc-eb">
         <name>.debug_loc</name>
         <load_address>0x1bca</load_address>
         <run_address>0x1bca</run_address>
         <size>0x32d8</size>
         <alignment>0x1</alignment>
         <input_file_ref idref="fl-33"/>
      </object_component>
      <object_component id="oc-a0">
         <name>.debug_loc</name>
         <load_address>0x4ea2</load_address>
         <run_address>0x4ea2</run_address>
         <size>0x26</size>
         <alignment>0x1</alignment>
         <input_file_ref idref="fl-38"/>
      </object_component>
      <object_component id="oc-12a">
         <name>.debug_loc</name>
         <load_address>0x4ec8</load_address>
         <run_address>0x4ec8</run_address>
         <size>0xbf</size>
         <alignment>0x1</alignment>
         <input_file_ref idref="fl-3f"/>
      </object_component>
      <object_component id="oc-177">
         <name>.debug_loc</name>
         <load_address>0x4f87</load_address>
         <run_address>0x4f87</run_address>
         <size>0x20</size>
         <alignment>0x1</alignment>
         <input_file_ref idref="fl-108"/>
      </object_component>
      <object_component id="oc-98">
         <name>.debug_abbrev</name>
         <load_address>0x0</load_address>
         <run_address>0x0</run_address>
         <size>0x1a1</size>
         <alignment>0x1</alignment>
         <input_file_ref idref="fl-1"/>
      </object_component>
      <object_component id="oc-c0">
         <name>.debug_abbrev</name>
         <load_address>0x1a1</load_address>
         <run_address>0x1a1</run_address>
         <size>0x1ec</size>
         <alignment>0x1</alignment>
         <input_file_ref idref="fl-2"/>
      </object_component>
      <object_component id="oc-34">
         <name>.debug_abbrev</name>
         <load_address>0x38d</load_address>
         <run_address>0x38d</run_address>
         <size>0x6d</size>
         <alignment>0x1</alignment>
         <input_file_ref idref="fl-3"/>
      </object_component>
      <object_component id="oc-c4">
         <name>.debug_abbrev</name>
         <load_address>0x3fa</load_address>
         <run_address>0x3fa</run_address>
         <size>0x62</size>
         <alignment>0x1</alignment>
         <input_file_ref idref="fl-11"/>
      </object_component>
      <object_component id="oc-c2">
         <name>.debug_abbrev</name>
         <load_address>0x45c</load_address>
         <run_address>0x45c</run_address>
         <size>0x1e7</size>
         <alignment>0x1</alignment>
         <input_file_ref idref="fl-12"/>
      </object_component>
      <object_component id="oc-fb">
         <name>.debug_abbrev</name>
         <load_address>0x643</load_address>
         <run_address>0x643</run_address>
         <size>0x29b</size>
         <alignment>0x1</alignment>
         <input_file_ref idref="fl-13"/>
      </object_component>
      <object_component id="oc-ca">
         <name>.debug_abbrev</name>
         <load_address>0x8de</load_address>
         <run_address>0x8de</run_address>
         <size>0xe1</size>
         <alignment>0x1</alignment>
         <input_file_ref idref="fl-2a"/>
      </object_component>
      <object_component id="oc-36">
         <name>.debug_abbrev</name>
         <load_address>0x9bf</load_address>
         <run_address>0x9bf</run_address>
         <size>0xaf</size>
         <alignment>0x1</alignment>
         <input_file_ref idref="fl-2b"/>
      </object_component>
      <object_component id="oc-d6">
         <name>.debug_abbrev</name>
         <load_address>0xa6e</load_address>
         <run_address>0xa6e</run_address>
         <size>0x170</size>
         <alignment>0x1</alignment>
         <input_file_ref idref="fl-2d"/>
      </object_component>
      <object_component id="oc-7b">
         <name>.debug_abbrev</name>
         <load_address>0xbde</load_address>
         <run_address>0xbde</run_address>
         <size>0x39</size>
         <alignment>0x1</alignment>
         <input_file_ref idref="fl-2e"/>
      </object_component>
      <object_component id="oc-58">
         <name>.debug_abbrev</name>
         <load_address>0xc17</load_address>
         <run_address>0xc17</run_address>
         <size>0xc2</size>
         <alignment>0x1</alignment>
         <input_file_ref idref="fl-30"/>
      </object_component>
      <object_component id="oc-43">
         <name>.debug_abbrev</name>
         <load_address>0xcd9</load_address>
         <run_address>0xcd9</run_address>
         <size>0x70</size>
         <alignment>0x1</alignment>
         <input_file_ref idref="fl-31"/>
      </object_component>
      <object_component id="oc-3b">
         <name>.debug_abbrev</name>
         <load_address>0xd49</load_address>
         <run_address>0xd49</run_address>
         <size>0x8d</size>
         <alignment>0x1</alignment>
         <input_file_ref idref="fl-32"/>
      </object_component>
      <object_component id="oc-108">
         <name>.debug_abbrev</name>
         <load_address>0xdd6</load_address>
         <run_address>0xdd6</run_address>
         <size>0x2a3</size>
         <alignment>0x1</alignment>
         <input_file_ref idref="fl-33"/>
      </object_component>
      <object_component id="oc-d0">
         <name>.debug_abbrev</name>
         <load_address>0x1079</load_address>
         <run_address>0x1079</run_address>
         <size>0x98</size>
         <alignment>0x1</alignment>
         <input_file_ref idref="fl-38"/>
      </object_component>
      <object_component id="oc-128">
         <name>.debug_abbrev</name>
         <load_address>0x1111</load_address>
         <run_address>0x1111</run_address>
         <size>0x8b</size>
         <alignment>0x1</alignment>
         <input_file_ref idref="fl-3f"/>
      </object_component>
      <object_component id="oc-f0">
         <name>.debug_abbrev</name>
         <load_address>0x119c</load_address>
         <run_address>0x119c</run_address>
         <size>0x2c</size>
         <alignment>0x1</alignment>
         <input_file_ref idref="fl-e8"/>
      </object_component>
      <object_component id="oc-57">
         <name>.debug_abbrev</name>
         <load_address>0x11c8</load_address>
         <run_address>0x11c8</run_address>
         <size>0x27</size>
         <alignment>0x1</alignment>
         <input_file_ref idref="fl-101"/>
      </object_component>
      <object_component id="oc-7a">
         <name>.debug_abbrev</name>
         <load_address>0x11ef</load_address>
         <run_address>0x11ef</run_address>
         <size>0x25</size>
         <alignment>0x1</alignment>
         <input_file_ref idref="fl-102"/>
      </object_component>
      <object_component id="oc-130">
         <name>.debug_abbrev</name>
         <load_address>0x1214</load_address>
         <run_address>0x1214</run_address>
         <size>0x27</size>
         <alignment>0x1</alignment>
         <input_file_ref idref="fl-103"/>
      </object_component>
      <object_component id="oc-175">
         <name>.debug_abbrev</name>
         <load_address>0x123b</load_address>
         <run_address>0x123b</run_address>
         <size>0x59</size>
         <alignment>0x1</alignment>
         <input_file_ref idref="fl-108"/>
      </object_component>
      <object_component id="oc-b3">
         <name>.debug_abbrev</name>
         <load_address>0x1294</load_address>
         <run_address>0x1294</run_address>
         <size>0x25</size>
         <alignment>0x1</alignment>
         <input_file_ref idref="fl-10a"/>
      </object_component>
      <object_component id="oc-dc">
         <name>.debug_abbrev</name>
         <load_address>0x12b9</load_address>
         <run_address>0x12b9</run_address>
         <size>0x25</size>
         <alignment>0x1</alignment>
         <input_file_ref idref="fl-10b"/>
      </object_component>
      <object_component id="oc-1dd">
         <name>.debug_abbrev</name>
         <load_address>0x12de</load_address>
         <run_address>0x12de</run_address>
         <size>0xf</size>
         <alignment>0x0</alignment>
      </object_component>
      <object_component id="oc-66">
         <name>.debug_info</name>
         <load_address>0x0</load_address>
         <run_address>0x0</run_address>
         <size>0x1404</size>
         <alignment>0x1</alignment>
         <input_file_ref idref="fl-1"/>
      </object_component>
      <object_component id="oc-80">
         <name>.debug_info</name>
         <load_address>0x1404</load_address>
         <run_address>0x1404</run_address>
         <size>0x23b5</size>
         <alignment>0x1</alignment>
         <input_file_ref idref="fl-2"/>
      </object_component>
      <object_component id="oc-19">
         <name>.debug_info</name>
         <load_address>0x37b9</load_address>
         <run_address>0x37b9</run_address>
         <size>0x80</size>
         <alignment>0x1</alignment>
         <input_file_ref idref="fl-3"/>
      </object_component>
      <object_component id="oc-89">
         <name>.debug_info</name>
         <load_address>0x3839</load_address>
         <run_address>0x3839</run_address>
         <size>0x75</size>
         <alignment>0x1</alignment>
         <input_file_ref idref="fl-11"/>
      </object_component>
      <object_component id="oc-84">
         <name>.debug_info</name>
         <load_address>0x38ae</load_address>
         <run_address>0x38ae</run_address>
         <size>0xcc2</size>
         <alignment>0x1</alignment>
         <input_file_ref idref="fl-12"/>
      </object_component>
      <object_component id="oc-e4">
         <name>.debug_info</name>
         <load_address>0x4570</load_address>
         <run_address>0x4570</run_address>
         <size>0x12a6</size>
         <alignment>0x1</alignment>
         <input_file_ref idref="fl-13"/>
      </object_component>
      <object_component id="oc-90">
         <name>.debug_info</name>
         <load_address>0x5816</load_address>
         <run_address>0x5816</run_address>
         <size>0x165</size>
         <alignment>0x1</alignment>
         <input_file_ref idref="fl-2a"/>
      </object_component>
      <object_component id="oc-1b">
         <name>.debug_info</name>
         <load_address>0x597b</load_address>
         <run_address>0x597b</run_address>
         <size>0x423</size>
         <alignment>0x1</alignment>
         <input_file_ref idref="fl-2b"/>
      </object_component>
      <object_component id="oc-a5">
         <name>.debug_info</name>
         <load_address>0x5d9e</load_address>
         <run_address>0x5d9e</run_address>
         <size>0x744</size>
         <alignment>0x1</alignment>
         <input_file_ref idref="fl-2d"/>
      </object_component>
      <object_component id="oc-60">
         <name>.debug_info</name>
         <load_address>0x64e2</load_address>
         <run_address>0x64e2</run_address>
         <size>0x46</size>
         <alignment>0x1</alignment>
         <input_file_ref idref="fl-2e"/>
      </object_component>
      <object_component id="oc-47">
         <name>.debug_info</name>
         <load_address>0x6528</load_address>
         <run_address>0x6528</run_address>
         <size>0x192</size>
         <alignment>0x1</alignment>
         <input_file_ref idref="fl-30"/>
      </object_component>
      <object_component id="oc-21">
         <name>.debug_info</name>
         <load_address>0x66ba</load_address>
         <run_address>0x66ba</run_address>
         <size>0xc6</size>
         <alignment>0x1</alignment>
         <input_file_ref idref="fl-31"/>
      </object_component>
      <object_component id="oc-1e">
         <name>.debug_info</name>
         <load_address>0x6780</load_address>
         <run_address>0x6780</run_address>
         <size>0x17c</size>
         <alignment>0x1</alignment>
         <input_file_ref idref="fl-32"/>
      </object_component>
      <object_component id="oc-ea">
         <name>.debug_info</name>
         <load_address>0x68fc</load_address>
         <run_address>0x68fc</run_address>
         <size>0x1f24</size>
         <alignment>0x1</alignment>
         <input_file_ref idref="fl-33"/>
      </object_component>
      <object_component id="oc-9b">
         <name>.debug_info</name>
         <load_address>0x8820</load_address>
         <run_address>0x8820</run_address>
         <size>0xf8</size>
         <alignment>0x1</alignment>
         <input_file_ref idref="fl-38"/>
      </object_component>
      <object_component id="oc-100">
         <name>.debug_info</name>
         <load_address>0x8918</load_address>
         <run_address>0x8918</run_address>
         <size>0xce</size>
         <alignment>0x1</alignment>
         <input_file_ref idref="fl-3f"/>
      </object_component>
      <object_component id="oc-cd">
         <name>.debug_info</name>
         <load_address>0x89e6</load_address>
         <run_address>0x89e6</run_address>
         <size>0x3b</size>
         <alignment>0x1</alignment>
         <input_file_ref idref="fl-e8"/>
      </object_component>
      <object_component id="oc-41">
         <name>.debug_info</name>
         <load_address>0x8a21</load_address>
         <run_address>0x8a21</run_address>
         <size>0x199</size>
         <alignment>0x1</alignment>
         <input_file_ref idref="fl-101"/>
      </object_component>
      <object_component id="oc-5b">
         <name>.debug_info</name>
         <load_address>0x8bba</load_address>
         <run_address>0x8bba</run_address>
         <size>0x1b5</size>
         <alignment>0x1</alignment>
         <input_file_ref idref="fl-102"/>
      </object_component>
      <object_component id="oc-105">
         <name>.debug_info</name>
         <load_address>0x8d6f</load_address>
         <run_address>0x8d6f</run_address>
         <size>0x1bc</size>
         <alignment>0x1</alignment>
         <input_file_ref idref="fl-103"/>
      </object_component>
      <object_component id="oc-12d">
         <name>.debug_info</name>
         <load_address>0x8f2b</load_address>
         <run_address>0x8f2b</run_address>
         <size>0x85</size>
         <alignment>0x1</alignment>
         <input_file_ref idref="fl-108"/>
      </object_component>
      <object_component id="oc-77">
         <name>.debug_info</name>
         <load_address>0x8fb0</load_address>
         <run_address>0x8fb0</run_address>
         <size>0x2fa</size>
         <alignment>0x1</alignment>
         <input_file_ref idref="fl-10a"/>
      </object_component>
      <object_component id="oc-b5">
         <name>.debug_info</name>
         <load_address>0x92aa</load_address>
         <run_address>0x92aa</run_address>
         <size>0x244</size>
         <alignment>0x1</alignment>
         <input_file_ref idref="fl-10b"/>
      </object_component>
      <object_component id="oc-1dc">
         <name>.debug_info</name>
         <load_address>0x94ee</load_address>
         <run_address>0x94ee</run_address>
         <size>0xa9</size>
         <alignment>0x0</alignment>
      </object_component>
      <object_component id="oc-65">
         <name>.debug_ranges</name>
         <load_address>0x0</load_address>
         <run_address>0x0</run_address>
         <size>0x328</size>
         <alignment>0x1</alignment>
         <input_file_ref idref="fl-1"/>
      </object_component>
      <object_component id="oc-81">
         <name>.debug_ranges</name>
         <load_address>0x328</load_address>
         <run_address>0x328</run_address>
         <size>0x38</size>
         <alignment>0x1</alignment>
         <input_file_ref idref="fl-2"/>
      </object_component>
      <object_component id="oc-30">
         <name>.debug_ranges</name>
         <load_address>0x360</load_address>
         <run_address>0x360</run_address>
         <size>0x18</size>
         <alignment>0x1</alignment>
         <input_file_ref idref="fl-3"/>
      </object_component>
      <object_component id="oc-85">
         <name>.debug_ranges</name>
         <load_address>0x378</load_address>
         <run_address>0x378</run_address>
         <size>0x1d8</size>
         <alignment>0x1</alignment>
         <input_file_ref idref="fl-12"/>
      </object_component>
      <object_component id="oc-e0">
         <name>.debug_ranges</name>
         <load_address>0x550</load_address>
         <run_address>0x550</run_address>
         <size>0x1a8</size>
         <alignment>0x1</alignment>
         <input_file_ref idref="fl-13"/>
      </object_component>
      <object_component id="oc-8e">
         <name>.debug_ranges</name>
         <load_address>0x6f8</load_address>
         <run_address>0x6f8</run_address>
         <size>0x20</size>
         <alignment>0x1</alignment>
         <input_file_ref idref="fl-2a"/>
      </object_component>
      <object_component id="oc-39">
         <name>.debug_ranges</name>
         <load_address>0x718</load_address>
         <run_address>0x718</run_address>
         <size>0x48</size>
         <alignment>0x1</alignment>
         <input_file_ref idref="fl-2b"/>
      </object_component>
      <object_component id="oc-a3">
         <name>.debug_ranges</name>
         <load_address>0x760</load_address>
         <run_address>0x760</run_address>
         <size>0x48</size>
         <alignment>0x1</alignment>
         <input_file_ref idref="fl-2d"/>
      </object_component>
      <object_component id="oc-4a">
         <name>.debug_ranges</name>
         <load_address>0x7a8</load_address>
         <run_address>0x7a8</run_address>
         <size>0x18</size>
         <alignment>0x1</alignment>
         <input_file_ref idref="fl-30"/>
      </object_component>
      <object_component id="oc-3e">
         <name>.debug_ranges</name>
         <load_address>0x7c0</load_address>
         <run_address>0x7c0</run_address>
         <size>0x50</size>
         <alignment>0x1</alignment>
         <input_file_ref idref="fl-32"/>
      </object_component>
      <object_component id="oc-ec">
         <name>.debug_ranges</name>
         <load_address>0x810</load_address>
         <run_address>0x810</run_address>
         <size>0x178</size>
         <alignment>0x1</alignment>
         <input_file_ref idref="fl-33"/>
      </object_component>
      <object_component id="oc-9d">
         <name>.debug_ranges</name>
         <load_address>0x988</load_address>
         <run_address>0x988</run_address>
         <size>0x18</size>
         <alignment>0x1</alignment>
         <input_file_ref idref="fl-38"/>
      </object_component>
      <object_component id="oc-5d">
         <name>.debug_ranges</name>
         <load_address>0x9a0</load_address>
         <run_address>0x9a0</run_address>
         <size>0x28</size>
         <alignment>0x1</alignment>
         <input_file_ref idref="fl-102"/>
      </object_component>
      <object_component id="oc-12e">
         <name>.debug_ranges</name>
         <load_address>0x9c8</load_address>
         <run_address>0x9c8</run_address>
         <size>0x18</size>
         <alignment>0x1</alignment>
         <input_file_ref idref="fl-108"/>
      </object_component>
      <object_component id="oc-76">
         <name>.debug_ranges</name>
         <load_address>0x9e0</load_address>
         <run_address>0x9e0</run_address>
         <size>0x28</size>
         <alignment>0x1</alignment>
         <input_file_ref idref="fl-10a"/>
      </object_component>
      <object_component id="oc-b8">
         <name>.debug_ranges</name>
         <load_address>0xa08</load_address>
         <run_address>0xa08</run_address>
         <size>0x28</size>
         <alignment>0x1</alignment>
         <input_file_ref idref="fl-10b"/>
      </object_component>
      <object_component id="oc-99">
         <name>.debug_str</name>
         <load_address>0x0</load_address>
         <run_address>0x0</run_address>
         <size>0x7fc</size>
         <alignment>0x1</alignment>
         <input_file_ref idref="fl-1"/>
      </object_component>
      <object_component id="oc-c1">
         <name>.debug_str</name>
         <load_address>0x7fc</load_address>
         <run_address>0x7fc</run_address>
         <size>0x18cc</size>
         <alignment>0x1</alignment>
         <input_file_ref idref="fl-2"/>
      </object_component>
      <object_component id="oc-35">
         <name>.debug_str</name>
         <load_address>0x20c8</load_address>
         <run_address>0x20c8</run_address>
         <size>0x160</size>
         <alignment>0x1</alignment>
         <input_file_ref idref="fl-3"/>
      </object_component>
      <object_component id="oc-c5">
         <name>.debug_str</name>
         <load_address>0x2228</load_address>
         <run_address>0x2228</run_address>
         <size>0x177</size>
         <alignment>0x1</alignment>
         <input_file_ref idref="fl-11"/>
      </object_component>
      <object_component id="oc-c3">
         <name>.debug_str</name>
         <load_address>0x239f</load_address>
         <run_address>0x239f</run_address>
         <size>0x8b9</size>
         <alignment>0x1</alignment>
         <input_file_ref idref="fl-12"/>
      </object_component>
      <object_component id="oc-fc">
         <name>.debug_str</name>
         <load_address>0x2c58</load_address>
         <run_address>0x2c58</run_address>
         <size>0xced</size>
         <alignment>0x1</alignment>
         <input_file_ref idref="fl-13"/>
      </object_component>
      <object_component id="oc-cb">
         <name>.debug_str</name>
         <load_address>0x3945</load_address>
         <run_address>0x3945</run_address>
         <size>0x164</size>
         <alignment>0x1</alignment>
         <input_file_ref idref="fl-2a"/>
      </object_component>
      <object_component id="oc-37">
         <name>.debug_str</name>
         <load_address>0x3aa9</load_address>
         <run_address>0x3aa9</run_address>
         <size>0x225</size>
         <alignment>0x1</alignment>
         <input_file_ref idref="fl-2b"/>
      </object_component>
      <object_component id="oc-d7">
         <name>.debug_str</name>
         <load_address>0x3cce</load_address>
         <run_address>0x3cce</run_address>
         <size>0x32f</size>
         <alignment>0x1</alignment>
         <input_file_ref idref="fl-2d"/>
      </object_component>
      <object_component id="oc-7c">
         <name>.debug_str</name>
         <load_address>0x3ffd</load_address>
         <run_address>0x3ffd</run_address>
         <size>0xf5</size>
         <alignment>0x1</alignment>
         <input_file_ref idref="fl-2e"/>
      </object_component>
      <object_component id="oc-59">
         <name>.debug_str</name>
         <load_address>0x40f2</load_address>
         <run_address>0x40f2</run_address>
         <size>0x19b</size>
         <alignment>0x1</alignment>
         <input_file_ref idref="fl-30"/>
      </object_component>
      <object_component id="oc-44">
         <name>.debug_str</name>
         <load_address>0x428d</load_address>
         <run_address>0x428d</run_address>
         <size>0x168</size>
         <alignment>0x1</alignment>
         <input_file_ref idref="fl-31"/>
      </object_component>
      <object_component id="oc-3c">
         <name>.debug_str</name>
         <load_address>0x43f5</load_address>
         <run_address>0x43f5</run_address>
         <size>0x1d5</size>
         <alignment>0x1</alignment>
         <input_file_ref idref="fl-32"/>
      </object_component>
      <object_component id="oc-109">
         <name>.debug_str</name>
         <load_address>0x45ca</load_address>
         <run_address>0x45ca</run_address>
         <size>0x8f9</size>
         <alignment>0x1</alignment>
         <input_file_ref idref="fl-33"/>
      </object_component>
      <object_component id="oc-d1">
         <name>.debug_str</name>
         <load_address>0x4ec3</load_address>
         <run_address>0x4ec3</run_address>
         <size>0x148</size>
         <alignment>0x1</alignment>
         <input_file_ref idref="fl-38"/>
      </object_component>
      <object_component id="oc-129">
         <name>.debug_str</name>
         <load_address>0x500b</load_address>
         <run_address>0x500b</run_address>
         <size>0x127</size>
         <alignment>0x1</alignment>
         <input_file_ref idref="fl-3f"/>
      </object_component>
      <object_component id="oc-f1">
         <name>.debug_str</name>
         <load_address>0x5132</load_address>
         <run_address>0x5132</run_address>
         <size>0xe9</size>
         <alignment>0x1</alignment>
         <input_file_ref idref="fl-e8"/>
      </object_component>
      <object_component id="oc-176">
         <name>.debug_str</name>
         <load_address>0x521b</load_address>
         <run_address>0x521b</run_address>
         <size>0x193</size>
         <alignment>0x1</alignment>
         <input_file_ref idref="fl-108"/>
      </object_component>
      <object_component id="oc-67">
         <name>.debug_frame</name>
         <load_address>0x0</load_address>
         <run_address>0x0</run_address>
         <size>0x34</size>
         <alignment>0x4</alignment>
         <input_file_ref idref="fl-1"/>
      </object_component>
      <object_component id="oc-7f">
         <name>.debug_frame</name>
         <load_address>0x34</load_address>
         <run_address>0x34</run_address>
         <size>0xa4</size>
         <alignment>0x4</alignment>
         <input_file_ref idref="fl-2"/>
      </object_component>
      <object_component id="oc-32">
         <name>.debug_frame</name>
         <load_address>0xd8</load_address>
         <run_address>0xd8</run_address>
         <size>0x30</size>
         <alignment>0x4</alignment>
         <input_file_ref idref="fl-3"/>
      </object_component>
      <object_component id="oc-8a">
         <name>.debug_frame</name>
         <load_address>0x108</load_address>
         <run_address>0x108</run_address>
         <size>0x20</size>
         <alignment>0x4</alignment>
         <input_file_ref idref="fl-11"/>
      </object_component>
      <object_component id="oc-87">
         <name>.debug_frame</name>
         <load_address>0x128</load_address>
         <run_address>0x128</run_address>
         <size>0x12c</size>
         <alignment>0x4</alignment>
         <input_file_ref idref="fl-12"/>
      </object_component>
      <object_component id="oc-e2">
         <name>.debug_frame</name>
         <load_address>0x254</load_address>
         <run_address>0x254</run_address>
         <size>0x1b8</size>
         <alignment>0x4</alignment>
         <input_file_ref idref="fl-13"/>
      </object_component>
      <object_component id="oc-8d">
         <name>.debug_frame</name>
         <load_address>0x40c</load_address>
         <run_address>0x40c</run_address>
         <size>0x58</size>
         <alignment>0x4</alignment>
         <input_file_ref idref="fl-2a"/>
      </object_component>
      <object_component id="oc-4e">
         <name>.debug_frame</name>
         <load_address>0x464</load_address>
         <run_address>0x464</run_address>
         <size>0x90</size>
         <alignment>0x4</alignment>
         <input_file_ref idref="fl-2b"/>
      </object_component>
      <object_component id="oc-a6">
         <name>.debug_frame</name>
         <load_address>0x4f4</load_address>
         <run_address>0x4f4</run_address>
         <size>0x100</size>
         <alignment>0x4</alignment>
         <input_file_ref idref="fl-2d"/>
      </object_component>
      <object_component id="oc-62">
         <name>.debug_frame</name>
         <load_address>0x5f4</load_address>
         <run_address>0x5f4</run_address>
         <size>0x20</size>
         <alignment>0x4</alignment>
         <input_file_ref idref="fl-2e"/>
      </object_component>
      <object_component id="oc-48">
         <name>.debug_frame</name>
         <load_address>0x614</load_address>
         <run_address>0x614</run_address>
         <size>0x38</size>
         <alignment>0x4</alignment>
         <input_file_ref idref="fl-30"/>
      </object_component>
      <object_component id="oc-22">
         <name>.debug_frame</name>
         <load_address>0x64c</load_address>
         <run_address>0x64c</run_address>
         <size>0x28</size>
         <alignment>0x4</alignment>
         <input_file_ref idref="fl-31"/>
      </object_component>
      <object_component id="oc-1d">
         <name>.debug_frame</name>
         <load_address>0x674</load_address>
         <run_address>0x674</run_address>
         <size>0x30</size>
         <alignment>0x4</alignment>
         <input_file_ref idref="fl-32"/>
      </object_component>
      <object_component id="oc-e9">
         <name>.debug_frame</name>
         <load_address>0x6a4</load_address>
         <run_address>0x6a4</run_address>
         <size>0x480</size>
         <alignment>0x4</alignment>
         <input_file_ref idref="fl-33"/>
      </object_component>
      <object_component id="oc-9c">
         <name>.debug_frame</name>
         <load_address>0xb24</load_address>
         <run_address>0xb24</run_address>
         <size>0x30</size>
         <alignment>0x4</alignment>
         <input_file_ref idref="fl-38"/>
      </object_component>
      <object_component id="oc-101">
         <name>.debug_frame</name>
         <load_address>0xb54</load_address>
         <run_address>0xb54</run_address>
         <size>0x2c</size>
         <alignment>0x4</alignment>
         <input_file_ref idref="fl-3f"/>
      </object_component>
      <object_component id="oc-ce">
         <name>.debug_frame</name>
         <load_address>0xb80</load_address>
         <run_address>0xb80</run_address>
         <size>0x20</size>
         <alignment>0x4</alignment>
         <input_file_ref idref="fl-e8"/>
      </object_component>
      <object_component id="oc-12f">
         <name>.debug_frame</name>
         <load_address>0xba0</load_address>
         <run_address>0xba0</run_address>
         <size>0x30</size>
         <alignment>0x4</alignment>
         <input_file_ref idref="fl-108"/>
      </object_component>
      <object_component id="oc-68">
         <name>.debug_line</name>
         <load_address>0x0</load_address>
         <run_address>0x0</run_address>
         <size>0x822</size>
         <alignment>0x1</alignment>
         <input_file_ref idref="fl-1"/>
      </object_component>
      <object_component id="oc-7e">
         <name>.debug_line</name>
         <load_address>0x822</load_address>
         <run_address>0x822</run_address>
         <size>0x54f</size>
         <alignment>0x1</alignment>
         <input_file_ref idref="fl-2"/>
      </object_component>
      <object_component id="oc-31">
         <name>.debug_line</name>
         <load_address>0xd71</load_address>
         <run_address>0xd71</run_address>
         <size>0xb8</size>
         <alignment>0x1</alignment>
         <input_file_ref idref="fl-3"/>
      </object_component>
      <object_component id="oc-8b">
         <name>.debug_line</name>
         <load_address>0xe29</load_address>
         <run_address>0xe29</run_address>
         <size>0x179</size>
         <alignment>0x1</alignment>
         <input_file_ref idref="fl-11"/>
      </object_component>
      <object_component id="oc-86">
         <name>.debug_line</name>
         <load_address>0xfa2</load_address>
         <run_address>0xfa2</run_address>
         <size>0x683</size>
         <alignment>0x1</alignment>
         <input_file_ref idref="fl-12"/>
      </object_component>
      <object_component id="oc-e3">
         <name>.debug_line</name>
         <load_address>0x1625</load_address>
         <run_address>0x1625</run_address>
         <size>0xa18</size>
         <alignment>0x1</alignment>
         <input_file_ref idref="fl-13"/>
      </object_component>
      <object_component id="oc-8f">
         <name>.debug_line</name>
         <load_address>0x203d</load_address>
         <run_address>0x203d</run_address>
         <size>0x111</size>
         <alignment>0x1</alignment>
         <input_file_ref idref="fl-2a"/>
      </object_component>
      <object_component id="oc-38">
         <name>.debug_line</name>
         <load_address>0x214e</load_address>
         <run_address>0x214e</run_address>
         <size>0x1dc</size>
         <alignment>0x1</alignment>
         <input_file_ref idref="fl-2b"/>
      </object_component>
      <object_component id="oc-a4">
         <name>.debug_line</name>
         <load_address>0x232a</load_address>
         <run_address>0x232a</run_address>
         <size>0x51a</size>
         <alignment>0x1</alignment>
         <input_file_ref idref="fl-2d"/>
      </object_component>
      <object_component id="oc-61">
         <name>.debug_line</name>
         <load_address>0x2844</load_address>
         <run_address>0x2844</run_address>
         <size>0x3e</size>
         <alignment>0x1</alignment>
         <input_file_ref idref="fl-2e"/>
      </object_component>
      <object_component id="oc-49">
         <name>.debug_line</name>
         <load_address>0x2882</load_address>
         <run_address>0x2882</run_address>
         <size>0xfe</size>
         <alignment>0x1</alignment>
         <input_file_ref idref="fl-30"/>
      </object_component>
      <object_component id="oc-23">
         <name>.debug_line</name>
         <load_address>0x2980</load_address>
         <run_address>0x2980</run_address>
         <size>0xc0</size>
         <alignment>0x1</alignment>
         <input_file_ref idref="fl-31"/>
      </object_component>
      <object_component id="oc-1f">
         <name>.debug_line</name>
         <load_address>0x2a40</load_address>
         <run_address>0x2a40</run_address>
         <size>0x1c8</size>
         <alignment>0x1</alignment>
         <input_file_ref idref="fl-32"/>
      </object_component>
      <object_component id="oc-ed">
         <name>.debug_line</name>
         <load_address>0x2c08</load_address>
         <run_address>0x2c08</run_address>
         <size>0x1c90</size>
         <alignment>0x1</alignment>
         <input_file_ref idref="fl-33"/>
      </object_component>
      <object_component id="oc-9e">
         <name>.debug_line</name>
         <load_address>0x4898</load_address>
         <run_address>0x4898</run_address>
         <size>0x67</size>
         <alignment>0x1</alignment>
         <input_file_ref idref="fl-38"/>
      </object_component>
      <object_component id="oc-102">
         <name>.debug_line</name>
         <load_address>0x48ff</load_address>
         <run_address>0x48ff</run_address>
         <size>0xcf</size>
         <alignment>0x1</alignment>
         <input_file_ref idref="fl-3f"/>
      </object_component>
      <object_component id="oc-cf">
         <name>.debug_line</name>
         <load_address>0x49ce</load_address>
         <run_address>0x49ce</run_address>
         <size>0x41</size>
         <alignment>0x1</alignment>
         <input_file_ref idref="fl-e8"/>
      </object_component>
      <object_component id="oc-42">
         <name>.debug_line</name>
         <load_address>0x4a0f</load_address>
         <run_address>0x4a0f</run_address>
         <size>0xa4</size>
         <alignment>0x1</alignment>
         <input_file_ref idref="fl-101"/>
      </object_component>
      <object_component id="oc-5e">
         <name>.debug_line</name>
         <load_address>0x4ab3</load_address>
         <run_address>0x4ab3</run_address>
         <size>0xba</size>
         <alignment>0x1</alignment>
         <input_file_ref idref="fl-102"/>
      </object_component>
      <object_component id="oc-107">
         <name>.debug_line</name>
         <load_address>0x4b6d</load_address>
         <run_address>0x4b6d</run_address>
         <size>0xc2</size>
         <alignment>0x1</alignment>
         <input_file_ref idref="fl-103"/>
      </object_component>
      <object_component id="oc-12c">
         <name>.debug_line</name>
         <load_address>0x4c2f</load_address>
         <run_address>0x4c2f</run_address>
         <size>0xb5</size>
         <alignment>0x1</alignment>
         <input_file_ref idref="fl-108"/>
      </object_component>
      <object_component id="oc-74">
         <name>.debug_line</name>
         <load_address>0x4ce4</load_address>
         <run_address>0x4ce4</run_address>
         <size>0xa0</size>
         <alignment>0x1</alignment>
         <input_file_ref idref="fl-10a"/>
      </object_component>
      <object_component id="oc-b7">
         <name>.debug_line</name>
         <load_address>0x4d84</load_address>
         <run_address>0x4d84</run_address>
         <size>0x80</size>
         <alignment>0x1</alignment>
         <input_file_ref idref="fl-10b"/>
      </object_component>
      <object_component id="oc-40">
         <name>.debug_aranges</name>
         <load_address>0x0</load_address>
         <run_address>0x0</run_address>
         <size>0x20</size>
         <alignment>0x1</alignment>
         <input_file_ref idref="fl-101"/>
      </object_component>
      <object_component id="oc-5c">
         <name>.debug_aranges</name>
         <load_address>0x20</load_address>
         <run_address>0x20</run_address>
         <size>0x28</size>
         <alignment>0x1</alignment>
         <input_file_ref idref="fl-102"/>
      </object_component>
      <object_component id="oc-106">
         <name>.debug_aranges</name>
         <load_address>0x48</load_address>
         <run_address>0x48</run_address>
         <size>0x20</size>
         <alignment>0x1</alignment>
         <input_file_ref idref="fl-103"/>
      </object_component>
      <object_component id="oc-75">
         <name>.debug_aranges</name>
         <load_address>0x68</load_address>
         <run_address>0x68</run_address>
         <size>0x28</size>
         <alignment>0x1</alignment>
         <input_file_ref idref="fl-10a"/>
      </object_component>
      <object_component id="oc-b6">
         <name>.debug_aranges</name>
         <load_address>0x90</load_address>
         <run_address>0x90</run_address>
         <size>0x28</size>
         <alignment>0x1</alignment>
         <input_file_ref idref="fl-10b"/>
      </object_component>
[...]
            <object_component_ref idref="oc-9e"/>
            <object_component_ref idref="oc-102"/>
            <object_component_ref idref="oc-cf"/>
            <object_component_ref idref="oc-42"/>
            <object_component_ref idref="oc-5e"/>
            <object_component_ref idref="oc-107"/>
            <object_component_ref idref="oc-12c"/>
            <object_component_ref idref="oc-74"/>
            <object_component_ref idref="oc-b7"/>
         </contents>
      </logical_group>
      <logical_group id="lg-1d0" display="never" color="cyan">
         <name>.debug_aranges</name>
         <load_address>0x0</load_address>
         <run_address>0x0</run_address>
         <size>0xb8</size>
         <contents>
            <object_component_ref idref="oc-40"/>
            <object_component_ref idref="oc-5c"/>
            <object_component_ref idref="oc-106"/>
            <object_component_ref idref="oc-75"/>
            <object_component_ref idref="oc-b6"/>
         </contents>
      </logical_group>
      <logical_group id="lg-1da" display="no" color="cyan">
         <name>Veneer$$CMSE</name>
         <run_address>0x0</run_address>
         <size>0x0</size>
         <contents>
         </contents>
      </logical_group>
      <load_segment id="lg-1e2" display="no" color="cyan">
         <name>SEGMENT_0</name>
         <load_address>0x0</load_address>
         <run_address>0x0</run_address>
         <size>0xc30</size>
         <flags>0x5</flags>
         <contents>
            <logical_group_ref idref="lg-2"/>
            <logical_group_ref idref="lg-3"/>
            <logical_group_ref idref="lg-7"/>
            <logical_group_ref idref="lg-5"/>
         </contents>
      </load_segment>
      <load_segment id="lg-1e3" display="no" color="cyan">
         <name>SEGMENT_1</name>
         <run_address>0x20000000</run_address>
         <size>0x14</size>
         <flags>0x6</flags>
         <contents>
            <logical_group_ref idref="lg-e"/>
            <logical_group_ref idref="lg-f"/>
         </contents>
      </load_segment>
      <load_segment id="lg-1e4" display="no" color="cyan">
         <name>SEGMENT_2</name>
         <run_address>0x20000f00</run_address>
         <size>0x100</size>
         <flags>0x6</flags>
         <contents>
            <logical_group_ref idref="lg-11"/>
         </contents>
      </load_segment>
   </logical_group_list>
   <placement_map>
      <memory_area display="yes" color="green">
         <name>FLASH</name>
         <page_id>0x0</page_id>
         <origin>0x0</origin>
         <length>0xfff8</length>
         <used_space>0xc30</used_space>
         <unused_space>0xf3c8</unused_space>
         <attributes>RX</attributes>
         <usage_details>
            <allocated_space>
               <start_address>0x0</start_address>
               <size>0x0</size>
               <logical_group_ref idref="lg-a"/>
            </allocated_space>
            <allocated_space>
               <start_address>0x0</start_address>
               <size>0xc0</size>
               <logical_group_ref idref="lg-2"/>
            </allocated_space>
            <allocated_space>
               <start_address>0xc0</start_address>
               <size>0xae8</size>
               <logical_group_ref idref="lg-3"/>
            </allocated_space>
            <allocated_space>
               <start_address>0xba8</start_address>
               <size>0x50</size>
               <logical_group_ref idref="lg-7"/>
            </allocated_space>
            <allocated_space>
               <start_address>0xbf8</start_address>
               <size>0x38</size>
               <logical_group_ref idref="lg-5"/>
            </allocated_space>
            <available_space>
               <start_address>0xc30</start_address>
               <size>0xf3c8</size>
            </available_space>
         </usage_details>
      </memory_area>
      <memory_area display="yes" color="green">
         <name>SRAM</name>
         <page_id>0x0</page_id>
         <origin>0x20000000</origin>
         <length>0x1000</length>
         <used_space>0x114</used_space>
         <unused_space>0xeec</unused_space>
         <attributes>RWX</attributes>
         <usage_details>
            <allocated_space>
               <start_address>0x20000000</start_address>
               <size>0x0</size>
               <logical_group_ref idref="lg-19a"/>
            </allocated_space>
            <allocated_space>
               <start_address>0x20000000</start_address>
               <size>0x0</size>
               <logical_group_ref idref="lg-19c"/>
            </allocated_space>
            <allocated_space>
               <start_address>0x20000000</start_address>
               <size>0xc</size>
               <logical_group_ref idref="lg-e"/>
            </allocated_space>
            <allocated_space>
               <start_address>0x2000000c</start_address>
               <size>0x8</size>
               <logical_group_ref idref="lg-f"/>
            </allocated_space>
            <available_space>
               <start_address>0x20000014</start_address>
               <size>0xeec</size>
            </available_space>
            <allocated_space>
               <start_address>0x20000f00</start_address>
               <size>0x100</size>
               <logical_group_ref idref="lg-11"/>
            </allocated_space>
         </usage_details>
      </memory_area>
      <memory_area display="yes" color="green">
         <name>BCR_CONFIG</name>
         <page_id>0x0</page_id>
         <origin>0x41c00000</origin>
         <length>0xff</length>
         <used_space>0x0</used_space>
         <unused_space>0xff</unused_space>
         <attributes>R</attributes>
         <usage_details>
         </usage_details>
      </memory_area>
      <memory_area display="yes" color="green">
         <name>BSL_CONFIG</name>
         <page_id>0x0</page_id>
         <origin>0x41c00100</origin>
         <length>0x80</length>
         <used_space>0x0</used_space>
         <unused_space>0x80</unused_space>
         <attributes>R</attributes>
         <usage_details>
         </usage_details>
      </memory_area>
   </placement_map>
   <cptbl_list>
      <cptbl>
         <name>__TI_cinit_table</name>
         <cprec>
            <name>.data</name>
            <load_address>0xbf8</load_address>
            <load_size>0x10</load_size>
            <run_address>0x20000000</run_address>
            <run_size>0xc</run_size>
            <compression>lzss</compression>
         </cprec>
         <cprec>
            <name>.bss</name>
            <load_address>0xc14</load_address>
            <load_size>0x8</load_size>
            <run_address>0x2000000c</run_address>
            <run_size>0x8</run_size>
            <compression>zero_init</compression>
         </cprec>
      </cptbl>
   </cptbl_list>
   <handler_table>
      <handler_table_name>__TI_handler_table</handler_table_name>
      <handler>
         <index>0x0</index>
         <name>__TI_decompress_lzss</name>
      </handler>
      <handler>
         <index>0x1</index>
         <name>__TI_decompress_none</name>
      </handler>
      <handler>
         <index>0x2</index>
         <name>__TI_zero_init</name>
      </handler>
   </handler_table>
   <symbol_table>
      <symbol id="sm-1">
         <name>__start___llvm_prf_cnts</name>
         <value>0x20000000</value>
      </symbol>
      <symbol id="sm-2">
         <name>__stop___llvm_prf_cnts</name>
         <value>0x20000000</value>
      </symbol>
      <symbol id="sm-3">
         <name>__start___llvm_prf_bits</name>
         <value>0x20000000</value>
      </symbol>
      <symbol id="sm-4">
         <name>__stop___llvm_prf_bits</name>
         <value>0x20000000</value>
      </symbol>
      <symbol id="sm-5">
         <name>__TI_CINIT_Base</name>
         <value>0xc1c</value>
      </symbol>
      <symbol id="sm-6">
         <name>__TI_CINIT_Limit</name>
         <value>0xc2c</value>
      </symbol>
      <symbol id="sm-7">
         <name>__TI_CINIT_Warm</name>
         <value>0xc2c</value>
      </symbol>
      <symbol id="sm-8">
         <name>__TI_Handler_Table_Base</name>
         <value>0xc08</value>
      </symbol>
      <symbol id="sm-9">
         <name>__TI_Handler_Table_Limit</name>
         <value>0xc14</value>
      </symbol>
      <symbol id="sm-a">
         <name>binit</name>
         <value>0xffffffff</value>
      </symbol>
      <symbol id="sm-b">
         <name>__binit__</name>
         <value>0xffffffff</value>
      </symbol>
      <symbol id="sm-c">
         <name>__STACK_SIZE</name>
         <value>0x100</value>
      </symbol>
      <symbol id="sm-d">
         <name>__STACK_END</name>
         <value>0x20001000</value>
      </symbol>
      <symbol id="sm-e">
         <name>__TI_pprof_out_hndl</name>
         <value>0xffffffff</value>
      </symbol>
      <symbol id="sm-f">
         <name>__TI_prof_data_start</name>
         <value>0xffffffff</value>
      </symbol>
      <symbol id="sm-10">
         <name>__TI_prof_data_size</name>
         <value>0xffffffff</value>
      </symbol>
      <symbol id="sm-40">
         <name>main</name>
         <value>0xc1</value>
         <object_component_ref idref="oc-63"/>
      </symbol>
      <symbol id="sm-41">
         <name>gTxPacket</name>
         <value>0x20000000</value>
         <object_component_ref idref="oc-93"/>
      </symbol>
      <symbol id="sm-42">
         <name>gRxPacket</name>
         <value>0x2000000c</value>
      </symbol>
      <symbol id="sm-43">
         <name>NUMBER</name>
         <value>0x20000008</value>
         <object_component_ref idref="oc-95"/>
      </symbol>
      <symbol id="sm-62">
         <name>SYSCFG_DL_init</name>
         <value>0xaf1</value>
         <object_component_ref idref="oc-7d"/>
      </symbol>
      <symbol id="sm-63">
         <name>SYSCFG_DL_initPower</name>
         <value>0xa4d</value>
         <object_component_ref idref="oc-ba"/>
      </symbol>
      <symbol id="sm-64">
         <name>SYSCFG_DL_GPIO_init</name>
         <value>0x71d</value>
         <object_component_ref idref="oc-bb"/>
      </symbol>
      <symbol id="sm-65">
         <name>SYSCFG_DL_SYSCTL_init</name>
         <value>0xa19</value>
         <object_component_ref idref="oc-bd"/>
      </symbol>
      <symbol id="sm-66">
         <name>SYSCFG_DL_I2C_init</name>
         <value>0x795</value>
         <object_component_ref idref="oc-be"/>
      </symbol>
      <symbol id="sm-67">
         <name>SYSCFG_DL_UART_0_init</name>
         <value>0x8bd</value>
         <object_component_ref idref="oc-bf"/>
      </symbol>
      <symbol id="sm-72">
         <name>Default_Handler</name>
         <value>0x69f</value>
         <object_component_ref idref="oc-33"/>
      </symbol>
      <symbol id="sm-73">
         <name>Reset_Handler</name>
         <value>0xb9f</value>
         <object_component_ref idref="oc-2f"/>
      </symbol>
      <symbol id="sm-74">
         <name>interruptVectors</name>
         <value>0x0</value>
         <object_component_ref idref="oc-18"/>
      </symbol>
      <symbol id="sm-75">
         <name>NMI_Handler</name>
         <value>0x69f</value>
         <object_component_ref idref="oc-33"/>
      </symbol>
      <symbol id="sm-76">
         <name>HardFault_Handler</name>
         <value>0x69f</value>
         <object_component_ref idref="oc-33"/>
      </symbol>
      <symbol id="sm-77">
         <name>SVC_Handler</name>
         <value>0x69f</value>
         <object_component_ref idref="oc-33"/>
      </symbol>
      <symbol id="sm-78">
         <name>PendSV_Handler</name>
         <value>0x69f</value>
         <object_component_ref idref="oc-33"/>
      </symbol>
      <symbol id="sm-79">
         <name>SysTick_Handler</name>
         <value>0x69f</value>
         <object_component_ref idref="oc-33"/>
      </symbol>
      <symbol id="sm-7a">
         <name>GROUP0_IRQHandler</name>
         <value>0x69f</value>
         <object_component_ref idref="oc-33"/>
      </symbol>
      <symbol id="sm-7b">
         <name>GROUP1_IRQHandler</name>
         <value>0x69f</value>
         <object_component_ref idref="oc-33"/>
      </symbol>
      <symbol id="sm-7c">
         <name>TIMG1_IRQHandler</name>
         <value>0x69f</value>
         <object_component_ref idref="oc-33"/>
      </symbol>
      <symbol id="sm-7d">
         <name>ADC0_IRQHandler</name>
         <value>0x69f</value>
         <object_component_ref idref="oc-33"/>
      </symbol>
      <symbol id="sm-7e">
         <name>SPI0_IRQHandler</name>
         <value>0x69f</value>
         <object_component_ref idref="oc-33"/>
      </symbol>
      <symbol id="sm-7f">
         <name>UART1_IRQHandler</name>
         <value>0x69f</value>
         <object_component_ref idref="oc-33"/>
      </symbol>
      <symbol id="sm-80">
         <name>UART0_IRQHandler</name>
         <value>0x69f</value>
         <object_component_ref idref="oc-33"/>
      </symbol>
      <symbol id="sm-81">
         <name>TIMG0_IRQHandler</name>
         <value>0x69f</value>
         <object_component_ref idref="oc-33"/>
      </symbol>
      <symbol id="sm-82">
         <name>TIMG2_IRQHandler</name>
         <value>0x69f</value>
         <object_component_ref idref="oc-33"/>
      </symbol>
      <symbol id="sm-83">
         <name>TIMG4_IRQHandler</name>
         <value>0x69f</value>
         <object_component_ref idref="oc-33"/>
      </symbol>
      <symbol id="sm-84">
         <name>I2C0_IRQHandler</name>
         <value>0x69f</value>
         <object_component_ref idref="oc-33"/>
      </symbol>
      <symbol id="sm-85">
         <name>I2C1_IRQHandler</name>
         <value>0x69f</value>
         <object_component_ref idref="oc-33"/>
      </symbol>
      <symbol id="sm-86">
         <name>DMA_IRQHandler</name>
         <value>0x69f</value>
         <object_component_ref idref="oc-33"/>
      </symbol>
      <symbol id="sm-87">
         <name>__TI_ATRegion0_src_addr</name>
         <value>0x0</value>
      </symbol>
      <symbol id="sm-88">
         <name>__TI_ATRegion0_trg_addr</name>
         <value>0x0</value>
      </symbol>
      <symbol id="sm-89">
         <name>__TI_ATRegion0_region_sz</name>
         <value>0x0</value>
      </symbol>
      <symbol id="sm-8a">
         <name>__TI_ATRegion1_src_addr</name>
         <value>0x0</value>
      </symbol>
      <symbol id="sm-8b">
         <name>__TI_ATRegion1_trg_addr</name>
         <value>0x0</value>
      </symbol>
      <symbol id="sm-8c">
         <name>__TI_ATRegion1_region_sz</name>
         <value>0x0</value>
      </symbol>
      <symbol id="sm-8d">
         <name>__TI_ATRegion2_src_addr</name>
         <value>0x0</value>
      </symbol>
      <symbol id="sm-8e">
         <name>__TI_ATRegion2_trg_addr</name>
         <value>0x0</value>
      </symbol>
      <symbol id="sm-8f">
         <name>__TI_ATRegion2_region_sz</name>
         <value>0x0</value>
      </symbol>
      <symbol id="sm-98">
         <name>DL_Common_delayCycles</name>
         <value>0xb79</value>
         <object_component_ref idref="oc-88"/>
      </symbol>
      <symbol id="sm-a5">
         <name>DL_I2C_setClockConfig</name>
         <value>0xaa9</value>
         <object_component_ref idref="oc-dd"/>
      </symbol>
      <symbol id="sm-a6">
         <name>DL_I2C_fillTargetTXFIFO</name>
         <value>0x85d</value>
         <object_component_ref idref="oc-82"/>
      </symbol>
      <symbol id="sm-b3">
         <name>DL_UART_init</name>
         <value>0x91d</value>
         <object_component_ref idref="oc-e5"/>
      </symbol>
      <symbol id="sm-b4">
         <name>DL_UART_setClockConfig</name>
         <value>0xb37</value>
         <object_component_ref idref="oc-df"/>
      </symbol>
      <symbol id="sm-c5">
         <name>sprintf</name>
         <value>0x9e1</value>
         <object_component_ref idref="oc-8c"/>
      </symbol>
      <symbol id="sm-d0">
         <name>_c_int00_noargs</name>
         <value>0xa81</value>
         <object_component_ref idref="oc-4f"/>
      </symbol>
      <symbol id="sm-d1">
         <name>__stack</name>
         <value>0x20000f00</value>
         <object_component_ref idref="oc-1a"/>
      </symbol>
      <symbol id="sm-dd">
         <name>__TI_auto_init_nobinit_nopinit</name>
         <value>0x9a5</value>
         <object_component_ref idref="oc-a1"/>
      </symbol>
      <symbol id="sm-e5">
         <name>_system_pre_init</name>
         <value>0xba3</value>
         <object_component_ref idref="oc-5f"/>
      </symbol>
      <symbol id="sm-f0">
         <name>__TI_zero_init_nomemset</name>
         <value>0xb21</value>
         <object_component_ref idref="oc-46"/>
      </symbol>
      <symbol id="sm-f9">
         <name>__TI_decompress_none</name>
         <value>0xb49</value>
         <object_component_ref idref="oc-20"/>
      </symbol>
      <symbol id="sm-104">
         <name>__TI_decompress_lzss</name>
         <value>0x6a1</value>
         <object_component_ref idref="oc-1c"/>
      </symbol>
      <symbol id="sm-11a">
         <name>__TI_printfi_minimal</name>
         <value>0x381</value>
         <object_component_ref idref="oc-e8"/>
      </symbol>
      <symbol id="sm-128">
         <name>abort</name>
         <value>0xb95</value>
         <object_component_ref idref="oc-9a"/>
      </symbol>
      <symbol id="sm-137">
         <name>memccpy</name>
         <value>0xacf</value>
         <object_component_ref idref="oc-ff"/>
      </symbol>
      <symbol id="sm-147">
         <name>HOSTexit</name>
         <value>0xb9b</value>
         <object_component_ref idref="oc-cc"/>
      </symbol>
      <symbol id="sm-148">
         <name>C$$EXIT</name>
         <value>0xb9a</value>
         <object_component_ref idref="oc-cc"/>
      </symbol>
      <symbol id="sm-15d">
         <name>__aeabi_memcpy</name>
         <value>0xb8d</value>
         <object_component_ref idref="oc-3f"/>
      </symbol>
      <symbol id="sm-15e">
         <name>__aeabi_memcpy4</name>
         <value>0xb8d</value>
         <object_component_ref idref="oc-3f"/>
      </symbol>
      <symbol id="sm-15f">
         <name>__aeabi_memcpy8</name>
         <value>0xb8d</value>
         <object_component_ref idref="oc-3f"/>
      </symbol>
      <symbol id="sm-166">
         <name>__aeabi_memset</name>
         <value>0xb5d</value>
         <object_component_ref idref="oc-fe"/>
      </symbol>
      <symbol id="sm-167">
         <name>__aeabi_memset4</name>
         <value>0xb5d</value>
         <object_component_ref idref="oc-fe"/>
      </symbol>
      <symbol id="sm-168">
         <name>__aeabi_memset8</name>
         <value>0xb5d</value>
         <object_component_ref idref="oc-fe"/>
      </symbol>
      <symbol id="sm-16e">
         <name>__aeabi_uidiv</name>
         <value>0x965</value>
         <object_component_ref idref="oc-104"/>
      </symbol>
      <symbol id="sm-16f">
         <name>__aeabi_uidivmod</name>
         <value>0x965</value>
         <object_component_ref idref="oc-104"/>
      </symbol>
      <symbol id="sm-17a">
         <name>__aeabi_idiv0</name>
         <value>0x85b</value>
         <object_component_ref idref="oc-12b"/>
      </symbol>
      <symbol id="sm-194">
         <name>memcpy</name>
         <value>0x605</value>
         <object_component_ref idref="oc-78"/>
      </symbol>
      <symbol id="sm-1a3">
         <name>memset</name>
         <value>0x7f9</value>
         <object_component_ref idref="oc-b9"/>
      </symbol>
      <symbol id="sm-1a4">
         <name>__TI_static_base__</name>
         <value>0x0</value>
      </symbol>
      <symbol id="sm-1a7">
         <name>__mpu_init</name>
         <value>0x0</value>
      </symbol>
      <symbol id="sm-1a8">
         <name>_system_post_cinit</name>
         <value>0x0</value>
      </symbol>
   </symbol_table>
   <title>Link successful</title>
</link_info>
