******************************************************************************
            TI ARM Clang Linker PC v4.0.3                      
******************************************************************************
>> Linked Fri Jun 27 14:55:15 2025

OUTPUT FILE NAME:   <I2C Target.out>
ENTRY POINT SYMBOL: "_c_int00_noargs"  address: 000004c9


MEMORY CONFIGURATION

         name            origin    length      used     unused   attr    fill
----------------------  --------  ---------  --------  --------  ----  --------
  FLASH                 00000000   0000fff8  000005b0  0000fa48  R  X
  SRAM                  20000000   00001000  0000010d  00000ef3  RW X
  BCR_CONFIG            41c00000   000000ff  00000000  000000ff  R   
  BSL_CONFIG            41c00100   00000080  00000000  00000080  R   


SEGMENT ALLOCATION MAP

run origin  load origin   length   init length attrs members
----------  ----------- ---------- ----------- ----- -------
00000000    00000000    000005b0   000005b0    r-x
  00000000    00000000    000000c0   000000c0    r-- .intvecs
  000000c0    000000c0    000004b8   000004b8    r-x .text
  00000578    00000578    00000008   00000008    r-- .rodata
  00000580    00000580    00000030   00000030    r-- .cinit
20000000    20000000    0000000d   00000000    rw-
  20000000    20000000    00000008   00000000    rw- .bss
  20000008    20000008    00000005   00000000    rw- .data
20000f00    20000f00    00000100   00000000    rw-
  20000f00    20000f00    00000100   00000000    rw- .stack


SECTION ALLOCATION MAP

 output                                  attributes/
section   page    origin      length       input sections
--------  ----  ----------  ----------   ----------------
.intvecs   0    00000000    000000c0     
                  00000000    000000c0     startup_mspm0l130x_ticlang.o (.intvecs)

.text      0    000000c0    000004b8     
                  000000c0    00000124     i2c_target_rw_multibyte_fifo_poll.o (.text.main)
                  000001e4    0000009a     libc.a : memcpy16.S.obj (.text:memcpy)
                  0000027e    00000002     startup_mspm0l130x_ticlang.o (.text.Default_Handler)
                  00000280    0000007c     libc.a : copy_decompress_lzss.c.obj (.text:decompress:lzss)
                  000002fc    0000006c     ti_msp_dl_config.o (.text.SYSCFG_DL_GPIO_init)
                  00000368    00000064     ti_msp_dl_config.o (.text.SYSCFG_DL_I2C_init)
                  000003cc    00000060     driverlib.a : dl_i2c.o (.text.DL_I2C_fillTargetTXFIFO)
                  0000042c    0000003c     libc.a : autoinit.c.obj (.text:__TI_auto_init_nobinit_nopinit)
                  00000468    00000034     ti_msp_dl_config.o (.text.SYSCFG_DL_SYSCTL_init)
                  0000049c    0000002c     ti_msp_dl_config.o (.text.SYSCFG_DL_initPower)
                  000004c8    00000028     libc.a : boot_cortex_m.c.obj (.text:_c_int00_noargs)
                  000004f0    00000026     driverlib.a : dl_i2c.o (.text.DL_I2C_setClockConfig)
                  00000516    00000016     libc.a : copy_zero_init.c.obj (.text:decompress:ZI:__TI_zero_init_nomemset)
                  0000052c    00000014     ti_msp_dl_config.o (.text.SYSCFG_DL_init)
                  00000540    00000012     libc.a : copy_decompress_none.c.obj (.text:decompress:none)
                  00000552    0000000a     driverlib.a : dl_common.o (.text.DL_Common_delayCycles)
                  0000055c    00000008     libclang_rt.builtins.a : aeabi_memcpy.S.obj (.text.__aeabi_memcpy)
                  00000564    00000006     libc.a : exit.c.obj (.text:abort)
                  0000056a    00000004     libsysbm.a : hostexit.c.obj (.text.HOSTexit)
                  0000056e    00000004     startup_mspm0l130x_ticlang.o (.text.Reset_Handler)
                  00000572    00000004     libc.a : pre_init.c.obj (.text._system_pre_init)
                  00000576    00000002     --HOLE-- [fill = 0]

.cinit     0    00000580    00000030     
                  00000580    0000000c     (__TI_handler_table)
                  0000058c    00000009     (.cinit..data.load) [load image, compression = lzss]
                  00000595    00000003     --HOLE-- [fill = 0]
                  00000598    00000008     (.cinit..bss.load) [load image, compression = zero_init]
                  000005a0    00000010     (__TI_cinit_table)

.rodata    0    00000578    00000008     
                  00000578    00000002     ti_msp_dl_config.o (.rodata.gI2CClockConfig)
                  0000057a    00000006     --HOLE-- [fill = 0]

.init_array 
*          0    00000000    00000000     UNINITIALIZED

.binit     0    00000000    00000000     

.bss       0    20000000    00000008     UNINITIALIZED
                  20000000    00000008     (.common:gRxPacket)

.data      0    20000008    00000005     UNINITIALIZED
                  20000008    00000005     i2c_target_rw_multibyte_fifo_poll.o (.data.gTxPacket)

.stack     0    20000f00    00000100     UNINITIALIZED
                  20000f00    00000004     libc.a : boot_cortex_m.c.obj (.stack)
                  20000f04    000000fc     --HOLE--

__llvm_prf_cnts 
*          0    20000000    00000000     UNINITIALIZED

__llvm_prf_bits 
*          0    20000000    00000000     UNINITIALIZED

MODULE SUMMARY

       Module                                code   ro data   rw data
       ------                                ----   -------   -------
    .\
       ti_msp_dl_config.o                    324    2         0      
       i2c_target_rw_multibyte_fifo_poll.o   292    0         13     
       startup_mspm0l130x_ticlang.o          6      192       0      
    +--+-------------------------------------+------+---------+---------+
       Total:                                622    194       13     
                                                                     
    C:/ti/mspm0_sdk_2_05_00_05/source/ti/driverlib/lib/ticlang/m0p/mspm0l11xx_l13xx/driverlib.a
       dl_i2c.o                              134    0         0      
       dl_common.o                           10     0         0      
    +--+-------------------------------------+------+---------+---------+
       Total:                                144    0         0      
                                                                     
    C:\ti\ccs2020\ccs\tools\compiler\ti-cgt-armllvm_4.0.3.LTS\lib\armv6m-ti-none-eabi/c/libc.a
       memcpy16.S.obj                        154    0         0      
       copy_decompress_lzss.c.obj            124    0         0      
       autoinit.c.obj                        60     0         0      
       boot_cortex_m.c.obj                   40     0         0      
       copy_zero_init.c.obj                  22     0         0      
       copy_decompress_none.c.obj            18     0         0      
       exit.c.obj                            6      0         0      
       pre_init.c.obj                        4      0         0      
    +--+-------------------------------------+------+---------+---------+
       Total:                                428    0         0      
                                                                     
    C:\ti\ccs2020\ccs\tools\compiler\ti-cgt-armllvm_4.0.3.LTS\lib\armv6m-ti-none-eabi/c/libsysbm.a
       hostexit.c.obj                        4      0         0      
    +--+-------------------------------------+------+---------+---------+
       Total:                                4      0         0      
                                                                     
    C:\ti\ccs2020\ccs\tools\compiler\ti-cgt-armllvm_4.0.3.LTS\lib\armv6m-ti-none-eabi/libclang_rt.builtins.a
       aeabi_memcpy.S.obj                    8      0         0      
    +--+-------------------------------------+------+---------+---------+
       Total:                                8      0         0      
                                                                     
       Stack:                                0      0         256    
       Linker Generated:                     0      45        0      
    +--+-------------------------------------+------+---------+---------+
       Grand Total:                          1206   239       269    


LINKER GENERATED COPY TABLES

__TI_cinit_table @ 000005a0 records: 2, size/record: 8, table size: 16
	.data: load addr=0000058c, load size=00000009 bytes, run addr=20000008, run size=00000005 bytes, compression=lzss
	.bss: load addr=00000598, load size=00000008 bytes, run addr=20000000, run size=00000008 bytes, compression=zero_init


LINKER GENERATED HANDLER TABLE

__TI_handler_table @ 00000580 records: 3, size/record: 4, table size: 12
	index: 0, handler: __TI_decompress_lzss
	index: 1, handler: __TI_decompress_none
	index: 2, handler: __TI_zero_init


GLOBAL SYMBOLS: SORTED ALPHABETICALLY BY Name 

address   name                          
-------   ----                          
0000027f  ADC0_IRQHandler               
0000056a  C$$EXIT                       
00000553  DL_Common_delayCycles         
000003cd  DL_I2C_fillTargetTXFIFO       
000004f1  DL_I2C_setClockConfig         
0000027f  DMA_IRQHandler                
0000027f  Default_Handler               
0000027f  GROUP0_IRQHandler             
0000027f  GROUP1_IRQHandler             
0000056b  HOSTexit                      
0000027f  HardFault_Handler             
0000027f  I2C0_IRQHandler               
0000027f  I2C1_IRQHandler               
0000027f  NMI_Handler                   
0000027f  PendSV_Handler                
0000056f  Reset_Handler                 
0000027f  SPI0_IRQHandler               
0000027f  SVC_Handler                   
000002fd  SYSCFG_DL_GPIO_init           
00000369  SYSCFG_DL_I2C_init            
00000469  SYSCFG_DL_SYSCTL_init         
0000052d  SYSCFG_DL_init                
0000049d  SYSCFG_DL_initPower           
0000027f  SysTick_Handler               
0000027f  TIMG0_IRQHandler              
0000027f  TIMG1_IRQHandler              
0000027f  TIMG2_IRQHandler              
0000027f  TIMG4_IRQHandler              
0000027f  UART0_IRQHandler              
0000027f  UART1_IRQHandler              
20001000  __STACK_END                   
00000100  __STACK_SIZE                  
00000000  __TI_ATRegion0_region_sz      
00000000  __TI_ATRegion0_src_addr       
00000000  __TI_ATRegion0_trg_addr       
00000000  __TI_ATRegion1_region_sz      
00000000  __TI_ATRegion1_src_addr       
00000000  __TI_ATRegion1_trg_addr       
00000000  __TI_ATRegion2_region_sz      
00000000  __TI_ATRegion2_src_addr       
00000000  __TI_ATRegion2_trg_addr       
000005a0  __TI_CINIT_Base               
000005b0  __TI_CINIT_Limit              
000005b0  __TI_CINIT_Warm               
00000580  __TI_Handler_Table_Base       
0000058c  __TI_Handler_Table_Limit      
0000042d  __TI_auto_init_nobinit_nopinit
00000281  __TI_decompress_lzss          
00000541  __TI_decompress_none          
ffffffff  __TI_pprof_out_hndl           
ffffffff  __TI_prof_data_size           
ffffffff  __TI_prof_data_start          
00000000  __TI_static_base__            
00000517  __TI_zero_init_nomemset       
0000055d  __aeabi_memcpy                
0000055d  __aeabi_memcpy4               
0000055d  __aeabi_memcpy8               
ffffffff  __binit__                     
UNDEFED   __mpu_init                    
20000f00  __stack                       
20000000  __start___llvm_prf_bits       
20000000  __start___llvm_prf_cnts       
20000000  __stop___llvm_prf_bits        
20000000  __stop___llvm_prf_cnts        
000004c9  _c_int00_noargs               
UNDEFED   _system_post_cinit            
00000573  _system_pre_init              
00000565  abort                         
ffffffff  binit                         
20000000  gRxPacket                     
20000008  gTxPacket                     
00000000  interruptVectors              
000000c1  main                          
000001e5  memcpy                        


GLOBAL SYMBOLS: SORTED BY Symbol Address 

address   name                          
-------   ----                          
00000000  __TI_ATRegion0_region_sz      
00000000  __TI_ATRegion0_src_addr       
00000000  __TI_ATRegion0_trg_addr       
00000000  __TI_ATRegion1_region_sz      
00000000  __TI_ATRegion1_src_addr       
00000000  __TI_ATRegion1_trg_addr       
00000000  __TI_ATRegion2_region_sz      
00000000  __TI_ATRegion2_src_addr       
00000000  __TI_ATRegion2_trg_addr       
00000000  __TI_static_base__            
00000000  interruptVectors              
000000c1  main                          
00000100  __STACK_SIZE                  
000001e5  memcpy                        
0000027f  ADC0_IRQHandler               
0000027f  DMA_IRQHandler                
0000027f  Default_Handler               
0000027f  GROUP0_IRQHandler             
0000027f  GROUP1_IRQHandler             
0000027f  HardFault_Handler             
0000027f  I2C0_IRQHandler               
0000027f  I2C1_IRQHandler               
0000027f  NMI_Handler                   
0000027f  PendSV_Handler                
0000027f  SPI0_IRQHandler               
0000027f  SVC_Handler                   
0000027f  SysTick_Handler               
0000027f  TIMG0_IRQHandler              
0000027f  TIMG1_IRQHandler              
0000027f  TIMG2_IRQHandler              
0000027f  TIMG4_IRQHandler              
0000027f  UART0_IRQHandler              
0000027f  UART1_IRQHandler              
00000281  __TI_decompress_lzss          
000002fd  SYSCFG_DL_GPIO_init           
00000369  SYSCFG_DL_I2C_init            
000003cd  DL_I2C_fillTargetTXFIFO       
0000042d  __TI_auto_init_nobinit_nopinit
00000469  SYSCFG_DL_SYSCTL_init         
0000049d  SYSCFG_DL_initPower           
000004c9  _c_int00_noargs               
000004f1  DL_I2C_setClockConfig         
00000517  __TI_zero_init_nomemset       
0000052d  SYSCFG_DL_init                
00000541  __TI_decompress_none          
00000553  DL_Common_delayCycles         
0000055d  __aeabi_memcpy                
0000055d  __aeabi_memcpy4               
0000055d  __aeabi_memcpy8               
00000565  abort                         
0000056a  C$$EXIT                       
0000056b  HOSTexit                      
0000056f  Reset_Handler                 
00000573  _system_pre_init              
00000580  __TI_Handler_Table_Base       
0000058c  __TI_Handler_Table_Limit      
000005a0  __TI_CINIT_Base               
000005b0  __TI_CINIT_Limit              
000005b0  __TI_CINIT_Warm               
20000000  __start___llvm_prf_bits       
20000000  __start___llvm_prf_cnts       
20000000  __stop___llvm_prf_bits        
20000000  __stop___llvm_prf_cnts        
20000000  gRxPacket                     
20000008  gTxPacket                     
20000f00  __stack                       
20001000  __STACK_END                   
ffffffff  __TI_pprof_out_hndl           
ffffffff  __TI_prof_data_size           
ffffffff  __TI_prof_data_start          
ffffffff  __binit__                     
ffffffff  binit                         
UNDEFED   __mpu_init                    
UNDEFED   _system_post_cinit            

[74 symbols]
