******************************************************************************
            TI ARM Clang Linker PC v4.0.3                      
******************************************************************************
>> Linked Fri Jun 27 14:35:31 2025

OUTPUT FILE NAME:   <GPIO_Toggle.out>
ENTRY POINT SYMBOL: "_c_int00_noargs"  address: 00000ff9


MEMORY CONFIGURATION

         name            origin    length      used     unused   attr    fill
----------------------  --------  ---------  --------  --------  ----  --------
  FLASH                 00000000   0000fff8  00001248  0000edb0  R  X
  SRAM                  20000000   00001000  00000c99  00000367  RW X
  BCR_CONFIG            41c00000   000000ff  00000000  000000ff  R   
  BSL_CONFIG            41c00100   00000080  00000000  00000080  R   


SEGMENT ALLOCATION MAP

run origin  load origin   length   init length attrs members
----------  ----------- ---------- ----------- ----- -------
00000000    00000000    00001248   00001248    r-x
  00000000    00000000    000000c0   000000c0    r-- .intvecs
  000000c0    000000c0    000010b0   000010b0    r-x .text
  00001170    00001170    00000050   00000050    r-- .rodata
  000011c0    000011c0    00000088   00000088    r-- .cinit
20000000    20000000    00000b9c   00000000    rw-
  20000000    20000000    00000800   00000000    rw- .sysmem
  20000800    20000800    000001cd   00000000    rw- .data
  200009d0    200009d0    000001cc   00000000    rw- .bss
20000f00    20000f00    00000100   00000000    rw-
  20000f00    20000f00    00000100   00000000    rw- .stack


SECTION ALLOCATION MAP

 output                                  attributes/
section   page    origin      length       input sections
--------  ----  ----------  ----------   ----------------
.intvecs   0    00000000    000000c0     
                  00000000    000000c0     startup_mspm0l130x_ticlang.o (.intvecs)

.text      0    000000c0    000010b0     
                  000000c0    00000114     libc.a : memory.c.obj (.text.aligned_alloc)
                  000001d4    000000f8            : fputs.c.obj (.text.fputs)
                  000002cc    000000e8            : memory.c.obj (.text.free)
                  000003b4    000000e0            : setvbuf.c.obj (.text.setvbuf)
                  00000494    000000d0     gpio_toggle_output.o (.text.main)
                  00000564    0000009a     libc.a : memcpy16.S.obj (.text:memcpy)
                  000005fe    00000002     startup_mspm0l130x_ticlang.o (.text.Default_Handler)
                  00000600    00000088     libc.a : strcmp-armv6m.S.obj (.text:strcmp)
                  00000688    0000007c            : fclose.c.obj (.text.__TI_closefile)
                  00000704    0000007c            : copy_decompress_lzss.c.obj (.text:decompress:lzss)
                  00000780    0000006c     libsysbm.a : hostlseek.c.obj (.text.HOSTlseek)
                  000007ec    0000006c                : hostrename.c.obj (.text.HOSTrename)
                  00000858    0000006c     libc.a : fseek.c.obj (.text.fseeko)
                  000008c4    0000006c            : getdevice.c.obj (.text.getdevice)
                  00000930    00000064            : _io_perm.c.obj (.text.__TI_wrt_ok)
                  00000994    00000064            : memory.c.obj (.text.split)
                  000009f8    00000062            : memset16.S.obj (.text:memset)
                  00000a5a    00000002            : _lock.c.obj (.text._nop)
                  00000a5c    00000060     libsysbm.a : hostopen.c.obj (.text.HOSTopen)
                  00000abc    00000060     ti_msp_dl_config.o (.text.SYSCFG_DL_UART_0_init)
                  00000b1c    00000058     libsysbm.a : hostread.c.obj (.text.HOSTread)
                  00000b74    00000058                : hostwrite.c.obj (.text.HOSTwrite)
                  00000bcc    00000054     ti_msp_dl_config.o (.text.SYSCFG_DL_I2C_0_init)
                  00000c20    00000052     libc.a : fflush.c.obj (.text.__TI_doflush)
                  00000c72    00000002     --HOLE-- [fill = 0]
                  00000c74    00000050     libsysbm.a : close.c.obj (.text.close)
                  00000cc4    00000048     driverlib.a : dl_uart.o (.text.DL_UART_init)
                  00000d0c    00000048     libsysbm.a : hostclose.c.obj (.text.HOSTclose)
                  00000d54    00000048                : hostunlink.c.obj (.text.HOSTunlink)
                  00000d9c    00000044     ti_msp_dl_config.o (.text.SYSCFG_DL_GPIO_init)
                  00000de0    0000003c     libc.a : autoinit.c.obj (.text:__TI_auto_init_nobinit_nopinit)
                  00000e1c    00000034     ti_msp_dl_config.o (.text.SYSCFG_DL_initPower)
                  00000e50    00000034     libc.a : fopen.c.obj (.text.__TI_cleanup)
                  00000e84    00000034     libsysbm.a : trgmsg.c.obj (.text.__TI_readmsg)
                  00000eb8    00000034                : trgmsg.c.obj (.text.__TI_writemsg)
                  00000eec    00000034     libc.a : exit.c.obj (.text.exit)
                  00000f20    00000034            : getdevice.c.obj (.text.finddevice)
                  00000f54    0000002c     libsysbm.a : unlink.c.obj (.text.unlink)
                  00000f80    00000028     libc.a : memory.c.obj (.text.free_list_insert)
                  00000fa8    00000028     libsysbm.a : lseek.c.obj (.text.lseek)
                  00000fd0    00000028                : write.c.obj (.text.write)
                  00000ff8    00000028     libc.a : boot_cortex_m.c.obj (.text:_c_int00_noargs)
                  00001020    00000026     driverlib.a : dl_i2c.o (.text.DL_I2C_setClockConfig)
                  00001046    00000002     --HOLE-- [fill = 0]
                  00001048    00000024     libc.a : fputs.c.obj (.text.puts)
                  0000106c    0000001c     ti_msp_dl_config.o (.text.SYSCFG_DL_SYSCTL_init)
                  00001088    0000001c     libc.a : memory.c.obj (.text.free_list_remove)
                  000010a4    00000018     ti_msp_dl_config.o (.text.SYSCFG_DL_init)
                  000010bc    00000016     libc.a : copy_zero_init.c.obj (.text:decompress:ZI:__TI_zero_init_nomemset)
                  000010d2    00000012     driverlib.a : dl_uart.o (.text.DL_UART_setClockConfig)
                  000010e4    00000012     libc.a : copy_decompress_none.c.obj (.text:decompress:none)
                  000010f6    0000000e            : memory.c.obj (.text.OUTLINED_FUNCTION_0)
                  00001104    0000000e     libsysbm.a : hostrename.c.obj (.text.strcpy)
                  00001112    0000000e                : hostrename.c.obj (.text.strlen)
                  00001120    0000000c     libclang_rt.builtins.a : aeabi_memset.S.obj (.text.__aeabi_memclr)
                  0000112c    0000000c     libc.a : memory.c.obj (.text.malloc)
                  00001138    0000000a     driverlib.a : dl_common.o (.text.DL_Common_delayCycles)
                  00001142    00000002     --HOLE-- [fill = 0]
                  00001144    00000008     libclang_rt.builtins.a : aeabi_memcpy.S.obj (.text.__aeabi_memcpy)
                  0000114c    00000008     libc.a : fseek.c.obj (.text.fseek)
                  00001154    00000008     libsysbm.a : remove.c.obj (.text.remove)
                  0000115c    00000006     libc.a : exit.c.obj (.text:abort)
                  00001162    00000004     libsysbm.a : hostexit.c.obj (.text.HOSTexit)
                  00001166    00000004     startup_mspm0l130x_ticlang.o (.text.Reset_Handler)
                  0000116a    00000004     libc.a : pre_init.c.obj (.text._system_pre_init)
                  0000116e    00000002     --HOLE-- [fill = 0]

.cinit     0    000011c0    00000088     
                  000011c0    00000062     (.cinit..data.load) [load image, compression = lzss]
                  00001222    00000002     --HOLE-- [fill = 0]
                  00001224    0000000c     (__TI_handler_table)
                  00001230    00000008     (.cinit..bss.load) [load image, compression = zero_init]
                  00001238    00000010     (__TI_cinit_table)

.rodata    0    00001170    00000050     
                  00001170    00000018     gpio_toggle_output.o (.rodata.after_debug_msg)
                  00001188    00000014     gpio_toggle_output.o (.rodata.debug_message)
                  0000119c    0000000f     gpio_toggle_output.o (.rodata.str1.16021706245939152170.1)
                  000011ab    00000001     --HOLE-- [fill = 0]
                  000011ac    0000000a     ti_msp_dl_config.o (.rodata.gUART_0Config)
                  000011b6    00000002     ti_msp_dl_config.o (.rodata.gI2C_0ClockConfig)
                  000011b8    00000002     ti_msp_dl_config.o (.rodata.gUART_0ClockConfig)
                  000011ba    00000002     libc.a : fputs.c.obj (.rodata.str1.16607721268415185390.1)
                  000011bc    00000004     --HOLE-- [fill = 0]

.init_array 
*          0    00000000    00000000     UNINITIALIZED

.binit     0    00000000    00000000     

.sysmem    0    20000000    00000800     UNINITIALIZED
                  20000000    00000010     libc.a : memory.c.obj (.sysmem)
                  20000010    000007f0     --HOLE--

.data      0    20000800    000001cd     UNINITIALIZED
                  20000800    000000f0     libc.a : defs.c.obj (.data._ftable)
                  200008f0    00000078     libsysbm.a : host_device.c.obj (.data._device)
                  20000968    00000050                : host_device.c.obj (.data._stream)
                  200009b8    00000008     libc.a : exit.c.obj (.data..L_MergedGlobals)
                  200009c0    00000004            : defs.c.obj (.data.__TI_ft_end)
                  200009c4    00000004            : _lock.c.obj (.data._lock)
                  200009c8    00000004            : _lock.c.obj (.data._unlock)
                  200009cc    00000001            : memory.c.obj (.data.memory_is_initialized)

.bss       0    200009d0    000001cc     UNINITIALIZED
                  200009d0    00000120     libsysbm.a : trgmsg.c.obj (.bss:_CIOBUF_)
                  20000af0    000000a0     libc.a : defs.c.obj (.bss.__TI_tmpnams)
                  20000b90    00000008     libsysbm.a : hostopen.c.obj (.bss.parmbuf)
                  20000b98    00000004     libc.a : memory.c.obj (.bss.sys_free)

.stack     0    20000f00    00000100     UNINITIALIZED
                  20000f00    00000004     libc.a : boot_cortex_m.c.obj (.stack)
                  20000f04    000000fc     --HOLE--

__llvm_prf_cnts 
*          0    20000000    00000000     UNINITIALIZED

__llvm_prf_bits 
*          0    20000000    00000000     UNINITIALIZED

MODULE SUMMARY

       Module                         code   ro data   rw data
       ------                         ----   -------   -------
    .\
       ti_msp_dl_config.o             352    14        0      
       gpio_toggle_output.o           208    59        0      
       startup_mspm0l130x_ticlang.o   6      192       0      
    +--+------------------------------+------+---------+---------+
       Total:                         566    265       0      
                                                              
    C:/ti/mspm0_sdk_2_05_00_05/source/ti/driverlib/lib/ticlang/m0p/mspm0l11xx_l13xx/driverlib.a
       dl_uart.o                      90     0         0      
       dl_i2c.o                       38     0         0      
       dl_common.o                    10     0         0      
    +--+------------------------------+------+---------+---------+
       Total:                         138    0         0      
                                                              
    C:\ti\ccs2020\ccs\tools\compiler\ti-cgt-armllvm_4.0.3.LTS\lib\armv6m-ti-none-eabi/c/libc.a
       memory.c.obj                   702    0         5      
       defs.c.obj                     0      0         404    
       fputs.c.obj                    284    2         0      
       setvbuf.c.obj                  224    0         0      
       getdevice.c.obj                160    0         0      
       memcpy16.S.obj                 154    0         0      
       strcmp-armv6m.S.obj            136    0         0      
       copy_decompress_lzss.c.obj     124    0         0      
       fclose.c.obj                   124    0         0      
       fseek.c.obj                    116    0         0      
       _io_perm.c.obj                 100    0         0      
       memset16.S.obj                 98     0         0      
       fflush.c.obj                   82     0         0      
       exit.c.obj                     58     0         8      
       autoinit.c.obj                 60     0         0      
       fopen.c.obj                    52     0         0      
       boot_cortex_m.c.obj            40     0         0      
       copy_zero_init.c.obj           22     0         0      
       copy_decompress_none.c.obj     18     0         0      
       _lock.c.obj                    2      0         8      
       pre_init.c.obj                 4      0         0      
    +--+------------------------------+------+---------+---------+
       Total:                         2560   2         425    
                                                              
    C:\ti\ccs2020\ccs\tools\compiler\ti-cgt-armllvm_4.0.3.LTS\lib\armv6m-ti-none-eabi/c/libsysbm.a
       trgmsg.c.obj                   104    0         288    
       host_device.c.obj              0      0         200    
       hostrename.c.obj               136    0         0      
       hostlseek.c.obj                108    0         0      
       hostopen.c.obj                 96     0         8      
       hostread.c.obj                 88     0         0      
       hostwrite.c.obj                88     0         0      
       close.c.obj                    80     0         0      
       hostclose.c.obj                72     0         0      
       hostunlink.c.obj               72     0         0      
       unlink.c.obj                   44     0         0      
       lseek.c.obj                    40     0         0      
       write.c.obj                    40     0         0      
       remove.c.obj                   8      0         0      
       hostexit.c.obj                 4      0         0      
    +--+------------------------------+------+---------+---------+
       Total:                         980    0         496    
                                                              
    C:\ti\ccs2020\ccs\tools\compiler\ti-cgt-armllvm_4.0.3.LTS\lib\armv6m-ti-none-eabi/libclang_rt.builtins.a
       aeabi_memset.S.obj             12     0         0      
       aeabi_memcpy.S.obj             8      0         0      
    +--+------------------------------+------+---------+---------+
       Total:                         20     0         0      
                                                              
       Heap:                          0      0         2048   
       Stack:                         0      0         256    
       Linker Generated:              0      134       0      
    +--+------------------------------+------+---------+---------+
       Grand Total:                   4264   401       3225   


LINKER GENERATED COPY TABLES

__TI_cinit_table @ 00001238 records: 2, size/record: 8, table size: 16
	.data: load addr=000011c0, load size=00000062 bytes, run addr=20000800, run size=000001cd bytes, compression=lzss
	.bss: load addr=00001230, load size=00000008 bytes, run addr=200009d0, run size=000001cc bytes, compression=zero_init


LINKER GENERATED HANDLER TABLE

__TI_handler_table @ 00001224 records: 3, size/record: 4, table size: 12
	index: 0, handler: __TI_decompress_lzss
	index: 1, handler: __TI_decompress_none
	index: 2, handler: __TI_zero_init


GLOBAL SYMBOLS: SORTED ALPHABETICALLY BY Name 

address   name                          
-------   ----                          
000005ff  ADC0_IRQHandler               
00001162  C$$EXIT                       
00000ee5  C$$IO$$                       
00001139  DL_Common_delayCycles         
00001021  DL_I2C_setClockConfig         
00000cc5  DL_UART_init                  
000010d3  DL_UART_setClockConfig        
000005ff  DMA_IRQHandler                
000005ff  Default_Handler               
000005ff  GROUP0_IRQHandler             
000005ff  GROUP1_IRQHandler             
00000d0d  HOSTclose                     
00001163  HOSTexit                      
00000781  HOSTlseek                     
00000a5d  HOSTopen                      
00000b1d  HOSTread                      
000007ed  HOSTrename                    
00000d55  HOSTunlink                    
00000b75  HOSTwrite                     
000005ff  HardFault_Handler             
000005ff  I2C0_IRQHandler               
000005ff  I2C1_IRQHandler               
000005ff  NMI_Handler                   
000005ff  PendSV_Handler                
00001167  Reset_Handler                 
000005ff  SPI0_IRQHandler               
000005ff  SVC_Handler                   
00000d9d  SYSCFG_DL_GPIO_init           
00000bcd  SYSCFG_DL_I2C_0_init          
0000106d  SYSCFG_DL_SYSCTL_init         
00000abd  SYSCFG_DL_UART_0_init         
000010a5  SYSCFG_DL_init                
00000e1d  SYSCFG_DL_initPower           
000005ff  SysTick_Handler               
000005ff  TIMG0_IRQHandler              
000005ff  TIMG1_IRQHandler              
000005ff  TIMG2_IRQHandler              
000005ff  TIMG4_IRQHandler              
000005ff  UART0_IRQHandler              
000005ff  UART1_IRQHandler              
200009d0  _CIOBUF_                      
200009d0  __CIOBUF_                     
20001000  __STACK_END                   
00000100  __STACK_SIZE                  
00000800  __SYSMEM_SIZE                 
00000000  __TI_ATRegion0_region_sz      
00000000  __TI_ATRegion0_src_addr       
00000000  __TI_ATRegion0_trg_addr       
00000000  __TI_ATRegion1_region_sz      
00000000  __TI_ATRegion1_src_addr       
00000000  __TI_ATRegion1_trg_addr       
00000000  __TI_ATRegion2_region_sz      
00000000  __TI_ATRegion2_src_addr       
00000000  __TI_ATRegion2_trg_addr       
00001238  __TI_CINIT_Base               
00001248  __TI_CINIT_Limit              
00001248  __TI_CINIT_Warm               
00001224  __TI_Handler_Table_Base       
00001230  __TI_Handler_Table_Limit      
00000de1  __TI_auto_init_nobinit_nopinit
00000e51  __TI_cleanup                  
200009b8  __TI_cleanup_ptr              
00000689  __TI_closefile                
00000705  __TI_decompress_lzss          
000010e5  __TI_decompress_none          
00000c21  __TI_doflush                  
200009bc  __TI_dtors_ptr                
200009c0  __TI_ft_end                   
ffffffff  __TI_pprof_out_hndl           
ffffffff  __TI_prof_data_size           
ffffffff  __TI_prof_data_start          
00000e85  __TI_readmsg                  
00000000  __TI_static_base__            
20000af0  __TI_tmpnams                  
00000eb9  __TI_writemsg                 
00000931  __TI_wrt_ok                   
000010bd  __TI_zero_init_nomemset       
00001121  __aeabi_memclr                
00001121  __aeabi_memclr4               
00001121  __aeabi_memclr8               
00001145  __aeabi_memcpy                
00001145  __aeabi_memcpy4               
00001145  __aeabi_memcpy8               
ffffffff  __binit__                     
UNDEFED   __mpu_init                    
20000f00  __stack                       
20000000  __start___llvm_prf_bits       
20000000  __start___llvm_prf_cnts       
20000000  __stop___llvm_prf_bits        
20000000  __stop___llvm_prf_cnts        
00000ff9  _c_int00_noargs               
200008f0  _device                       
20000800  _ftable                       
200009c4  _lock                         
00000a5b  _nop                          
20000968  _stream                       
20000000  _sys_memory                   
UNDEFED   _system_post_cinit            
0000116b  _system_pre_init              
200009c8  _unlock                       
0000115d  abort                         
00001170  after_debug_msg               
000000c1  aligned_alloc                 
ffffffff  binit                         
00000c75  close                         
00001188  debug_message                 
00000eed  exit                          
00000f21  finddevice                    
000001d5  fputs                         
000002cd  free                          
0000114d  fseek                         
00000859  fseeko                        
000008c5  getdevice                     
00000000  interruptVectors              
00000fa9  lseek                         
00000495  main                          
0000112d  malloc                        
000000c1  memalign                      
00000565  memcpy                        
000009f9  memset                        
20000b90  parmbuf                       
00001049  puts                          
00001155  remove                        
000003b5  setvbuf                       
00000601  strcmp                        
00000f55  unlink                        
00000fd1  write                         


GLOBAL SYMBOLS: SORTED BY Symbol Address 

address   name                          
-------   ----                          
00000000  __TI_ATRegion0_region_sz      
00000000  __TI_ATRegion0_src_addr       
00000000  __TI_ATRegion0_trg_addr       
00000000  __TI_ATRegion1_region_sz      
00000000  __TI_ATRegion1_src_addr       
00000000  __TI_ATRegion1_trg_addr       
00000000  __TI_ATRegion2_region_sz      
00000000  __TI_ATRegion2_src_addr       
00000000  __TI_ATRegion2_trg_addr       
00000000  __TI_static_base__            
00000000  interruptVectors              
000000c1  aligned_alloc                 
000000c1  memalign                      
00000100  __STACK_SIZE                  
000001d5  fputs                         
000002cd  free                          
000003b5  setvbuf                       
00000495  main                          
00000565  memcpy                        
000005ff  ADC0_IRQHandler               
000005ff  DMA_IRQHandler                
000005ff  Default_Handler               
000005ff  GROUP0_IRQHandler             
000005ff  GROUP1_IRQHandler             
000005ff  HardFault_Handler             
000005ff  I2C0_IRQHandler               
000005ff  I2C1_IRQHandler               
000005ff  NMI_Handler                   
000005ff  PendSV_Handler                
000005ff  SPI0_IRQHandler               
000005ff  SVC_Handler                   
000005ff  SysTick_Handler               
000005ff  TIMG0_IRQHandler              
000005ff  TIMG1_IRQHandler              
000005ff  TIMG2_IRQHandler              
000005ff  TIMG4_IRQHandler              
000005ff  UART0_IRQHandler              
000005ff  UART1_IRQHandler              
00000601  strcmp                        
00000689  __TI_closefile                
00000705  __TI_decompress_lzss          
00000781  HOSTlseek                     
000007ed  HOSTrename                    
00000800  __SYSMEM_SIZE                 
00000859  fseeko                        
000008c5  getdevice                     
00000931  __TI_wrt_ok                   
000009f9  memset                        
00000a5b  _nop                          
00000a5d  HOSTopen                      
00000abd  SYSCFG_DL_UART_0_init         
00000b1d  HOSTread                      
00000b75  HOSTwrite                     
00000bcd  SYSCFG_DL_I2C_0_init          
00000c21  __TI_doflush                  
00000c75  close                         
00000cc5  DL_UART_init                  
00000d0d  HOSTclose                     
00000d55  HOSTunlink                    
00000d9d  SYSCFG_DL_GPIO_init           
00000de1  __TI_auto_init_nobinit_nopinit
00000e1d  SYSCFG_DL_initPower           
00000e51  __TI_cleanup                  
00000e85  __TI_readmsg                  
00000eb9  __TI_writemsg                 
00000ee5  C$$IO$$                       
00000eed  exit                          
00000f21  finddevice                    
00000f55  unlink                        
00000fa9  lseek                         
00000fd1  write                         
00000ff9  _c_int00_noargs               
00001021  DL_I2C_setClockConfig         
00001049  puts                          
0000106d  SYSCFG_DL_SYSCTL_init         
000010a5  SYSCFG_DL_init                
000010bd  __TI_zero_init_nomemset       
000010d3  DL_UART_setClockConfig        
000010e5  __TI_decompress_none          
00001121  __aeabi_memclr                
00001121  __aeabi_memclr4               
00001121  __aeabi_memclr8               
0000112d  malloc                        
00001139  DL_Common_delayCycles         
00001145  __aeabi_memcpy                
00001145  __aeabi_memcpy4               
00001145  __aeabi_memcpy8               
0000114d  fseek                         
00001155  remove                        
0000115d  abort                         
00001162  C$$EXIT                       
00001163  HOSTexit                      
00001167  Reset_Handler                 
0000116b  _system_pre_init              
00001170  after_debug_msg               
00001188  debug_message                 
00001224  __TI_Handler_Table_Base       
00001230  __TI_Handler_Table_Limit      
00001238  __TI_CINIT_Base               
00001248  __TI_CINIT_Limit              
00001248  __TI_CINIT_Warm               
20000000  __start___llvm_prf_bits       
20000000  __start___llvm_prf_cnts       
20000000  __stop___llvm_prf_bits        
20000000  __stop___llvm_prf_cnts        
20000000  _sys_memory                   
20000800  _ftable                       
200008f0  _device                       
20000968  _stream                       
200009b8  __TI_cleanup_ptr              
200009bc  __TI_dtors_ptr                
200009c0  __TI_ft_end                   
200009c4  _lock                         
200009c8  _unlock                       
200009d0  _CIOBUF_                      
200009d0  __CIOBUF_                     
20000af0  __TI_tmpnams                  
20000b90  parmbuf                       
20000f00  __stack                       
20001000  __STACK_END                   
ffffffff  __TI_pprof_out_hndl           
ffffffff  __TI_prof_data_size           
ffffffff  __TI_prof_data_start          
ffffffff  __binit__                     
ffffffff  binit                         
UNDEFED   __mpu_init                    
UNDEFED   _system_post_cinit            

[127 symbols]
