<?xml version="1.0" encoding="ISO-8859-1" ?>
<link_info>
   <banner>TI ARM Clang Linker PC v4.0.3.LTS</banner>
   <copyright>Copyright (c) 1996-2018 Texas Instruments Incorporated</copyright>
   <command_line>C:\ti\ccs2020\ccs\tools\compiler\ti-cgt-armllvm_4.0.3.LTS\bin\tiarmlnk -IC:\ti\ccs2020\ccs\tools\compiler\ti-cgt-armllvm_4.0.3.LTS\lib -o GPIO_Toggle.out -mGPIO_Toggle.map -iC:/ti/mspm0_sdk_2_05_00_05/source -iC:/Users/uih32851/workspace_ccstheia/GPIO_Toggle -iC:/Users/uih32851/workspace_ccstheia/GPIO_Toggle/Debug/syscfg -iC:/ti/ccs2020/ccs/tools/compiler/ti-cgt-armllvm_4.0.3.LTS/lib --diag_wrap=off --display_error_number --warn_sections --xml_link_info=GPIO_Toggle_linkInfo.xml --rom_model ./gpio_toggle_output.o ./ti_msp_dl_config.o ./startup_mspm0l130x_ticlang.o -l./device_linker.cmd -ldevice.cmd.genlibs -llibc.a --start-group -llibc++.a -llibc++abi.a -llibc.a -llibsys.a -llibsysbm.a -llibclang_rt.builtins.a -llibclang_rt.profile.a --end-group --cg_opt_level=2</command_line>
   <link_time>0x685e3bb3</link_time>
   <link_errors>0x0</link_errors>
   <output_file>C:\Users\uih32851\workspace_ccstheia\GPIO_Toggle\Debug\GPIO_Toggle.out</output_file>
   <entry_point>
      <name>_c_int00_noargs</name>
      <address>0xff9</address>
   </entry_point>
   <input_file_list>
      <input_file id="fl-1">
         <path>C:\Users\uih32851\workspace_ccstheia\GPIO_Toggle\Debug\.\</path>
         <kind>object</kind>
         <file>gpio_toggle_output.o</file>
         <name>gpio_toggle_output.o</name>
      </input_file>
      <input_file id="fl-2">
         <path>C:\Users\uih32851\workspace_ccstheia\GPIO_Toggle\Debug\.\</path>
         <kind>object</kind>
         <file>ti_msp_dl_config.o</file>
         <name>ti_msp_dl_config.o</name>
      </input_file>
      <input_file id="fl-3">
         <path>C:\Users\uih32851\workspace_ccstheia\GPIO_Toggle\Debug\.\</path>
         <kind>object</kind>
         <file>startup_mspm0l130x_ticlang.o</file>
         <name>startup_mspm0l130x_ticlang.o</name>
      </input_file>
      <input_file id="fl-10">
         <path>C:\Users\uih32851\workspace_ccstheia\GPIO_Toggle\Debug\</path>
         <kind>object</kind>
         <file>&lt;internal&gt;</file>
         <name>&lt;internal&gt;</name>
      </input_file>
      <input_file id="fl-11">
         <path>C:\ti\mspm0_sdk_2_05_00_05\source\ti\driverlib\lib\ticlang\m0p\mspm0l11xx_l13xx\</path>
         <kind>archive</kind>
         <file>driverlib.a</file>
         <name>dl_common.o</name>
      </input_file>
      <input_file id="fl-12">
         <path>C:\ti\mspm0_sdk_2_05_00_05\source\ti\driverlib\lib\ticlang\m0p\mspm0l11xx_l13xx\</path>
         <kind>archive</kind>
         <file>driverlib.a</file>
         <name>dl_i2c.o</name>
      </input_file>
      <input_file id="fl-13">
         <path>C:\ti\mspm0_sdk_2_05_00_05\source\ti\driverlib\lib\ticlang\m0p\mspm0l11xx_l13xx\</path>
         <kind>archive</kind>
         <file>driverlib.a</file>
         <name>dl_uart.o</name>
      </input_file>
      <input_file id="fl-2a">
         <path>C:\ti\ccs2020\ccs\tools\compiler\ti-cgt-armllvm_4.0.3.LTS\lib\armv6m-ti-none-eabi\c\</path>
         <kind>archive</kind>
         <file>libc.a</file>
         <name>fputs.c.obj</name>
      </input_file>
      <input_file id="fl-2b">
         <path>C:\ti\ccs2020\ccs\tools\compiler\ti-cgt-armllvm_4.0.3.LTS\lib\armv6m-ti-none-eabi\c\</path>
         <kind>archive</kind>
         <file>libc.a</file>
         <name>_io_perm.c.obj</name>
      </input_file>
      <input_file id="fl-2c">
         <path>C:\ti\ccs2020\ccs\tools\compiler\ti-cgt-armllvm_4.0.3.LTS\lib\armv6m-ti-none-eabi\c\</path>
         <kind>archive</kind>
         <file>libc.a</file>
         <name>setvbuf.c.obj</name>
      </input_file>
      <input_file id="fl-2d">
         <path>C:\ti\ccs2020\ccs\tools\compiler\ti-cgt-armllvm_4.0.3.LTS\lib\armv6m-ti-none-eabi\c\</path>
         <kind>archive</kind>
         <file>libc.a</file>
         <name>exit.c.obj</name>
      </input_file>
      <input_file id="fl-2e">
         <path>C:\ti\ccs2020\ccs\tools\compiler\ti-cgt-armllvm_4.0.3.LTS\lib\armv6m-ti-none-eabi\c\</path>
         <kind>archive</kind>
         <file>libc.a</file>
         <name>_lock.c.obj</name>
      </input_file>
      <input_file id="fl-2f">
         <path>C:\ti\ccs2020\ccs\tools\compiler\ti-cgt-armllvm_4.0.3.LTS\lib\armv6m-ti-none-eabi\c\</path>
         <kind>archive</kind>
         <file>libc.a</file>
         <name>defs.c.obj</name>
      </input_file>
      <input_file id="fl-30">
         <path>C:\ti\ccs2020\ccs\tools\compiler\ti-cgt-armllvm_4.0.3.LTS\lib\armv6m-ti-none-eabi\c\</path>
         <kind>archive</kind>
         <file>libc.a</file>
         <name>memory.c.obj</name>
      </input_file>
      <input_file id="fl-31">
         <path>C:\ti\ccs2020\ccs\tools\compiler\ti-cgt-armllvm_4.0.3.LTS\lib\armv6m-ti-none-eabi\c\</path>
         <kind>archive</kind>
         <file>libc.a</file>
         <name>boot_cortex_m.c.obj</name>
      </input_file>
      <input_file id="fl-32">
         <path>C:\ti\ccs2020\ccs\tools\compiler\ti-cgt-armllvm_4.0.3.LTS\lib\armv6m-ti-none-eabi\c\</path>
         <kind>archive</kind>
         <file>libc.a</file>
         <name>mathacl_init.c.obj</name>
      </input_file>
      <input_file id="fl-33">
         <path>C:\ti\ccs2020\ccs\tools\compiler\ti-cgt-armllvm_4.0.3.LTS\lib\armv6m-ti-none-eabi\c\</path>
         <kind>archive</kind>
         <file>libc.a</file>
         <name>autoinit.c.obj</name>
      </input_file>
      <input_file id="fl-34">
         <path>C:\ti\ccs2020\ccs\tools\compiler\ti-cgt-armllvm_4.0.3.LTS\lib\armv6m-ti-none-eabi\c\</path>
         <kind>archive</kind>
         <file>libc.a</file>
         <name>pre_init.c.obj</name>
      </input_file>
      <input_file id="fl-35">
         <path>C:\ti\ccs2020\ccs\tools\compiler\ti-cgt-armllvm_4.0.3.LTS\lib\armv6m-ti-none-eabi\c\</path>
         <kind>archive</kind>
         <file>libc.a</file>
         <name>cpy_tbl.c.obj</name>
      </input_file>
      <input_file id="fl-36">
         <path>C:\ti\ccs2020\ccs\tools\compiler\ti-cgt-armllvm_4.0.3.LTS\lib\armv6m-ti-none-eabi\c\</path>
         <kind>archive</kind>
         <file>libc.a</file>
         <name>copy_zero_init.c.obj</name>
      </input_file>
      <input_file id="fl-37">
         <path>C:\ti\ccs2020\ccs\tools\compiler\ti-cgt-armllvm_4.0.3.LTS\lib\armv6m-ti-none-eabi\c\</path>
         <kind>archive</kind>
         <file>libc.a</file>
         <name>copy_decompress_none.c.obj</name>
      </input_file>
      <input_file id="fl-38">
         <path>C:\ti\ccs2020\ccs\tools\compiler\ti-cgt-armllvm_4.0.3.LTS\lib\armv6m-ti-none-eabi\c\</path>
         <kind>archive</kind>
         <file>libc.a</file>
         <name>copy_decompress_lzss.c.obj</name>
      </input_file>
      <input_file id="fl-39">
         <path>C:\ti\ccs2020\ccs\tools\compiler\ti-cgt-armllvm_4.0.3.LTS\lib\armv6m-ti-none-eabi\c\</path>
         <kind>archive</kind>
         <file>libc.a</file>
         <name>fflush.c.obj</name>
      </input_file>
      <input_file id="fl-3a">
         <path>C:\ti\ccs2020\ccs\tools\compiler\ti-cgt-armllvm_4.0.3.LTS\lib\armv6m-ti-none-eabi\c\</path>
         <kind>archive</kind>
         <file>libc.a</file>
         <name>fopen.c.obj</name>
      </input_file>
      <input_file id="fl-3b">
         <path>C:\ti\ccs2020\ccs\tools\compiler\ti-cgt-armllvm_4.0.3.LTS\lib\armv6m-ti-none-eabi\c\</path>
         <kind>archive</kind>
         <file>libc.a</file>
         <name>fseek.c.obj</name>
      </input_file>
      <input_file id="fl-3c">
         <path>C:\ti\ccs2020\ccs\tools\compiler\ti-cgt-armllvm_4.0.3.LTS\lib\armv6m-ti-none-eabi\c\</path>
         <kind>archive</kind>
         <file>libc.a</file>
         <name>aeabi_portable.c.obj</name>
      </input_file>
      <input_file id="fl-3d">
         <path>C:\ti\ccs2020\ccs\tools\compiler\ti-cgt-armllvm_4.0.3.LTS\lib\armv6m-ti-none-eabi\c\</path>
         <kind>archive</kind>
         <file>libc.a</file>
         <name>args_main.c.obj</name>
      </input_file>
      <input_file id="fl-3e">
         <path>C:\ti\ccs2020\ccs\tools\compiler\ti-cgt-armllvm_4.0.3.LTS\lib\armv6m-ti-none-eabi\c\</path>
         <kind>archive</kind>
         <file>libc.a</file>
         <name>assert.c.obj</name>
      </input_file>
      <input_file id="fl-3f">
         <path>C:\ti\ccs2020\ccs\tools\compiler\ti-cgt-armllvm_4.0.3.LTS\lib\armv6m-ti-none-eabi\c\</path>
         <kind>archive</kind>
         <file>libc.a</file>
         <name>sprintf.c.obj</name>
      </input_file>
      <input_file id="fl-40">
         <path>C:\ti\ccs2020\ccs\tools\compiler\ti-cgt-armllvm_4.0.3.LTS\lib\armv6m-ti-none-eabi\c\</path>
         <kind>archive</kind>
         <file>libc.a</file>
         <name>fclose.c.obj</name>
      </input_file>
      <input_file id="fl-41">
         <path>C:\ti\ccs2020\ccs\tools\compiler\ti-cgt-armllvm_4.0.3.LTS\lib\armv6m-ti-none-eabi\c\</path>
         <kind>archive</kind>
         <file>libc.a</file>
         <name>_printfi.c.obj</name>
      </input_file>
      <input_file id="fl-42">
         <path>C:\ti\ccs2020\ccs\tools\compiler\ti-cgt-armllvm_4.0.3.LTS\lib\armv6m-ti-none-eabi\c\</path>
         <kind>archive</kind>
         <file>libc.a</file>
         <name>s_frexp.c.obj</name>
      </input_file>
      <input_file id="fl-43">
         <path>C:\ti\ccs2020\ccs\tools\compiler\ti-cgt-armllvm_4.0.3.LTS\lib\armv6m-ti-none-eabi\c\</path>
         <kind>archive</kind>
         <file>libc.a</file>
         <name>s_scalbn.c.obj</name>
      </input_file>
      <input_file id="fl-44">
         <path>C:\ti\ccs2020\ccs\tools\compiler\ti-cgt-armllvm_4.0.3.LTS\lib\armv6m-ti-none-eabi\c\</path>
         <kind>archive</kind>
         <file>libc.a</file>
         <name>wcslen.c.obj</name>
      </input_file>
      <input_file id="fl-45">
         <path>C:\ti\ccs2020\ccs\tools\compiler\ti-cgt-armllvm_4.0.3.LTS\lib\armv6m-ti-none-eabi\c\</path>
         <kind>archive</kind>
         <file>libc.a</file>
         <name>_ltoa.c.obj</name>
      </input_file>
      <input_file id="fl-46">
         <path>C:\ti\ccs2020\ccs\tools\compiler\ti-cgt-armllvm_4.0.3.LTS\lib\armv6m-ti-none-eabi\c\</path>
         <kind>archive</kind>
         <file>libc.a</file>
         <name>atoi.c.obj</name>
      </input_file>
      <input_file id="fl-47">
         <path>C:\ti\ccs2020\ccs\tools\compiler\ti-cgt-armllvm_4.0.3.LTS\lib\armv6m-ti-none-eabi\c\</path>
         <kind>archive</kind>
         <file>libc.a</file>
         <name>memccpy.c.obj</name>
      </input_file>
      <input_file id="fl-48">
         <path>C:\ti\ccs2020\ccs\tools\compiler\ti-cgt-armllvm_4.0.3.LTS\lib\armv6m-ti-none-eabi\c\</path>
         <kind>archive</kind>
         <file>libc.a</file>
         <name>aeabi_ctype.S.obj</name>
      </input_file>
      <input_file id="fl-e8">
         <path>C:\ti\ccs2020\ccs\tools\compiler\ti-cgt-armllvm_4.0.3.LTS\lib\armv6m-ti-none-eabi\c\</path>
         <kind>archive</kind>
         <file>libsysbm.a</file>
         <name>hostexit.c.obj</name>
      </input_file>
      <input_file id="fl-e9">
         <path>C:\ti\ccs2020\ccs\tools\compiler\ti-cgt-armllvm_4.0.3.LTS\lib\armv6m-ti-none-eabi\c\</path>
         <kind>archive</kind>
         <file>libsysbm.a</file>
         <name>write.c.obj</name>
      </input_file>
      <input_file id="fl-ea">
         <path>C:\ti\ccs2020\ccs\tools\compiler\ti-cgt-armllvm_4.0.3.LTS\lib\armv6m-ti-none-eabi\c\</path>
         <kind>archive</kind>
         <file>libsysbm.a</file>
         <name>host_device.c.obj</name>
      </input_file>
      <input_file id="fl-eb">
         <path>C:\ti\ccs2020\ccs\tools\compiler\ti-cgt-armllvm_4.0.3.LTS\lib\armv6m-ti-none-eabi\c\</path>
         <kind>archive</kind>
         <file>libsysbm.a</file>
         <name>remove.c.obj</name>
      </input_file>
      <input_file id="fl-ec">
         <path>C:\ti\ccs2020\ccs\tools\compiler\ti-cgt-armllvm_4.0.3.LTS\lib\armv6m-ti-none-eabi\c\</path>
         <kind>archive</kind>
         <file>libsysbm.a</file>
         <name>open.c.obj</name>
      </input_file>
      <input_file id="fl-ed">
         <path>C:\ti\ccs2020\ccs\tools\compiler\ti-cgt-armllvm_4.0.3.LTS\lib\armv6m-ti-none-eabi\c\</path>
         <kind>archive</kind>
         <file>libsysbm.a</file>
         <name>lseek.c.obj</name>
      </input_file>
      <input_file id="fl-ee">
         <path>C:\ti\ccs2020\ccs\tools\compiler\ti-cgt-armllvm_4.0.3.LTS\lib\armv6m-ti-none-eabi\c\</path>
         <kind>archive</kind>
         <file>libsysbm.a</file>
         <name>close.c.obj</name>
      </input_file>
      <input_file id="fl-ef">
         <path>C:\ti\ccs2020\ccs\tools\compiler\ti-cgt-armllvm_4.0.3.LTS\lib\armv6m-ti-none-eabi\c\</path>
         <kind>archive</kind>
         <file>libsysbm.a</file>
         <name>unlink.c.obj</name>
      </input_file>
      <input_file id="fl-f0">
         <path>C:\ti\ccs2020\ccs\tools\compiler\ti-cgt-armllvm_4.0.3.LTS\lib\armv6m-ti-none-eabi\c\</path>
         <kind>archive</kind>
         <file>libsysbm.a</file>
         <name>hostclose.c.obj</name>
      </input_file>
      <input_file id="fl-f1">
         <path>C:\ti\ccs2020\ccs\tools\compiler\ti-cgt-armllvm_4.0.3.LTS\lib\armv6m-ti-none-eabi\c\</path>
         <kind>archive</kind>
         <file>libsysbm.a</file>
         <name>hostlseek.c.obj</name>
      </input_file>
      <input_file id="fl-f2">
         <path>C:\ti\ccs2020\ccs\tools\compiler\ti-cgt-armllvm_4.0.3.LTS\lib\armv6m-ti-none-eabi\c\</path>
         <kind>archive</kind>
         <file>libsysbm.a</file>
         <name>hostopen.c.obj</name>
      </input_file>
      <input_file id="fl-f3">
         <path>C:\ti\ccs2020\ccs\tools\compiler\ti-cgt-armllvm_4.0.3.LTS\lib\armv6m-ti-none-eabi\c\</path>
         <kind>archive</kind>
         <file>libsysbm.a</file>
         <name>hostread.c.obj</name>
      </input_file>
      <input_file id="fl-f4">
         <path>C:\ti\ccs2020\ccs\tools\compiler\ti-cgt-armllvm_4.0.3.LTS\lib\armv6m-ti-none-eabi\c\</path>
         <kind>archive</kind>
         <file>libsysbm.a</file>
         <name>hostrename.c.obj</name>
      </input_file>
      <input_file id="fl-f5">
         <path>C:\ti\ccs2020\ccs\tools\compiler\ti-cgt-armllvm_4.0.3.LTS\lib\armv6m-ti-none-eabi\c\</path>
         <kind>archive</kind>
         <file>libsysbm.a</file>
         <name>hostunlink.c.obj</name>
      </input_file>
      <input_file id="fl-f6">
         <path>C:\ti\ccs2020\ccs\tools\compiler\ti-cgt-armllvm_4.0.3.LTS\lib\armv6m-ti-none-eabi\c\</path>
         <kind>archive</kind>
         <file>libsysbm.a</file>
         <name>hostwrite.c.obj</name>
      </input_file>
      <input_file id="fl-f7">
         <path>C:\ti\ccs2020\ccs\tools\compiler\ti-cgt-armllvm_4.0.3.LTS\lib\armv6m-ti-none-eabi\c\</path>
         <kind>archive</kind>
         <file>libsysbm.a</file>
         <name>trgmsg.c.obj</name>
      </input_file>
      <input_file id="fl-f8">
         <path>C:\ti\ccs2020\ccs\tools\compiler\ti-cgt-armllvm_4.0.3.LTS\lib\armv6m-ti-none-eabi\</path>
         <kind>archive</kind>
         <file>libclang_rt.builtins.a</file>
         <name>adddf3.S.obj</name>
      </input_file>
      <input_file id="fl-f9">
         <path>C:\ti\ccs2020\ccs\tools\compiler\ti-cgt-armllvm_4.0.3.LTS\lib\armv6m-ti-none-eabi\</path>
         <kind>archive</kind>
         <file>libclang_rt.builtins.a</file>
         <name>muldf3.S.obj</name>
      </input_file>
      <input_file id="fl-fa">
         <path>C:\ti\ccs2020\ccs\tools\compiler\ti-cgt-armllvm_4.0.3.LTS\lib\armv6m-ti-none-eabi\</path>
         <kind>archive</kind>
         <file>libclang_rt.builtins.a</file>
         <name>muldsi3.S.obj</name>
      </input_file>
      <input_file id="fl-fb">
         <path>C:\ti\ccs2020\ccs\tools\compiler\ti-cgt-armllvm_4.0.3.LTS\lib\armv6m-ti-none-eabi\</path>
         <kind>archive</kind>
         <file>libclang_rt.builtins.a</file>
         <name>divdf3.S.obj</name>
      </input_file>
      <input_file id="fl-fc">
         <path>C:\ti\ccs2020\ccs\tools\compiler\ti-cgt-armllvm_4.0.3.LTS\lib\armv6m-ti-none-eabi\</path>
         <kind>archive</kind>
         <file>libclang_rt.builtins.a</file>
         <name>fixdfsi.S.obj</name>
      </input_file>
      <input_file id="fl-fd">
         <path>C:\ti\ccs2020\ccs\tools\compiler\ti-cgt-armllvm_4.0.3.LTS\lib\armv6m-ti-none-eabi\</path>
         <kind>archive</kind>
         <file>libclang_rt.builtins.a</file>
         <name>floatsidf.S.obj</name>
      </input_file>
      <input_file id="fl-fe">
         <path>C:\ti\ccs2020\ccs\tools\compiler\ti-cgt-armllvm_4.0.3.LTS\lib\armv6m-ti-none-eabi\</path>
         <kind>archive</kind>
         <file>libclang_rt.builtins.a</file>
         <name>muldi3.S.obj</name>
      </input_file>
      <input_file id="fl-ff">
         <path>C:\ti\ccs2020\ccs\tools\compiler\ti-cgt-armllvm_4.0.3.LTS\lib\armv6m-ti-none-eabi\</path>
         <kind>archive</kind>
         <file>libclang_rt.builtins.a</file>
         <name>aeabi_dcmp.S.obj</name>
      </input_file>
      <input_file id="fl-100">
         <path>C:\ti\ccs2020\ccs\tools\compiler\ti-cgt-armllvm_4.0.3.LTS\lib\armv6m-ti-none-eabi\</path>
         <kind>archive</kind>
         <file>libclang_rt.builtins.a</file>
         <name>aeabi_idivmod.S.obj</name>
      </input_file>
      <input_file id="fl-101">
         <path>C:\ti\ccs2020\ccs\tools\compiler\ti-cgt-armllvm_4.0.3.LTS\lib\armv6m-ti-none-eabi\</path>
         <kind>archive</kind>
         <file>libclang_rt.builtins.a</file>
         <name>aeabi_memcpy.S.obj</name>
      </input_file>
      <input_file id="fl-102">
         <path>C:\ti\ccs2020\ccs\tools\compiler\ti-cgt-armllvm_4.0.3.LTS\lib\armv6m-ti-none-eabi\</path>
         <kind>archive</kind>
         <file>libclang_rt.builtins.a</file>
         <name>aeabi_memset.S.obj</name>
      </input_file>
      <input_file id="fl-103">
         <path>C:\ti\ccs2020\ccs\tools\compiler\ti-cgt-armllvm_4.0.3.LTS\lib\armv6m-ti-none-eabi\</path>
         <kind>archive</kind>
         <file>libclang_rt.builtins.a</file>
         <name>aeabi_uidivmod.S.obj</name>
      </input_file>
      <input_file id="fl-104">
         <path>C:\ti\ccs2020\ccs\tools\compiler\ti-cgt-armllvm_4.0.3.LTS\lib\armv6m-ti-none-eabi\</path>
         <kind>archive</kind>
         <file>libclang_rt.builtins.a</file>
         <name>aeabi_uldivmod.S.obj</name>
      </input_file>
      <input_file id="fl-105">
         <path>C:\ti\ccs2020\ccs\tools\compiler\ti-cgt-armllvm_4.0.3.LTS\lib\armv6m-ti-none-eabi\</path>
         <kind>archive</kind>
         <file>libclang_rt.builtins.a</file>
         <name>udivmoddi4.S.obj</name>
      </input_file>
      <input_file id="fl-106">
         <path>C:\ti\ccs2020\ccs\tools\compiler\ti-cgt-armllvm_4.0.3.LTS\lib\armv6m-ti-none-eabi\</path>
         <kind>archive</kind>
         <file>libclang_rt.builtins.a</file>
         <name>ashldi3.S.obj</name>
      </input_file>
      <input_file id="fl-107">
         <path>C:\ti\ccs2020\ccs\tools\compiler\ti-cgt-armllvm_4.0.3.LTS\lib\armv6m-ti-none-eabi\</path>
         <kind>archive</kind>
         <file>libclang_rt.builtins.a</file>
         <name>comparedf2.c.obj</name>
      </input_file>
      <input_file id="fl-108">
         <path>C:\ti\ccs2020\ccs\tools\compiler\ti-cgt-armllvm_4.0.3.LTS\lib\armv6m-ti-none-eabi\</path>
         <kind>archive</kind>
         <file>libclang_rt.builtins.a</file>
         <name>aeabi_div0.c.obj</name>
      </input_file>
      <input_file id="fl-109">
         <path>C:\ti\ccs2020\ccs\tools\compiler\ti-cgt-armllvm_4.0.3.LTS\lib\armv6m-ti-none-eabi\c\</path>
         <kind>archive</kind>
         <file>libc.a</file>
         <name>getdevice.c.obj</name>
      </input_file>
      <input_file id="fl-10a">
         <path>C:\ti\ccs2020\ccs\tools\compiler\ti-cgt-armllvm_4.0.3.LTS\lib\armv6m-ti-none-eabi\c\</path>
         <kind>archive</kind>
         <file>libc.a</file>
         <name>memcpy16.S.obj</name>
      </input_file>
      <input_file id="fl-10b">
         <path>C:\ti\ccs2020\ccs\tools\compiler\ti-cgt-armllvm_4.0.3.LTS\lib\armv6m-ti-none-eabi\c\</path>
         <kind>archive</kind>
         <file>libc.a</file>
         <name>memset16.S.obj</name>
      </input_file>
      <input_file id="fl-10c">
         <path>C:\ti\ccs2020\ccs\tools\compiler\ti-cgt-armllvm_4.0.3.LTS\lib\armv6m-ti-none-eabi\c\</path>
         <kind>archive</kind>
         <file>libc.a</file>
         <name>strcmp-armv6m.S.obj</name>
      </input_file>
   </input_file_list>
   <object_component_list>
      <object_component id="oc-18">
         <name>.intvecs</name>
         <load_address>0x0</load_address>
         <readonly>true</readonly>
         <run_address>0x0</run_address>
         <size>0xc0</size>
         <alignment>0x4</alignment>
         <input_file_ref idref="fl-3"/>
      </object_component>
      <object_component id="oc-139">
         <name>.text.aligned_alloc</name>
         <load_address>0xc0</load_address>
         <readonly>true</readonly>
         <executable>true</executable>
         <run_address>0xc0</run_address>
         <size>0x114</size>
         <alignment>0x4</alignment>
         <input_file_ref idref="fl-30"/>
      </object_component>
      <object_component id="oc-b9">
         <name>.text.fputs</name>
         <load_address>0x1d4</load_address>
         <readonly>true</readonly>
         <executable>true</executable>
         <run_address>0x1d4</run_address>
         <size>0xf8</size>
         <alignment>0x4</alignment>
         <input_file_ref idref="fl-2a"/>
      </object_component>
      <object_component id="oc-11b">
         <name>.text.free</name>
         <load_address>0x2cc</load_address>
         <readonly>true</readonly>
         <executable>true</executable>
         <run_address>0x2cc</run_address>
         <size>0xe8</size>
         <alignment>0x4</alignment>
         <input_file_ref idref="fl-30"/>
      </object_component>
      <object_component id="oc-10b">
         <name>.text.setvbuf</name>
         <load_address>0x3b4</load_address>
         <readonly>true</readonly>
         <executable>true</executable>
         <run_address>0x3b4</run_address>
         <size>0xe0</size>
         <alignment>0x4</alignment>
         <input_file_ref idref="fl-2c"/>
      </object_component>
      <object_component id="oc-63">
         <name>.text.main</name>
         <load_address>0x494</load_address>
         <readonly>true</readonly>
         <executable>true</executable>
         <run_address>0x494</run_address>
         <size>0xd0</size>
         <alignment>0x4</alignment>
         <input_file_ref idref="fl-1"/>
      </object_component>
      <object_component id="oc-78">
         <name>.text:memcpy</name>
         <load_address>0x564</load_address>
         <readonly>true</readonly>
         <executable>true</executable>
         <run_address>0x564</run_address>
         <size>0x9a</size>
         <alignment>0x1</alignment>
         <input_file_ref idref="fl-10a"/>
      </object_component>
      <object_component id="oc-33">
         <name>.text.Default_Handler</name>
         <load_address>0x5fe</load_address>
         <readonly>true</readonly>
         <executable>true</executable>
         <run_address>0x5fe</run_address>
         <size>0x2</size>
         <alignment>0x2</alignment>
         <input_file_ref idref="fl-3"/>
      </object_component>
      <object_component id="oc-1a9">
         <name>.text:strcmp</name>
         <load_address>0x600</load_address>
         <readonly>true</readonly>
         <executable>true</executable>
         <run_address>0x600</run_address>
         <size>0x88</size>
         <alignment>0x10</alignment>
         <input_file_ref idref="fl-10c"/>
      </object_component>
      <object_component id="oc-13a">
         <name>.text.__TI_closefile</name>
         <load_address>0x688</load_address>
         <readonly>true</readonly>
         <executable>true</executable>
         <run_address>0x688</run_address>
         <size>0x7c</size>
         <alignment>0x4</alignment>
         <input_file_ref idref="fl-40"/>
      </object_component>
      <object_component id="oc-1c">
         <name>.text:decompress:lzss</name>
         <load_address>0x704</load_address>
         <readonly>true</readonly>
         <executable>true</executable>
         <run_address>0x704</run_address>
         <size>0x7c</size>
         <alignment>0x4</alignment>
         <input_file_ref idref="fl-38"/>
      </object_component>
      <object_component id="oc-153">
         <name>.text.HOSTlseek</name>
         <load_address>0x780</load_address>
         <readonly>true</readonly>
         <executable>true</executable>
         <run_address>0x780</run_address>
         <size>0x6c</size>
         <alignment>0x4</alignment>
         <input_file_ref idref="fl-f1"/>
      </object_component>
      <object_component id="oc-15b">
         <name>.text.HOSTrename</name>
         <load_address>0x7ec</load_address>
         <readonly>true</readonly>
         <executable>true</executable>
         <run_address>0x7ec</run_address>
         <size>0x6c</size>
         <alignment>0x4</alignment>
         <input_file_ref idref="fl-f4"/>
      </object_component>
      <object_component id="oc-118">
         <name>.text.fseeko</name>
         <load_address>0x858</load_address>
         <readonly>true</readonly>
         <executable>true</executable>
         <run_address>0x858</run_address>
         <size>0x6c</size>
         <alignment>0x4</alignment>
         <input_file_ref idref="fl-3b"/>
      </object_component>
      <object_component id="oc-19d">
         <name>.text.getdevice</name>
         <load_address>0x8c4</load_address>
         <readonly>true</readonly>
         <executable>true</executable>
         <run_address>0x8c4</run_address>
         <size>0x6c</size>
         <alignment>0x4</alignment>
         <input_file_ref idref="fl-109"/>
      </object_component>
      <object_component id="oc-e3">
         <name>.text.__TI_wrt_ok</name>
         <load_address>0x930</load_address>
         <readonly>true</readonly>
         <executable>true</executable>
         <run_address>0x930</run_address>
         <size>0x64</size>
         <alignment>0x2</alignment>
         <input_file_ref idref="fl-2b"/>
      </object_component>
      <object_component id="oc-165">
         <name>.text.split</name>
         <load_address>0x994</load_address>
         <readonly>true</readonly>
         <executable>true</executable>
         <run_address>0x994</run_address>
         <size>0x64</size>
         <alignment>0x4</alignment>
         <input_file_ref idref="fl-30"/>
      </object_component>
      <object_component id="oc-b0">
         <name>.text:memset</name>
         <load_address>0x9f8</load_address>
         <readonly>true</readonly>
         <executable>true</executable>
         <run_address>0x9f8</run_address>
         <size>0x62</size>
         <alignment>0x1</alignment>
         <input_file_ref idref="fl-10b"/>
      </object_component>
      <object_component id="oc-f8">
         <name>.text._nop</name>
         <load_address>0xa5a</load_address>
         <readonly>true</readonly>
         <executable>true</executable>
         <run_address>0xa5a</run_address>
         <size>0x2</size>
         <alignment>0x2</alignment>
         <input_file_ref idref="fl-2e"/>
      </object_component>
      <object_component id="oc-143">
         <name>.text.HOSTopen</name>
         <load_address>0xa5c</load_address>
         <readonly>true</readonly>
         <executable>true</executable>
         <run_address>0xa5c</run_address>
         <size>0x60</size>
         <alignment>0x4</alignment>
         <input_file_ref idref="fl-f2"/>
      </object_component>
      <object_component id="oc-b6">
         <name>.text.SYSCFG_DL_UART_0_init</name>
         <load_address>0xabc</load_address>
         <readonly>true</readonly>
         <executable>true</executable>
         <run_address>0xabc</run_address>
         <size>0x60</size>
         <alignment>0x4</alignment>
         <input_file_ref idref="fl-2"/>
      </object_component>
      <object_component id="oc-14b">
         <name>.text.HOSTread</name>
         <load_address>0xb1c</load_address>
         <readonly>true</readonly>
         <executable>true</executable>
         <run_address>0xb1c</run_address>
         <size>0x58</size>
         <alignment>0x4</alignment>
         <input_file_ref idref="fl-f3"/>
      </object_component>
      <object_component id="oc-14f">
         <name>.text.HOSTwrite</name>
         <load_address>0xb74</load_address>
         <readonly>true</readonly>
         <executable>true</executable>
         <run_address>0xb74</run_address>
         <size>0x58</size>
         <alignment>0x4</alignment>
         <input_file_ref idref="fl-f6"/>
      </object_component>
      <object_component id="oc-b5">
         <name>.text.SYSCFG_DL_I2C_0_init</name>
         <load_address>0xbcc</load_address>
         <readonly>true</readonly>
         <executable>true</executable>
         <run_address>0xbcc</run_address>
         <size>0x54</size>
         <alignment>0x4</alignment>
         <input_file_ref idref="fl-2"/>
      </object_component>
      <object_component id="oc-ed">
         <name>.text.__TI_doflush</name>
         <load_address>0xc20</load_address>
         <readonly>true</readonly>
         <executable>true</executable>
         <run_address>0xc20</run_address>
         <size>0x52</size>
         <alignment>0x2</alignment>
         <input_file_ref idref="fl-39"/>
      </object_component>
      <object_component id="oc-167">
         <name>.text.close</name>
         <load_address>0xc74</load_address>
         <readonly>true</readonly>
         <executable>true</executable>
         <run_address>0xc74</run_address>
         <size>0x50</size>
         <alignment>0x4</alignment>
         <input_file_ref idref="fl-ee"/>
      </object_component>
      <object_component id="oc-e0">
         <name>.text.DL_UART_init</name>
         <load_address>0xcc4</load_address>
         <readonly>true</readonly>
         <executable>true</executable>
         <run_address>0xcc4</run_address>
         <size>0x48</size>
         <alignment>0x4</alignment>
         <input_file_ref idref="fl-13"/>
      </object_component>
      <object_component id="oc-147">
         <name>.text.HOSTclose</name>
         <load_address>0xd0c</load_address>
         <readonly>true</readonly>
         <executable>true</executable>
         <run_address>0xd0c</run_address>
         <size>0x48</size>
         <alignment>0x4</alignment>
         <input_file_ref idref="fl-f0"/>
      </object_component>
      <object_component id="oc-157">
         <name>.text.HOSTunlink</name>
         <load_address>0xd54</load_address>
         <readonly>true</readonly>
         <executable>true</executable>
         <run_address>0xd54</run_address>
         <size>0x48</size>
         <alignment>0x4</alignment>
         <input_file_ref idref="fl-f5"/>
      </object_component>
      <object_component id="oc-b2">
         <name>.text.SYSCFG_DL_GPIO_init</name>
         <load_address>0xd9c</load_address>
         <readonly>true</readonly>
         <executable>true</executable>
         <run_address>0xd9c</run_address>
         <size>0x44</size>
         <alignment>0x4</alignment>
         <input_file_ref idref="fl-2"/>
      </object_component>
      <object_component id="oc-98">
         <name>.text:__TI_auto_init_nobinit_nopinit</name>
         <load_address>0xde0</load_address>
         <readonly>true</readonly>
         <executable>true</executable>
         <run_address>0xde0</run_address>
         <size>0x3c</size>
         <alignment>0x4</alignment>
         <input_file_ref idref="fl-33"/>
      </object_component>
      <object_component id="oc-b1">
         <name>.text.SYSCFG_DL_initPower</name>
         <load_address>0xe1c</load_address>
         <readonly>true</readonly>
         <executable>true</executable>
         <run_address>0xe1c</run_address>
         <size>0x34</size>
         <alignment>0x4</alignment>
         <input_file_ref idref="fl-2"/>
      </object_component>
      <object_component id="oc-122">
         <name>.text.__TI_cleanup</name>
         <load_address>0xe50</load_address>
         <readonly>true</readonly>
         <executable>true</executable>
         <run_address>0xe50</run_address>
         <size>0x34</size>
         <alignment>0x4</alignment>
         <input_file_ref idref="fl-3a"/>
      </object_component>
      <object_component id="oc-178">
         <name>.text.__TI_readmsg</name>
         <load_address>0xe84</load_address>
         <readonly>true</readonly>
         <executable>true</executable>
         <run_address>0xe84</run_address>
         <size>0x34</size>
         <alignment>0x4</alignment>
         <input_file_ref idref="fl-f7"/>
      </object_component>
      <object_component id="oc-172">
         <name>.text.__TI_writemsg</name>
         <load_address>0xeb8</load_address>
         <readonly>true</readonly>
         <executable>true</executable>
         <run_address>0xeb8</run_address>
         <size>0x34</size>
         <alignment>0x4</alignment>
         <input_file_ref idref="fl-f7"/>
      </object_component>
      <object_component id="oc-96">
         <name>.text.exit</name>
         <load_address>0xeec</load_address>
         <readonly>true</readonly>
         <executable>true</executable>
         <run_address>0xeec</run_address>
         <size>0x34</size>
         <alignment>0x4</alignment>
         <input_file_ref idref="fl-2d"/>
      </object_component>
      <object_component id="oc-1a6">
         <name>.text.finddevice</name>
         <load_address>0xf20</load_address>
         <readonly>true</readonly>
         <executable>true</executable>
         <run_address>0xf20</run_address>
         <size>0x34</size>
         <alignment>0x4</alignment>
         <input_file_ref idref="fl-109"/>
      </object_component>
      <object_component id="oc-193">
         <name>.text.unlink</name>
         <load_address>0xf54</load_address>
         <readonly>true</readonly>
         <executable>true</executable>
         <run_address>0xf54</run_address>
         <size>0x2c</size>
         <alignment>0x4</alignment>
         <input_file_ref idref="fl-ef"/>
      </object_component>
      <object_component id="oc-135">
         <name>.text.free_list_insert</name>
         <load_address>0xf80</load_address>
         <readonly>true</readonly>
         <executable>true</executable>
         <run_address>0xf80</run_address>
         <size>0x28</size>
         <alignment>0x4</alignment>
         <input_file_ref idref="fl-30"/>
      </object_component>
      <object_component id="oc-12f">
         <name>.text.lseek</name>
         <load_address>0xfa8</load_address>
         <readonly>true</readonly>
         <executable>true</executable>
         <run_address>0xfa8</run_address>
         <size>0x28</size>
         <alignment>0x4</alignment>
         <input_file_ref idref="fl-ed"/>
      </object_component>
      <object_component id="oc-e9">
         <name>.text.write</name>
         <load_address>0xfd0</load_address>
         <readonly>true</readonly>
         <executable>true</executable>
         <run_address>0xfd0</run_address>
         <size>0x28</size>
         <alignment>0x4</alignment>
         <input_file_ref idref="fl-e9"/>
      </object_component>
      <object_component id="oc-4f">
         <name>.text:_c_int00_noargs</name>
         <load_address>0xff8</load_address>
         <readonly>true</readonly>
         <executable>true</executable>
         <run_address>0xff8</run_address>
         <size>0x28</size>
         <alignment>0x4</alignment>
         <input_file_ref idref="fl-31"/>
      </object_component>
      <object_component id="oc-d3">
         <name>.text.DL_I2C_setClockConfig</name>
         <load_address>0x1020</load_address>
         <readonly>true</readonly>
         <executable>true</executable>
         <run_address>0x1020</run_address>
         <size>0x26</size>
         <alignment>0x2</alignment>
         <input_file_ref idref="fl-12"/>
      </object_component>
      <object_component id="oc-82">
         <name>.text.puts</name>
         <load_address>0x1048</load_address>
         <readonly>true</readonly>
         <executable>true</executable>
         <run_address>0x1048</run_address>
         <size>0x24</size>
         <alignment>0x4</alignment>
         <input_file_ref idref="fl-2a"/>
      </object_component>
      <object_component id="oc-b3">
         <name>.text.SYSCFG_DL_SYSCTL_init</name>
         <load_address>0x106c</load_address>
         <readonly>true</readonly>
         <executable>true</executable>
         <run_address>0x106c</run_address>
         <size>0x1c</size>
         <alignment>0x4</alignment>
         <input_file_ref idref="fl-2"/>
      </object_component>
      <object_component id="oc-133">
         <name>.text.free_list_remove</name>
         <load_address>0x1088</load_address>
         <readonly>true</readonly>
         <executable>true</executable>
         <run_address>0x1088</run_address>
         <size>0x1c</size>
         <alignment>0x4</alignment>
         <input_file_ref idref="fl-30"/>
      </object_component>
      <object_component id="oc-7d">
         <name>.text.SYSCFG_DL_init</name>
         <load_address>0x10a4</load_address>
         <readonly>true</readonly>
         <executable>true</executable>
         <run_address>0x10a4</run_address>
         <size>0x18</size>
         <alignment>0x2</alignment>
         <input_file_ref idref="fl-2"/>
      </object_component>
      <object_component id="oc-46">
         <name>.text:decompress:ZI:__TI_zero_init_nomemset</name>
         <load_address>0x10bc</load_address>
         <readonly>true</readonly>
         <executable>true</executable>
         <run_address>0x10bc</run_address>
         <size>0x16</size>
         <alignment>0x2</alignment>
         <input_file_ref idref="fl-36"/>
      </object_component>
      <object_component id="oc-da">
         <name>.text.DL_UART_setClockConfig</name>
         <load_address>0x10d2</load_address>
         <readonly>true</readonly>
         <executable>true</executable>
         <run_address>0x10d2</run_address>
         <size>0x12</size>
         <alignment>0x2</alignment>
         <input_file_ref idref="fl-13"/>
      </object_component>
      <object_component id="oc-20">
         <name>.text:decompress:none</name>
         <load_address>0x10e4</load_address>
         <readonly>true</readonly>
         <executable>true</executable>
         <run_address>0x10e4</run_address>
         <size>0x12</size>
         <alignment>0x2</alignment>
         <input_file_ref idref="fl-37"/>
      </object_component>
      <object_component id="oc-134">
         <name>.text.OUTLINED_FUNCTION_0</name>
         <load_address>0x10f6</load_address>
         <readonly>true</readonly>
         <executable>true</executable>
         <run_address>0x10f6</run_address>
         <size>0xe</size>
         <alignment>0x2</alignment>
         <input_file_ref idref="fl-30"/>
      </object_component>
      <object_component id="oc-18c">
         <name>.text.strcpy</name>
         <load_address>0x1104</load_address>
         <readonly>true</readonly>
         <executable>true</executable>
         <run_address>0x1104</run_address>
         <size>0xe</size>
         <alignment>0x2</alignment>
         <input_file_ref idref="fl-f4"/>
      </object_component>
      <object_component id="oc-18d">
         <name>.text.strlen</name>
         <load_address>0x1112</load_address>
         <readonly>true</readonly>
         <executable>true</executable>
         <run_address>0x1112</run_address>
         <size>0xe</size>
         <alignment>0x2</alignment>
         <input_file_ref idref="fl-f4"/>
      </object_component>
      <object_component id="oc-5a">
         <name>.text.__aeabi_memclr</name>
         <load_address>0x1120</load_address>
         <readonly>true</readonly>
         <executable>true</executable>
         <run_address>0x1120</run_address>
         <size>0xc</size>
         <alignment>0x4</alignment>
         <input_file_ref idref="fl-102"/>
      </object_component>
      <object_component id="oc-121">
         <name>.text.malloc</name>
         <load_address>0x112c</load_address>
         <readonly>true</readonly>
         <executable>true</executable>
         <run_address>0x112c</run_address>
         <size>0xc</size>
         <alignment>0x2</alignment>
         <input_file_ref idref="fl-30"/>
      </object_component>
      <object_component id="oc-88">
         <name>.text.DL_Common_delayCycles</name>
         <load_address>0x1138</load_address>
         <readonly>true</readonly>
         <executable>true</executable>
         <run_address>0x1138</run_address>
         <size>0xa</size>
         <alignment>0x2</alignment>
         <input_file_ref idref="fl-11"/>
      </object_component>
      <object_component id="oc-3f">
         <name>.text.__aeabi_memcpy</name>
         <load_address>0x1144</load_address>
         <readonly>true</readonly>
         <executable>true</executable>
         <run_address>0x1144</run_address>
         <size>0x8</size>
         <alignment>0x4</alignment>
         <input_file_ref idref="fl-101"/>
      </object_component>
      <object_component id="oc-105">
         <name>.text.fseek</name>
         <load_address>0x114c</load_address>
         <readonly>true</readonly>
         <executable>true</executable>
         <run_address>0x114c</run_address>
         <size>0x8</size>
         <alignment>0x2</alignment>
         <input_file_ref idref="fl-3b"/>
      </object_component>
      <object_component id="oc-16b">
         <name>.text.remove</name>
         <load_address>0x1154</load_address>
         <readonly>true</readonly>
         <executable>true</executable>
         <run_address>0x1154</run_address>
         <size>0x8</size>
         <alignment>0x2</alignment>
         <input_file_ref idref="fl-eb"/>
      </object_component>
      <object_component id="oc-91">
         <name>.text:abort</name>
         <load_address>0x115c</load_address>
         <readonly>true</readonly>
         <executable>true</executable>
         <run_address>0x115c</run_address>
         <size>0x6</size>
         <alignment>0x2</alignment>
         <input_file_ref idref="fl-2d"/>
      </object_component>
      <object_component id="oc-c2">
         <name>.text.HOSTexit</name>
         <load_address>0x1162</load_address>
         <readonly>true</readonly>
         <executable>true</executable>
         <run_address>0x1162</run_address>
         <size>0x4</size>
         <alignment>0x2</alignment>
         <input_file_ref idref="fl-e8"/>
      </object_component>
      <object_component id="oc-2f">
         <name>.text.Reset_Handler</name>
         <load_address>0x1166</load_address>
         <readonly>true</readonly>
         <executable>true</executable>
         <run_address>0x1166</run_address>
         <size>0x4</size>
         <alignment>0x2</alignment>
         <input_file_ref idref="fl-3"/>
      </object_component>
      <object_component id="oc-5f">
         <name>.text._system_pre_init</name>
         <load_address>0x116a</load_address>
         <readonly>true</readonly>
         <executable>true</executable>
         <run_address>0x116a</run_address>
         <size>0x4</size>
         <alignment>0x2</alignment>
         <input_file_ref idref="fl-34"/>
      </object_component>
      <object_component id="oc-1ef">
         <name>.cinit..data.load</name>
         <load_address>0x11c0</load_address>
         <readonly>true</readonly>
         <run_address>0x11c0</run_address>
         <size>0x62</size>
         <alignment>0x1</alignment>
      </object_component>
      <object_component id="oc-1ed">
         <name>__TI_handler_table</name>
         <load_address>0x1224</load_address>
         <readonly>true</readonly>
         <run_address>0x1224</run_address>
         <size>0xc</size>
         <alignment>0x4</alignment>
      </object_component>
      <object_component id="oc-1f0">
         <name>.cinit..bss.load</name>
         <load_address>0x1230</load_address>
         <readonly>true</readonly>
         <run_address>0x1230</run_address>
         <size>0x8</size>
         <alignment>0x4</alignment>
      </object_component>
      <object_component id="oc-1ee">
         <name>__TI_cinit_table</name>
         <load_address>0x1238</load_address>
         <readonly>true</readonly>
         <run_address>0x1238</run_address>
         <size>0x10</size>
         <alignment>0x4</alignment>
      </object_component>
      <object_component id="oc-8e">
         <name>.rodata.after_debug_msg</name>
         <load_address>0x1170</load_address>
         <readonly>true</readonly>
         <run_address>0x1170</run_address>
         <size>0x18</size>
         <alignment>0x1</alignment>
         <input_file_ref idref="fl-1"/>
      </object_component>
      <object_component id="oc-8d">
         <name>.rodata.debug_message</name>
         <load_address>0x1188</load_address>
         <readonly>true</readonly>
         <run_address>0x1188</run_address>
         <size>0x14</size>
         <alignment>0x1</alignment>
         <input_file_ref idref="fl-1"/>
      </object_component>
      <object_component id="oc-8c">
         <name>.rodata.str1.16021706245939152170.1</name>
         <load_address>0x119c</load_address>
         <readonly>true</readonly>
         <run_address>0x119c</run_address>
         <size>0xf</size>
         <alignment>0x1</alignment>
         <input_file_ref idref="fl-1"/>
      </object_component>
      <object_component id="oc-e2">
         <name>.rodata.gUART_0Config</name>
         <load_address>0x11ac</load_address>
         <readonly>true</readonly>
         <run_address>0x11ac</run_address>
         <size>0xa</size>
         <alignment>0x2</alignment>
         <input_file_ref idref="fl-2"/>
      </object_component>
      <object_component id="oc-d9">
         <name>.rodata.gI2C_0ClockConfig</name>
         <load_address>0x11b6</load_address>
         <readonly>true</readonly>
         <run_address>0x11b6</run_address>
         <size>0x2</size>
         <alignment>0x1</alignment>
         <input_file_ref idref="fl-2"/>
      </object_component>
      <object_component id="oc-e1">
         <name>.rodata.gUART_0ClockConfig</name>
         <load_address>0x11b8</load_address>
         <readonly>true</readonly>
         <run_address>0x11b8</run_address>
         <size>0x2</size>
         <alignment>0x1</alignment>
         <input_file_ref idref="fl-2"/>
      </object_component>
      <object_component id="oc-bc">
         <name>.rodata.str1.16607721268415185390.1</name>
         <load_address>0x11ba</load_address>
         <readonly>true</readonly>
         <run_address>0x11ba</run_address>
         <size>0x2</size>
         <alignment>0x1</alignment>
         <input_file_ref idref="fl-2a"/>
      </object_component>
      <object_component id="oc-1b7">
         <name>.binit</name>
         <load_address>0x0</load_address>
         <readonly>true</readonly>
         <run_address>0x0</run_address>
         <size>0x0</size>
         <alignment>0x4</alignment>
      </object_component>
      <object_component id="oc-ca">
         <name>.data..L_MergedGlobals</name>
         <load_address>0x200009b8</load_address>
         <readwrite>true</readwrite>
         <run_address>0x200009b8</run_address>
         <size>0x8</size>
         <alignment>0x4</alignment>
         <input_file_ref idref="fl-2d"/>
      </object_component>
      <object_component id="oc-c8">
         <name>.data._lock</name>
         <load_address>0x200009c4</load_address>
         <readwrite>true</readwrite>
         <run_address>0x200009c4</run_address>
         <size>0x4</size>
         <alignment>0x4</alignment>
         <input_file_ref idref="fl-2e"/>
      </object_component>
      <object_component id="oc-cb">
         <name>.data._unlock</name>
         <load_address>0x200009c8</load_address>
         <readwrite>true</readwrite>
         <run_address>0x200009c8</run_address>
         <size>0x4</size>
         <alignment>0x4</alignment>
         <input_file_ref idref="fl-2e"/>
      </object_component>
      <object_component id="oc-ba">
         <name>.data._ftable</name>
         <load_address>0x20000800</load_address>
         <readwrite>true</readwrite>
         <run_address>0x20000800</run_address>
         <size>0xf0</size>
         <alignment>0x4</alignment>
         <input_file_ref idref="fl-2f"/>
      </object_component>
      <object_component id="oc-140">
         <name>.data.__TI_ft_end</name>
         <load_address>0x200009c0</load_address>
         <readwrite>true</readwrite>
         <run_address>0x200009c0</run_address>
         <size>0x4</size>
         <alignment>0x4</alignment>
         <input_file_ref idref="fl-2f"/>
      </object_component>
      <object_component id="oc-166">
         <name>.data.memory_is_initialized</name>
         <load_address>0x200009cc</load_address>
         <readwrite>true</readwrite>
         <run_address>0x200009cc</run_address>
         <size>0x1</size>
         <alignment>0x4</alignment>
         <input_file_ref idref="fl-30"/>
      </object_component>
      <object_component id="oc-12b">
         <name>.data._device</name>
         <load_address>0x200008f0</load_address>
         <readwrite>true</readwrite>
         <run_address>0x200008f0</run_address>
         <size>0x78</size>
         <alignment>0x4</alignment>
         <input_file_ref idref="fl-ea"/>
      </object_component>
      <object_component id="oc-111">
         <name>.data._stream</name>
         <load_address>0x20000968</load_address>
         <readwrite>true</readwrite>
         <run_address>0x20000968</run_address>
         <size>0x50</size>
         <alignment>0x4</alignment>
         <input_file_ref idref="fl-ea"/>
      </object_component>
      <object_component id="oc-16f">
         <name>.bss.__TI_tmpnams</name>
         <uninitialized>true</uninitialized>
         <readwrite>true</readwrite>
         <run_address>0x20000af0</run_address>
         <size>0xa0</size>
         <alignment>0x1</alignment>
         <input_file_ref idref="fl-2f"/>
      </object_component>
      <object_component id="oc-164">
         <name>.bss.sys_free</name>
         <uninitialized>true</uninitialized>
         <readwrite>true</readwrite>
         <run_address>0x20000b98</run_address>
         <size>0x4</size>
         <alignment>0x4</alignment>
         <input_file_ref idref="fl-30"/>
      </object_component>
      <object_component id="oc-179">
         <name>.bss.parmbuf</name>
         <uninitialized>true</uninitialized>
         <readwrite>true</readwrite>
         <run_address>0x20000b90</run_address>
         <size>0x8</size>
         <alignment>0x1</alignment>
         <input_file_ref idref="fl-f2"/>
      </object_component>
      <object_component id="oc-19a">
         <name>.bss:_CIOBUF_</name>
         <uninitialized>true</uninitialized>
         <readwrite>true</readwrite>
         <run_address>0x200009d0</run_address>
         <size>0x120</size>
         <alignment>0x4</alignment>
         <input_file_ref idref="fl-f7"/>
      </object_component>
      <object_component id="oc-136">
         <name>.sysmem</name>
         <uninitialized>true</uninitialized>
         <readwrite>true</readwrite>
         <run_address>0x20000000</run_address>
         <size>0x10</size>
         <alignment>0x8</alignment>
         <input_file_ref idref="fl-30"/>
      </object_component>
      <object_component id="oc-1f3">
         <name>.sysmem</name>
         <uninitialized>true</uninitialized>
         <readwrite>true</readwrite>
         <run_address>0x20000000</run_address>
         <size>0x0</size>
         <alignment>0x4</alignment>
      </object_component>
      <object_component id="oc-1a">
         <name>.stack</name>
         <uninitialized>true</uninitialized>
         <readwrite>true</readwrite>
         <run_address>0x20000f00</run_address>
         <size>0x4</size>
         <alignment>0x4</alignment>
         <input_file_ref idref="fl-31"/>
      </object_component>
      <object_component id="oc-1f2">
         <name>.stack</name>
         <uninitialized>true</uninitialized>
         <readwrite>true</readwrite>
         <run_address>0x20000f00</run_address>
         <size>0x0</size>
         <alignment>0x8</alignment>
      </object_component>
      <object_component id="oc-64">
         <name>.debug_loc</name>
         <load_address>0x0</load_address>
         <run_address>0x0</run_address>
         <size>0xe2</size>
         <alignment>0x1</alignment>
         <input_file_ref idref="fl-1"/>
      </object_component>
      <object_component id="oc-b4">
         <name>.debug_loc</name>
         <load_address>0xe2</load_address>
         <run_address>0xe2</run_address>
         <size>0xe3</size>
         <alignment>0x1</alignment>
         <input_file_ref idref="fl-2"/>
      </object_component>
      <object_component id="oc-c1">
         <name>.debug_loc</name>
         <load_address>0x1c5</load_address>
         <run_address>0x1c5</run_address>
         <size>0x13</size>
         <alignment>0x1</alignment>
         <input_file_ref idref="fl-11"/>
      </object_component>
      <object_component id="oc-d4">
         <name>.debug_loc</name>
         <load_address>0x1d8</load_address>
         <run_address>0x1d8</run_address>
         <size>0x352</size>
         <alignment>0x1</alignment>
         <input_file_ref idref="fl-12"/>
      </object_component>
      <object_component id="oc-dc">
         <name>.debug_loc</name>
         <load_address>0x52a</load_address>
         <run_address>0x52a</run_address>
         <size>0x7bc</size>
         <alignment>0x1</alignment>
         <input_file_ref idref="fl-13"/>
      </object_component>
      <object_component id="oc-83">
         <name>.debug_loc</name>
         <load_address>0xce6</load_address>
         <run_address>0xce6</run_address>
         <size>0x219</size>
         <alignment>0x1</alignment>
         <input_file_ref idref="fl-2a"/>
      </object_component>
      <object_component id="oc-e4">
         <name>.debug_loc</name>
         <load_address>0xeff</load_address>
         <run_address>0xeff</run_address>
         <size>0xbf</size>
         <alignment>0x1</alignment>
         <input_file_ref idref="fl-2b"/>
      </object_component>
      <object_component id="oc-12a">
         <name>.debug_loc</name>
         <load_address>0xfbe</load_address>
         <run_address>0xfbe</run_address>
         <size>0xa8</size>
         <alignment>0x1</alignment>
         <input_file_ref idref="fl-2c"/>
      </object_component>
      <object_component id="oc-97">
         <name>.debug_loc</name>
         <load_address>0x1066</load_address>
         <run_address>0x1066</run_address>
         <size>0x26</size>
         <alignment>0x1</alignment>
         <input_file_ref idref="fl-2d"/>
      </object_component>
      <object_component id="oc-120">
         <name>.debug_loc</name>
         <load_address>0x108c</load_address>
         <run_address>0x108c</run_address>
         <size>0x714</size>
         <alignment>0x1</alignment>
         <input_file_ref idref="fl-30"/>
      </object_component>
      <object_component id="oc-3a">
         <name>.debug_loc</name>
         <load_address>0x17a0</load_address>
         <run_address>0x17a0</run_address>
         <size>0xd8</size>
         <alignment>0x1</alignment>
         <input_file_ref idref="fl-31"/>
      </object_component>
      <object_component id="oc-9b">
         <name>.debug_loc</name>
         <load_address>0x1878</load_address>
         <run_address>0x1878</run_address>
         <size>0x424</size>
         <alignment>0x1</alignment>
         <input_file_ref idref="fl-33"/>
      </object_component>
      <object_component id="oc-49">
         <name>.debug_loc</name>
         <load_address>0x1c9c</load_address>
         <run_address>0x1c9c</run_address>
         <size>0x16c</size>
         <alignment>0x1</alignment>
         <input_file_ref idref="fl-36"/>
      </object_component>
      <object_component id="oc-45">
         <name>.debug_loc</name>
         <load_address>0x1e08</load_address>
         <run_address>0x1e08</run_address>
         <size>0x6f</size>
         <alignment>0x1</alignment>
         <input_file_ref idref="fl-37"/>
      </object_component>
      <object_component id="oc-3d">
         <name>.debug_loc</name>
         <load_address>0x1e77</load_address>
         <run_address>0x1e77</run_address>
         <size>0x167</size>
         <alignment>0x1</alignment>
         <input_file_ref idref="fl-38"/>
      </object_component>
      <object_component id="oc-f1">
         <name>.debug_loc</name>
         <load_address>0x1fde</load_address>
         <run_address>0x1fde</run_address>
         <size>0x10c</size>
         <alignment>0x1</alignment>
         <input_file_ref idref="fl-39"/>
      </object_component>
      <object_component id="oc-125">
         <name>.debug_loc</name>
         <load_address>0x20ea</load_address>
         <run_address>0x20ea</run_address>
         <size>0x460</size>
         <alignment>0x1</alignment>
         <input_file_ref idref="fl-3a"/>
      </object_component>
      <object_component id="oc-109">
         <name>.debug_loc</name>
         <load_address>0x254a</load_address>
         <run_address>0x254a</run_address>
         <size>0x10f</size>
         <alignment>0x1</alignment>
         <input_file_ref idref="fl-3b"/>
      </object_component>
      <object_component id="oc-13b">
         <name>.debug_loc</name>
         <load_address>0x2659</load_address>
         <run_address>0x2659</run_address>
         <size>0xf2</size>
         <alignment>0x1</alignment>
         <input_file_ref idref="fl-40"/>
      </object_component>
      <object_component id="oc-115">
         <name>.debug_loc</name>
         <load_address>0x274b</load_address>
         <run_address>0x274b</run_address>
         <size>0x44</size>
         <alignment>0x1</alignment>
         <input_file_ref idref="fl-e9"/>
      </object_component>
      <object_component id="oc-199">
         <name>.debug_loc</name>
         <load_address>0x278f</load_address>
         <run_address>0x278f</run_address>
         <size>0x20</size>
         <alignment>0x1</alignment>
         <input_file_ref idref="fl-eb"/>
      </object_component>
      <object_component id="oc-163">
         <name>.debug_loc</name>
         <load_address>0x27af</load_address>
         <run_address>0x27af</run_address>
         <size>0x44</size>
         <alignment>0x1</alignment>
         <input_file_ref idref="fl-ed"/>
      </object_component>
      <object_component id="oc-192">
         <name>.debug_loc</name>
         <load_address>0x27f3</load_address>
         <run_address>0x27f3</run_address>
         <size>0x3e</size>
         <alignment>0x1</alignment>
         <input_file_ref idref="fl-ee"/>
      </object_component>
      <object_component id="oc-1a5">
         <name>.debug_loc</name>
         <load_address>0x2831</load_address>
         <run_address>0x2831</run_address>
         <size>0x5d</size>
         <alignment>0x1</alignment>
         <input_file_ref idref="fl-ef"/>
      </object_component>
      <object_component id="oc-17f">
         <name>.debug_loc</name>
         <load_address>0x288e</load_address>
         <run_address>0x288e</run_address>
         <size>0x3e</size>
         <alignment>0x1</alignment>
         <input_file_ref idref="fl-f0"/>
      </object_component>
      <object_component id="oc-188">
         <name>.debug_loc</name>
         <load_address>0x28cc</load_address>
         <run_address>0x28cc</run_address>
         <size>0x7a</size>
         <alignment>0x1</alignment>
         <input_file_ref idref="fl-f1"/>
      </object_component>
      <object_component id="oc-17c">
         <name>.debug_loc</name>
         <load_address>0x2946</load_address>
         <run_address>0x2946</run_address>
         <size>0x80</size>
         <alignment>0x1</alignment>
         <input_file_ref idref="fl-f2"/>
      </object_component>
      <object_component id="oc-182">
         <name>.debug_loc</name>
         <load_address>0x29c6</load_address>
         <run_address>0x29c6</run_address>
         <size>0x78</size>
         <alignment>0x1</alignment>
         <input_file_ref idref="fl-f3"/>
      </object_component>
      <object_component id="oc-15e">
         <name>.debug_loc</name>
         <load_address>0x2a3e</load_address>
         <run_address>0x2a3e</run_address>
         <size>0x115</size>
         <alignment>0x1</alignment>
         <input_file_ref idref="fl-f4"/>
      </object_component>
      <object_component id="oc-18b">
         <name>.debug_loc</name>
         <load_address>0x2b53</load_address>
         <run_address>0x2b53</run_address>
         <size>0x51</size>
         <alignment>0x1</alignment>
         <input_file_ref idref="fl-f5"/>
      </object_component>
      <object_component id="oc-185">
         <name>.debug_loc</name>
         <load_address>0x2ba4</load_address>
         <run_address>0x2ba4</run_address>
         <size>0x78</size>
         <alignment>0x1</alignment>
         <input_file_ref idref="fl-f6"/>
      </object_component>
      <object_component id="oc-177">
         <name>.debug_loc</name>
         <load_address>0x2c1c</load_address>
         <run_address>0x2c1c</run_address>
         <size>0x16f</size>
         <alignment>0x1</alignment>
         <input_file_ref idref="fl-f7"/>
      </object_component>
      <object_component id="oc-1a2">
         <name>.debug_loc</name>
         <load_address>0x2d8b</load_address>
         <run_address>0x2d8b</run_address>
         <size>0x15b</size>
         <alignment>0x1</alignment>
         <input_file_ref idref="fl-109"/>
      </object_component>
      <object_component id="oc-8f">
         <name>.debug_abbrev</name>
         <load_address>0x0</load_address>
         <run_address>0x0</run_address>
         <size>0x178</size>
         <alignment>0x1</alignment>
         <input_file_ref idref="fl-1"/>
      </object_component>
      <object_component id="oc-b7">
         <name>.debug_abbrev</name>
         <load_address>0x178</load_address>
         <run_address>0x178</run_address>
         <size>0x1bb</size>
         <alignment>0x1</alignment>
         <input_file_ref idref="fl-2"/>
      </object_component>
      <object_component id="oc-34">
         <name>.debug_abbrev</name>
         <load_address>0x333</load_address>
         <run_address>0x333</run_address>
         <size>0x6d</size>
         <alignment>0x1</alignment>
         <input_file_ref idref="fl-3"/>
      </object_component>
      <object_component id="oc-bf">
         <name>.debug_abbrev</name>
         <load_address>0x3a0</load_address>
         <run_address>0x3a0</run_address>
         <size>0x62</size>
         <alignment>0x1</alignment>
         <input_file_ref idref="fl-11"/>
      </object_component>
      <object_component id="oc-101">
         <name>.debug_abbrev</name>
         <load_address>0x402</load_address>
         <run_address>0x402</run_address>
         <size>0x1e7</size>
         <alignment>0x1</alignment>
         <input_file_ref idref="fl-12"/>
      </object_component>
      <object_component id="oc-103">
         <name>.debug_abbrev</name>
         <load_address>0x5e9</load_address>
         <run_address>0x5e9</run_address>
         <size>0x29b</size>
         <alignment>0x1</alignment>
         <input_file_ref idref="fl-13"/>
      </object_component>
      <object_component id="oc-bd">
         <name>.debug_abbrev</name>
         <load_address>0x884</load_address>
         <run_address>0x884</run_address>
         <size>0x177</size>
         <alignment>0x1</alignment>
         <input_file_ref idref="fl-2a"/>
      </object_component>
      <object_component id="oc-10f">
         <name>.debug_abbrev</name>
         <load_address>0x9fb</load_address>
         <run_address>0x9fb</run_address>
         <size>0x95</size>
         <alignment>0x1</alignment>
         <input_file_ref idref="fl-2b"/>
      </object_component>
      <object_component id="oc-128">
         <name>.debug_abbrev</name>
         <load_address>0xa90</load_address>
         <run_address>0xa90</run_address>
         <size>0x9c</size>
         <alignment>0x1</alignment>
         <input_file_ref idref="fl-2c"/>
      </object_component>
      <object_component id="oc-c6">
         <name>.debug_abbrev</name>
         <load_address>0xb2c</load_address>
         <run_address>0xb2c</run_address>
         <size>0x98</size>
         <alignment>0x1</alignment>
         <input_file_ref idref="fl-2d"/>
      </object_component>
      <object_component id="oc-fc">
         <name>.debug_abbrev</name>
         <load_address>0xbc4</load_address>
         <run_address>0xbc4</run_address>
         <size>0x73</size>
         <alignment>0x1</alignment>
         <input_file_ref idref="fl-2e"/>
      </object_component>
      <object_component id="oc-f3">
         <name>.debug_abbrev</name>
         <load_address>0xc37</load_address>
         <run_address>0xc37</run_address>
         <size>0x77</size>
         <alignment>0x1</alignment>
         <input_file_ref idref="fl-2f"/>
      </object_component>
      <object_component id="oc-137">
         <name>.debug_abbrev</name>
         <load_address>0xcae</load_address>
         <run_address>0xcae</run_address>
         <size>0x299</size>
         <alignment>0x1</alignment>
         <input_file_ref idref="fl-30"/>
      </object_component>
      <object_component id="oc-36">
         <name>.debug_abbrev</name>
         <load_address>0xf47</load_address>
         <run_address>0xf47</run_address>
         <size>0xaf</size>
         <alignment>0x1</alignment>
         <input_file_ref idref="fl-31"/>
      </object_component>
      <object_component id="oc-cc">
         <name>.debug_abbrev</name>
         <load_address>0xff6</load_address>
         <run_address>0xff6</run_address>
         <size>0x170</size>
         <alignment>0x1</alignment>
         <input_file_ref idref="fl-33"/>
      </object_component>
      <object_component id="oc-7b">
         <name>.debug_abbrev</name>
         <load_address>0x1166</load_address>
         <run_address>0x1166</run_address>
         <size>0x39</size>
         <alignment>0x1</alignment>
         <input_file_ref idref="fl-34"/>
      </object_component>
      <object_component id="oc-58">
         <name>.debug_abbrev</name>
         <load_address>0x119f</load_address>
         <run_address>0x119f</run_address>
         <size>0xc2</size>
         <alignment>0x1</alignment>
         <input_file_ref idref="fl-36"/>
      </object_component>
      <object_component id="oc-43">
         <name>.debug_abbrev</name>
         <load_address>0x1261</load_address>
         <run_address>0x1261</run_address>
         <size>0x70</size>
         <alignment>0x1</alignment>
         <input_file_ref idref="fl-37"/>
      </object_component>
      <object_component id="oc-3b">
         <name>.debug_abbrev</name>
         <load_address>0x12d1</load_address>
         <run_address>0x12d1</run_address>
         <size>0x8d</size>
         <alignment>0x1</alignment>
         <input_file_ref idref="fl-38"/>
      </object_component>
      <object_component id="oc-116">
         <name>.debug_abbrev</name>
         <load_address>0x135e</load_address>
         <run_address>0x135e</run_address>
         <size>0xb2</size>
         <alignment>0x1</alignment>
         <input_file_ref idref="fl-39"/>
      </object_component>
      <object_component id="oc-141">
         <name>.debug_abbrev</name>
         <load_address>0x1410</load_address>
         <run_address>0x1410</run_address>
         <size>0x151</size>
         <alignment>0x1</alignment>
         <input_file_ref idref="fl-3a"/>
      </object_component>
      <object_component id="oc-119">
         <name>.debug_abbrev</name>
         <load_address>0x1561</load_address>
         <run_address>0x1561</run_address>
         <size>0x95</size>
         <alignment>0x1</alignment>
         <input_file_ref idref="fl-3b"/>
      </object_component>
      <object_component id="oc-170">
         <name>.debug_abbrev</name>
         <load_address>0x15f6</load_address>
         <run_address>0x15f6</run_address>
         <size>0xa4</size>
         <alignment>0x1</alignment>
         <input_file_ref idref="fl-40"/>
      </object_component>
      <object_component id="oc-f6">
         <name>.debug_abbrev</name>
         <load_address>0x169a</load_address>
         <run_address>0x169a</run_address>
         <size>0x2c</size>
         <alignment>0x1</alignment>
         <input_file_ref idref="fl-e8"/>
      </object_component>
      <object_component id="oc-113">
         <name>.debug_abbrev</name>
         <load_address>0x16c6</load_address>
         <run_address>0x16c6</run_address>
         <size>0x77</size>
         <alignment>0x1</alignment>
         <input_file_ref idref="fl-e9"/>
      </object_component>
      <object_component id="oc-12c">
         <name>.debug_abbrev</name>
         <load_address>0x173d</load_address>
         <run_address>0x173d</run_address>
         <size>0x99</size>
         <alignment>0x1</alignment>
         <input_file_ref idref="fl-ea"/>
      </object_component>
      <object_component id="oc-197">
         <name>.debug_abbrev</name>
         <load_address>0x17d6</load_address>
         <run_address>0x17d6</run_address>
         <size>0x64</size>
         <alignment>0x1</alignment>
         <input_file_ref idref="fl-eb"/>
      </object_component>
      <object_component id="oc-161">
         <name>.debug_abbrev</name>
         <load_address>0x183a</load_address>
         <run_address>0x183a</run_address>
         <size>0x76</size>
         <alignment>0x1</alignment>
         <input_file_ref idref="fl-ed"/>
      </object_component>
      <object_component id="oc-190">
         <name>.debug_abbrev</name>
         <load_address>0x18b0</load_address>
         <run_address>0x18b0</run_address>
         <size>0x6b</size>
         <alignment>0x1</alignment>
         <input_file_ref idref="fl-ee"/>
      </object_component>
      <object_component id="oc-1a3">
         <name>.debug_abbrev</name>
         <load_address>0x191b</load_address>
         <run_address>0x191b</run_address>
         <size>0xd4</size>
         <alignment>0x1</alignment>
         <input_file_ref idref="fl-ef"/>
      </object_component>
      <object_component id="oc-17d">
         <name>.debug_abbrev</name>
         <load_address>0x19ef</load_address>
         <run_address>0x19ef</run_address>
         <size>0x81</size>
         <alignment>0x1</alignment>
         <input_file_ref idref="fl-f0"/>
      </object_component>
      <object_component id="oc-186">
         <name>.debug_abbrev</name>
         <load_address>0x1a70</load_address>
         <run_address>0x1a70</run_address>
         <size>0x81</size>
         <alignment>0x1</alignment>
         <input_file_ref idref="fl-f1"/>
      </object_component>
      <object_component id="oc-17a">
         <name>.debug_abbrev</name>
         <load_address>0x1af1</load_address>
         <run_address>0x1af1</run_address>
         <size>0x109</size>
         <alignment>0x1</alignment>
         <input_file_ref idref="fl-f2"/>
      </object_component>
      <object_component id="oc-180">
         <name>.debug_abbrev</name>
         <load_address>0x1bfa</load_address>
         <run_address>0x1bfa</run_address>
         <size>0x88</size>
         <alignment>0x1</alignment>
         <input_file_ref idref="fl-f3"/>
      </object_component>
      <object_component id="oc-18e">
         <name>.debug_abbrev</name>
         <load_address>0x1c82</load_address>
         <run_address>0x1c82</run_address>
         <size>0x114</size>
         <alignment>0x1</alignment>
         <input_file_ref idref="fl-f4"/>
      </object_component>
      <object_component id="oc-189">
         <name>.debug_abbrev</name>
         <load_address>0x1d96</load_address>
         <run_address>0x1d96</run_address>
         <size>0xdd</size>
         <alignment>0x1</alignment>
         <input_file_ref idref="fl-f5"/>
      </object_component>
      <object_component id="oc-183">
         <name>.debug_abbrev</name>
         <load_address>0x1e73</load_address>
         <run_address>0x1e73</run_address>
         <size>0x8f</size>
         <alignment>0x1</alignment>
         <input_file_ref idref="fl-f6"/>
      </object_component>
      <object_component id="oc-19b">
         <name>.debug_abbrev</name>
         <load_address>0x1f02</load_address>
         <run_address>0x1f02</run_address>
         <size>0xad</size>
         <alignment>0x1</alignment>
         <input_file_ref idref="fl-f7"/>
      </object_component>
      <object_component id="oc-57">
         <name>.debug_abbrev</name>
         <load_address>0x1faf</load_address>
         <run_address>0x1faf</run_address>
         <size>0x27</size>
         <alignment>0x1</alignment>
         <input_file_ref idref="fl-101"/>
      </object_component>
      <object_component id="oc-7a">
         <name>.debug_abbrev</name>
         <load_address>0x1fd6</load_address>
         <run_address>0x1fd6</run_address>
         <size>0x25</size>
         <alignment>0x1</alignment>
         <input_file_ref idref="fl-102"/>
      </object_component>
      <object_component id="oc-1a7">
         <name>.debug_abbrev</name>
         <load_address>0x1ffb</load_address>
         <run_address>0x1ffb</run_address>
         <size>0x17e</size>
         <alignment>0x1</alignment>
         <input_file_ref idref="fl-109"/>
      </object_component>
      <object_component id="oc-aa">
         <name>.debug_abbrev</name>
         <load_address>0x2179</load_address>
         <run_address>0x2179</run_address>
         <size>0x25</size>
         <alignment>0x1</alignment>
         <input_file_ref idref="fl-10a"/>
      </object_component>
      <object_component id="oc-d2">
         <name>.debug_abbrev</name>
         <load_address>0x219e</load_address>
         <run_address>0x219e</run_address>
         <size>0x25</size>
         <alignment>0x1</alignment>
         <input_file_ref idref="fl-10b"/>
      </object_component>
      <object_component id="oc-1ad">
         <name>.debug_abbrev</name>
         <load_address>0x21c3</load_address>
         <run_address>0x21c3</run_address>
         <size>0x21</size>
         <alignment>0x1</alignment>
         <input_file_ref idref="fl-10c"/>
      </object_component>
      <object_component id="oc-1f5">
         <name>.debug_abbrev</name>
         <load_address>0x21e4</load_address>
         <run_address>0x21e4</run_address>
         <size>0xf</size>
         <alignment>0x0</alignment>
      </object_component>
      <object_component id="oc-66">
         <name>.debug_info</name>
         <load_address>0x0</load_address>
         <run_address>0x0</run_address>
         <size>0xe48</size>
         <alignment>0x1</alignment>
         <input_file_ref idref="fl-1"/>
      </object_component>
      <object_component id="oc-7e">
         <name>.debug_info</name>
         <load_address>0xe48</load_address>
         <run_address>0xe48</run_address>
         <size>0x22d8</size>
         <alignment>0x1</alignment>
         <input_file_ref idref="fl-2"/>
      </object_component>
      <object_component id="oc-19">
         <name>.debug_info</name>
         <load_address>0x3120</load_address>
         <run_address>0x3120</run_address>
         <size>0x80</size>
         <alignment>0x1</alignment>
         <input_file_ref idref="fl-3"/>
      </object_component>
      <object_component id="oc-89">
         <name>.debug_info</name>
         <load_address>0x31a0</load_address>
         <run_address>0x31a0</run_address>
         <size>0x75</size>
         <alignment>0x1</alignment>
         <input_file_ref idref="fl-11"/>
      </object_component>
      <object_component id="oc-d5">
         <name>.debug_info</name>
         <load_address>0x3215</load_address>
         <run_address>0x3215</run_address>
         <size>0xcc2</size>
         <alignment>0x1</alignment>
         <input_file_ref idref="fl-12"/>
      </object_component>
      <object_component id="oc-db">
         <name>.debug_info</name>
         <load_address>0x3ed7</load_address>
         <run_address>0x3ed7</run_address>
         <size>0x12a6</size>
         <alignment>0x1</alignment>
         <input_file_ref idref="fl-13"/>
      </object_component>
      <object_component id="oc-87">
         <name>.debug_info</name>
         <load_address>0x517d</load_address>
         <run_address>0x517d</run_address>
         <size>0x31b</size>
         <alignment>0x1</alignment>
         <input_file_ref idref="fl-2a"/>
      </object_component>
      <object_component id="oc-e7">
         <name>.debug_info</name>
         <load_address>0x5498</load_address>
         <run_address>0x5498</run_address>
         <size>0x12e</size>
         <alignment>0x1</alignment>
         <input_file_ref idref="fl-2b"/>
      </object_component>
      <object_component id="oc-10d">
         <name>.debug_info</name>
         <load_address>0x55c6</load_address>
         <run_address>0x55c6</run_address>
         <size>0x148</size>
         <alignment>0x1</alignment>
         <input_file_ref idref="fl-2c"/>
      </object_component>
      <object_component id="oc-94">
         <name>.debug_info</name>
         <load_address>0x570e</load_address>
         <run_address>0x570e</run_address>
         <size>0xf8</size>
         <alignment>0x1</alignment>
         <input_file_ref idref="fl-2d"/>
      </object_component>
      <object_component id="oc-c9">
         <name>.debug_info</name>
         <load_address>0x5806</load_address>
         <run_address>0x5806</run_address>
         <size>0xaa</size>
         <alignment>0x1</alignment>
         <input_file_ref idref="fl-2e"/>
      </object_component>
      <object_component id="oc-bb">
         <name>.debug_info</name>
         <load_address>0x58b0</load_address>
         <run_address>0x58b0</run_address>
         <size>0x132</size>
         <alignment>0x1</alignment>
         <input_file_ref idref="fl-2f"/>
      </object_component>
      <object_component id="oc-11f">
         <name>.debug_info</name>
         <load_address>0x59e2</load_address>
         <run_address>0x59e2</run_address>
         <size>0xae7</size>
         <alignment>0x1</alignment>
         <input_file_ref idref="fl-30"/>
      </object_component>
      <object_component id="oc-1b">
         <name>.debug_info</name>
         <load_address>0x64c9</load_address>
         <run_address>0x64c9</run_address>
         <size>0x423</size>
         <alignment>0x1</alignment>
         <input_file_ref idref="fl-31"/>
      </object_component>
      <object_component id="oc-9c">
         <name>.debug_info</name>
         <load_address>0x68ec</load_address>
         <run_address>0x68ec</run_address>
         <size>0x744</size>
         <alignment>0x1</alignment>
         <input_file_ref idref="fl-33"/>
      </object_component>
      <object_component id="oc-61">
         <name>.debug_info</name>
         <load_address>0x7030</load_address>
         <run_address>0x7030</run_address>
         <size>0x46</size>
         <alignment>0x1</alignment>
         <input_file_ref idref="fl-34"/>
      </object_component>
      <object_component id="oc-4a">
         <name>.debug_info</name>
         <load_address>0x7076</load_address>
[...]
         <length>0x80</length>
         <used_space>0x0</used_space>
         <unused_space>0x80</unused_space>
         <attributes>R</attributes>
         <usage_details>
         </usage_details>
      </memory_area>
   </placement_map>
   <cptbl_list>
      <cptbl>
         <name>__TI_cinit_table</name>
         <cprec>
            <name>.data</name>
            <load_address>0x11c0</load_address>
            <load_size>0x62</load_size>
            <run_address>0x20000800</run_address>
            <run_size>0x1cd</run_size>
            <compression>lzss</compression>
         </cprec>
         <cprec>
            <name>.bss</name>
            <load_address>0x1230</load_address>
            <load_size>0x8</load_size>
            <run_address>0x200009d0</run_address>
            <run_size>0x1cc</run_size>
            <compression>zero_init</compression>
         </cprec>
      </cptbl>
   </cptbl_list>
   <handler_table>
      <handler_table_name>__TI_handler_table</handler_table_name>
      <handler>
         <index>0x0</index>
         <name>__TI_decompress_lzss</name>
      </handler>
      <handler>
         <index>0x1</index>
         <name>__TI_decompress_none</name>
      </handler>
      <handler>
         <index>0x2</index>
         <name>__TI_zero_init</name>
      </handler>
   </handler_table>
   <symbol_table>
      <symbol id="sm-1">
         <name>__start___llvm_prf_cnts</name>
         <value>0x20000000</value>
      </symbol>
      <symbol id="sm-2">
         <name>__stop___llvm_prf_cnts</name>
         <value>0x20000000</value>
      </symbol>
      <symbol id="sm-3">
         <name>__start___llvm_prf_bits</name>
         <value>0x20000000</value>
      </symbol>
      <symbol id="sm-4">
         <name>__stop___llvm_prf_bits</name>
         <value>0x20000000</value>
      </symbol>
      <symbol id="sm-5">
         <name>__TI_CINIT_Base</name>
         <value>0x1238</value>
      </symbol>
      <symbol id="sm-6">
         <name>__TI_CINIT_Limit</name>
         <value>0x1248</value>
      </symbol>
      <symbol id="sm-7">
         <name>__TI_CINIT_Warm</name>
         <value>0x1248</value>
      </symbol>
      <symbol id="sm-8">
         <name>__TI_Handler_Table_Base</name>
         <value>0x1224</value>
      </symbol>
      <symbol id="sm-9">
         <name>__TI_Handler_Table_Limit</name>
         <value>0x1230</value>
      </symbol>
      <symbol id="sm-a">
         <name>binit</name>
         <value>0xffffffff</value>
      </symbol>
      <symbol id="sm-b">
         <name>__binit__</name>
         <value>0xffffffff</value>
      </symbol>
      <symbol id="sm-c">
         <name>__STACK_SIZE</name>
         <value>0x100</value>
      </symbol>
      <symbol id="sm-d">
         <name>__STACK_END</name>
         <value>0x20001000</value>
      </symbol>
      <symbol id="sm-e">
         <name>__SYSMEM_SIZE</name>
         <value>0x800</value>
      </symbol>
      <symbol id="sm-f">
         <name>__TI_pprof_out_hndl</name>
         <value>0xffffffff</value>
      </symbol>
      <symbol id="sm-10">
         <name>__TI_prof_data_start</name>
         <value>0xffffffff</value>
      </symbol>
      <symbol id="sm-11">
         <name>__TI_prof_data_size</name>
         <value>0xffffffff</value>
      </symbol>
      <symbol id="sm-3f">
         <name>main</name>
         <value>0x495</value>
         <object_component_ref idref="oc-63"/>
      </symbol>
      <symbol id="sm-40">
         <name>debug_message</name>
         <value>0x1188</value>
         <object_component_ref idref="oc-8d"/>
      </symbol>
      <symbol id="sm-41">
         <name>after_debug_msg</name>
         <value>0x1170</value>
         <object_component_ref idref="oc-8e"/>
      </symbol>
      <symbol id="sm-60">
         <name>SYSCFG_DL_init</name>
         <value>0x10a5</value>
         <object_component_ref idref="oc-7d"/>
      </symbol>
      <symbol id="sm-61">
         <name>SYSCFG_DL_initPower</name>
         <value>0xe1d</value>
         <object_component_ref idref="oc-b1"/>
      </symbol>
      <symbol id="sm-62">
         <name>SYSCFG_DL_GPIO_init</name>
         <value>0xd9d</value>
         <object_component_ref idref="oc-b2"/>
      </symbol>
      <symbol id="sm-63">
         <name>SYSCFG_DL_SYSCTL_init</name>
         <value>0x106d</value>
         <object_component_ref idref="oc-b3"/>
      </symbol>
      <symbol id="sm-64">
         <name>SYSCFG_DL_I2C_0_init</name>
         <value>0xbcd</value>
         <object_component_ref idref="oc-b5"/>
      </symbol>
      <symbol id="sm-65">
         <name>SYSCFG_DL_UART_0_init</name>
         <value>0xabd</value>
         <object_component_ref idref="oc-b6"/>
      </symbol>
      <symbol id="sm-70">
         <name>Default_Handler</name>
         <value>0x5ff</value>
         <object_component_ref idref="oc-33"/>
      </symbol>
      <symbol id="sm-71">
         <name>Reset_Handler</name>
         <value>0x1167</value>
         <object_component_ref idref="oc-2f"/>
      </symbol>
      <symbol id="sm-72">
         <name>interruptVectors</name>
         <value>0x0</value>
         <object_component_ref idref="oc-18"/>
      </symbol>
      <symbol id="sm-73">
         <name>NMI_Handler</name>
         <value>0x5ff</value>
         <object_component_ref idref="oc-33"/>
      </symbol>
      <symbol id="sm-74">
         <name>HardFault_Handler</name>
         <value>0x5ff</value>
         <object_component_ref idref="oc-33"/>
      </symbol>
      <symbol id="sm-75">
         <name>SVC_Handler</name>
         <value>0x5ff</value>
         <object_component_ref idref="oc-33"/>
      </symbol>
      <symbol id="sm-76">
         <name>PendSV_Handler</name>
         <value>0x5ff</value>
         <object_component_ref idref="oc-33"/>
      </symbol>
      <symbol id="sm-77">
         <name>SysTick_Handler</name>
         <value>0x5ff</value>
         <object_component_ref idref="oc-33"/>
      </symbol>
      <symbol id="sm-78">
         <name>GROUP0_IRQHandler</name>
         <value>0x5ff</value>
         <object_component_ref idref="oc-33"/>
      </symbol>
      <symbol id="sm-79">
         <name>GROUP1_IRQHandler</name>
         <value>0x5ff</value>
         <object_component_ref idref="oc-33"/>
      </symbol>
      <symbol id="sm-7a">
         <name>TIMG1_IRQHandler</name>
         <value>0x5ff</value>
         <object_component_ref idref="oc-33"/>
      </symbol>
      <symbol id="sm-7b">
         <name>ADC0_IRQHandler</name>
         <value>0x5ff</value>
         <object_component_ref idref="oc-33"/>
      </symbol>
      <symbol id="sm-7c">
         <name>SPI0_IRQHandler</name>
         <value>0x5ff</value>
         <object_component_ref idref="oc-33"/>
      </symbol>
      <symbol id="sm-7d">
         <name>UART1_IRQHandler</name>
         <value>0x5ff</value>
         <object_component_ref idref="oc-33"/>
      </symbol>
      <symbol id="sm-7e">
         <name>UART0_IRQHandler</name>
         <value>0x5ff</value>
         <object_component_ref idref="oc-33"/>
      </symbol>
      <symbol id="sm-7f">
         <name>TIMG0_IRQHandler</name>
         <value>0x5ff</value>
         <object_component_ref idref="oc-33"/>
      </symbol>
      <symbol id="sm-80">
         <name>TIMG2_IRQHandler</name>
         <value>0x5ff</value>
         <object_component_ref idref="oc-33"/>
      </symbol>
      <symbol id="sm-81">
         <name>TIMG4_IRQHandler</name>
         <value>0x5ff</value>
         <object_component_ref idref="oc-33"/>
      </symbol>
      <symbol id="sm-82">
         <name>I2C0_IRQHandler</name>
         <value>0x5ff</value>
         <object_component_ref idref="oc-33"/>
      </symbol>
      <symbol id="sm-83">
         <name>I2C1_IRQHandler</name>
         <value>0x5ff</value>
         <object_component_ref idref="oc-33"/>
      </symbol>
      <symbol id="sm-84">
         <name>DMA_IRQHandler</name>
         <value>0x5ff</value>
         <object_component_ref idref="oc-33"/>
      </symbol>
      <symbol id="sm-85">
         <name>__TI_ATRegion0_src_addr</name>
         <value>0x0</value>
      </symbol>
      <symbol id="sm-86">
         <name>__TI_ATRegion0_trg_addr</name>
         <value>0x0</value>
      </symbol>
      <symbol id="sm-87">
         <name>__TI_ATRegion0_region_sz</name>
         <value>0x0</value>
      </symbol>
      <symbol id="sm-88">
         <name>__TI_ATRegion1_src_addr</name>
         <value>0x0</value>
      </symbol>
      <symbol id="sm-89">
         <name>__TI_ATRegion1_trg_addr</name>
         <value>0x0</value>
      </symbol>
      <symbol id="sm-8a">
         <name>__TI_ATRegion1_region_sz</name>
         <value>0x0</value>
      </symbol>
      <symbol id="sm-8b">
         <name>__TI_ATRegion2_src_addr</name>
         <value>0x0</value>
      </symbol>
      <symbol id="sm-8c">
         <name>__TI_ATRegion2_trg_addr</name>
         <value>0x0</value>
      </symbol>
      <symbol id="sm-8d">
         <name>__TI_ATRegion2_region_sz</name>
         <value>0x0</value>
      </symbol>
      <symbol id="sm-96">
         <name>DL_Common_delayCycles</name>
         <value>0x1139</value>
         <object_component_ref idref="oc-88"/>
      </symbol>
      <symbol id="sm-a0">
         <name>DL_I2C_setClockConfig</name>
         <value>0x1021</value>
         <object_component_ref idref="oc-d3"/>
      </symbol>
      <symbol id="sm-ad">
         <name>DL_UART_init</name>
         <value>0xcc5</value>
         <object_component_ref idref="oc-e0"/>
      </symbol>
      <symbol id="sm-ae">
         <name>DL_UART_setClockConfig</name>
         <value>0x10d3</value>
         <object_component_ref idref="oc-da"/>
      </symbol>
      <symbol id="sm-bd">
         <name>puts</name>
         <value>0x1049</value>
         <object_component_ref idref="oc-82"/>
      </symbol>
      <symbol id="sm-be">
         <name>fputs</name>
         <value>0x1d5</value>
         <object_component_ref idref="oc-b9"/>
      </symbol>
      <symbol id="sm-c8">
         <name>__TI_wrt_ok</name>
         <value>0x931</value>
         <object_component_ref idref="oc-e3"/>
      </symbol>
      <symbol id="sm-d2">
         <name>setvbuf</name>
         <value>0x3b5</value>
         <object_component_ref idref="oc-10b"/>
      </symbol>
      <symbol id="sm-e0">
         <name>abort</name>
         <value>0x115d</value>
         <object_component_ref idref="oc-91"/>
      </symbol>
      <symbol id="sm-e1">
         <name>__TI_cleanup_ptr</name>
         <value>0x200009b8</value>
         <object_component_ref idref="oc-ca"/>
      </symbol>
      <symbol id="sm-e2">
         <name>__TI_dtors_ptr</name>
         <value>0x200009bc</value>
         <object_component_ref idref="oc-ca"/>
      </symbol>
      <symbol id="sm-e3">
         <name>exit</name>
         <value>0xeed</value>
         <object_component_ref idref="oc-96"/>
      </symbol>
      <symbol id="sm-ec">
         <name>_nop</name>
         <value>0xa5b</value>
         <object_component_ref idref="oc-f8"/>
      </symbol>
      <symbol id="sm-ed">
         <name>_lock</name>
         <value>0x200009c4</value>
         <object_component_ref idref="oc-c8"/>
      </symbol>
      <symbol id="sm-ee">
         <name>_unlock</name>
         <value>0x200009c8</value>
         <object_component_ref idref="oc-cb"/>
      </symbol>
      <symbol id="sm-f3">
         <name>_ftable</name>
         <value>0x20000800</value>
         <object_component_ref idref="oc-ba"/>
      </symbol>
      <symbol id="sm-f4">
         <name>__TI_ft_end</name>
         <value>0x200009c0</value>
         <object_component_ref idref="oc-140"/>
      </symbol>
      <symbol id="sm-f5">
         <name>__TI_tmpnams</name>
         <value>0x20000af0</value>
         <object_component_ref idref="oc-16f"/>
      </symbol>
      <symbol id="sm-118">
         <name>malloc</name>
         <value>0x112d</value>
         <object_component_ref idref="oc-121"/>
      </symbol>
      <symbol id="sm-119">
         <name>aligned_alloc</name>
         <value>0xc1</value>
         <object_component_ref idref="oc-139"/>
      </symbol>
      <symbol id="sm-11a">
         <name>free</name>
         <value>0x2cd</value>
         <object_component_ref idref="oc-11b"/>
      </symbol>
      <symbol id="sm-11b">
         <name>_sys_memory</name>
         <value>0x20000000</value>
         <object_component_ref idref="oc-136"/>
      </symbol>
      <symbol id="sm-11c">
         <name>memalign</name>
         <value>0xc1</value>
         <object_component_ref idref="oc-139"/>
      </symbol>
      <symbol id="sm-127">
         <name>_c_int00_noargs</name>
         <value>0xff9</value>
         <object_component_ref idref="oc-4f"/>
      </symbol>
      <symbol id="sm-128">
         <name>__stack</name>
         <value>0x20000f00</value>
         <object_component_ref idref="oc-1a"/>
      </symbol>
      <symbol id="sm-134">
         <name>__TI_auto_init_nobinit_nopinit</name>
         <value>0xde1</value>
         <object_component_ref idref="oc-98"/>
      </symbol>
      <symbol id="sm-13c">
         <name>_system_pre_init</name>
         <value>0x116b</value>
         <object_component_ref idref="oc-5f"/>
      </symbol>
      <symbol id="sm-147">
         <name>__TI_zero_init_nomemset</name>
         <value>0x10bd</value>
         <object_component_ref idref="oc-46"/>
      </symbol>
      <symbol id="sm-150">
         <name>__TI_decompress_none</name>
         <value>0x10e5</value>
         <object_component_ref idref="oc-20"/>
      </symbol>
      <symbol id="sm-15b">
         <name>__TI_decompress_lzss</name>
         <value>0x705</value>
         <object_component_ref idref="oc-1c"/>
      </symbol>
      <symbol id="sm-165">
         <name>__TI_doflush</name>
         <value>0xc21</value>
         <object_component_ref idref="oc-ed"/>
      </symbol>
      <symbol id="sm-170">
         <name>__TI_cleanup</name>
         <value>0xe51</value>
         <object_component_ref idref="oc-122"/>
      </symbol>
      <symbol id="sm-17d">
         <name>fseek</name>
         <value>0x114d</value>
         <object_component_ref idref="oc-105"/>
      </symbol>
      <symbol id="sm-17e">
         <name>fseeko</name>
         <value>0x859</value>
         <object_component_ref idref="oc-118"/>
      </symbol>
      <symbol id="sm-18d">
         <name>__TI_closefile</name>
         <value>0x689</value>
         <object_component_ref idref="oc-13a"/>
      </symbol>
      <symbol id="sm-19c">
         <name>HOSTexit</name>
         <value>0x1163</value>
         <object_component_ref idref="oc-c2"/>
      </symbol>
      <symbol id="sm-19d">
         <name>C$$EXIT</name>
         <value>0x1162</value>
         <object_component_ref idref="oc-c2"/>
      </symbol>
      <symbol id="sm-1a7">
         <name>write</name>
         <value>0xfd1</value>
         <object_component_ref idref="oc-e9"/>
      </symbol>
      <symbol id="sm-1ac">
         <name>_device</name>
         <value>0x200008f0</value>
         <object_component_ref idref="oc-12b"/>
      </symbol>
      <symbol id="sm-1ad">
         <name>_stream</name>
         <value>0x20000968</value>
         <object_component_ref idref="oc-111"/>
      </symbol>
      <symbol id="sm-1b6">
         <name>remove</name>
         <value>0x1155</value>
         <object_component_ref idref="oc-16b"/>
      </symbol>
      <symbol id="sm-1c1">
         <name>lseek</name>
         <value>0xfa9</value>
         <object_component_ref idref="oc-12f"/>
      </symbol>
      <symbol id="sm-1cb">
         <name>close</name>
         <value>0xc75</value>
         <object_component_ref idref="oc-167"/>
      </symbol>
      <symbol id="sm-1d5">
         <name>unlink</name>
         <value>0xf55</value>
         <object_component_ref idref="oc-193"/>
      </symbol>
      <symbol id="sm-1df">
         <name>HOSTclose</name>
         <value>0xd0d</value>
         <object_component_ref idref="oc-147"/>
      </symbol>
      <symbol id="sm-1e9">
         <name>HOSTlseek</name>
         <value>0x781</value>
         <object_component_ref idref="oc-153"/>
      </symbol>
      <symbol id="sm-1f3">
         <name>HOSTopen</name>
         <value>0xa5d</value>
         <object_component_ref idref="oc-143"/>
      </symbol>
      <symbol id="sm-1f4">
         <name>parmbuf</name>
         <value>0x20000b90</value>
         <object_component_ref idref="oc-179"/>
      </symbol>
      <symbol id="sm-1fe">
         <name>HOSTread</name>
         <value>0xb1d</value>
         <object_component_ref idref="oc-14b"/>
      </symbol>
      <symbol id="sm-20f">
         <name>HOSTrename</name>
         <value>0x7ed</value>
         <object_component_ref idref="oc-15b"/>
      </symbol>
      <symbol id="sm-219">
         <name>HOSTunlink</name>
         <value>0xd55</value>
         <object_component_ref idref="oc-157"/>
      </symbol>
      <symbol id="sm-223">
         <name>HOSTwrite</name>
         <value>0xb75</value>
         <object_component_ref idref="oc-14f"/>
      </symbol>
      <symbol id="sm-231">
         <name>C$$IO$$</name>
         <value>0xee5</value>
         <object_component_ref idref="oc-172"/>
      </symbol>
      <symbol id="sm-232">
         <name>__TI_writemsg</name>
         <value>0xeb9</value>
         <object_component_ref idref="oc-172"/>
      </symbol>
      <symbol id="sm-233">
         <name>__CIOBUF_</name>
         <value>0x200009d0</value>
         <object_component_ref idref="oc-19a"/>
      </symbol>
      <symbol id="sm-234">
         <name>__TI_readmsg</name>
         <value>0xe85</value>
         <object_component_ref idref="oc-178"/>
      </symbol>
      <symbol id="sm-235">
         <name>_CIOBUF_</name>
         <value>0x200009d0</value>
         <object_component_ref idref="oc-19a"/>
      </symbol>
      <symbol id="sm-23b">
         <name>__aeabi_memcpy</name>
         <value>0x1145</value>
         <object_component_ref idref="oc-3f"/>
      </symbol>
      <symbol id="sm-23c">
         <name>__aeabi_memcpy4</name>
         <value>0x1145</value>
         <object_component_ref idref="oc-3f"/>
      </symbol>
      <symbol id="sm-23d">
         <name>__aeabi_memcpy8</name>
         <value>0x1145</value>
         <object_component_ref idref="oc-3f"/>
      </symbol>
      <symbol id="sm-244">
         <name>__aeabi_memclr</name>
         <value>0x1121</value>
         <object_component_ref idref="oc-5a"/>
      </symbol>
      <symbol id="sm-245">
         <name>__aeabi_memclr4</name>
         <value>0x1121</value>
         <object_component_ref idref="oc-5a"/>
      </symbol>
      <symbol id="sm-246">
         <name>__aeabi_memclr8</name>
         <value>0x1121</value>
         <object_component_ref idref="oc-5a"/>
      </symbol>
      <symbol id="sm-256">
         <name>finddevice</name>
         <value>0xf21</value>
         <object_component_ref idref="oc-1a6"/>
      </symbol>
      <symbol id="sm-257">
         <name>getdevice</name>
         <value>0x8c5</value>
         <object_component_ref idref="oc-19d"/>
      </symbol>
      <symbol id="sm-270">
         <name>memcpy</name>
         <value>0x565</value>
         <object_component_ref idref="oc-78"/>
      </symbol>
      <symbol id="sm-27f">
         <name>memset</name>
         <value>0x9f9</value>
         <object_component_ref idref="oc-b0"/>
      </symbol>
      <symbol id="sm-287">
         <name>strcmp</name>
         <value>0x601</value>
         <object_component_ref idref="oc-1a9"/>
      </symbol>
      <symbol id="sm-288">
         <name>__TI_static_base__</name>
         <value>0x0</value>
      </symbol>
      <symbol id="sm-28b">
         <name>__mpu_init</name>
         <value>0x0</value>
      </symbol>
      <symbol id="sm-28c">
         <name>_system_post_cinit</name>
         <value>0x0</value>
      </symbol>
   </symbol_table>
   <title>Link successful</title>
</link_info>
