******************************************************************************
            TI ARM Clang Linker PC v4.0.3                      
******************************************************************************
>> Linked Fri Jun 27 15:59:03 2025

OUTPUT FILE NAME:   <I2C Controller.out>
ENTRY POINT SYMBOL: "_c_int00_noargs"  address: 00000739


MEMORY CONFIGURATION

         name            origin    length      used     unused   attr    fill
----------------------  --------  ---------  --------  --------  ----  --------
  FLASH                 00000000   0000fff8  00000890  0000f768  R  X
  SRAM                  20000000   00001000  0000010d  00000ef3  RW X
  BCR_CONFIG            41c00000   000000ff  00000000  000000ff  R   
  BSL_CONFIG            41c00100   00000080  00000000  00000080  R   


SEGMENT ALLOCATION MAP

run origin  load origin   length   init length attrs members
----------  ----------- ---------- ----------- ----- -------
00000000    00000000    00000890   00000890    r-x
  00000000    00000000    000000c0   000000c0    r-- .intvecs
  000000c0    000000c0    00000760   00000760    r-x .text
  00000820    00000820    00000038   00000038    r-- .rodata
  00000858    00000858    00000038   00000038    r-- .cinit
20000000    20000000    0000000d   00000000    rw-
  20000000    20000000    00000008   00000000    rw- .data
  20000008    20000008    00000005   00000000    rw- .bss
20000f00    20000f00    00000100   00000000    rw-
  20000f00    20000f00    00000100   00000000    rw- .stack


SECTION ALLOCATION MAP

 output                                  attributes/
section   page    origin      length       input sections
--------  ----  ----------  ----------   ----------------
.intvecs   0    00000000    000000c0     
                  00000000    000000c0     startup_mspm0l130x_ticlang.o (.intvecs)

.text      0    000000c0    00000760     
                  000000c0    00000350     i2c_controller_rw_multibyte_fifo_poll.o (.text.main)
                  00000410    0000009a     libc.a : memcpy16.S.obj (.text:memcpy)
                  000004aa    00000002     startup_mspm0l130x_ticlang.o (.text.Default_Handler)
                  000004ac    0000007c     libc.a : copy_decompress_lzss.c.obj (.text:decompress:lzss)
                  00000528    00000060     ti_msp_dl_config.o (.text.SYSCFG_DL_UART_0_init)
                  00000588    0000005e     driverlib.a : dl_i2c.o (.text.DL_I2C_fillControllerTXFIFO)
                  000005e6    00000002     --HOLE-- [fill = 0]
                  000005e8    00000054     ti_msp_dl_config.o (.text.SYSCFG_DL_I2C_init)
                  0000063c    00000048     driverlib.a : dl_uart.o (.text.DL_UART_init)
                  00000684    00000044     ti_msp_dl_config.o (.text.SYSCFG_DL_GPIO_init)
                  000006c8    0000003c     libc.a : autoinit.c.obj (.text:__TI_auto_init_nobinit_nopinit)
                  00000704    00000034     ti_msp_dl_config.o (.text.SYSCFG_DL_initPower)
                  00000738    00000028     libc.a : boot_cortex_m.c.obj (.text:_c_int00_noargs)
                  00000760    00000026     driverlib.a : dl_i2c.o (.text.DL_I2C_setClockConfig)
                  00000786    00000002     --HOLE-- [fill = 0]
                  00000788    0000001c     ti_msp_dl_config.o (.text.SYSCFG_DL_SYSCTL_init)
                  000007a4    00000018     ti_msp_dl_config.o (.text.SYSCFG_DL_init)
                  000007bc    00000016     libc.a : copy_zero_init.c.obj (.text:decompress:ZI:__TI_zero_init_nomemset)
                  000007d2    00000012     driverlib.a : dl_uart.o (.text.DL_UART_setClockConfig)
                  000007e4    00000012     libc.a : copy_decompress_none.c.obj (.text:decompress:none)
                  000007f6    0000000a     driverlib.a : dl_common.o (.text.DL_Common_delayCycles)
                  00000800    00000008     libclang_rt.builtins.a : aeabi_memcpy.S.obj (.text.__aeabi_memcpy)
                  00000808    00000006     libc.a : exit.c.obj (.text:abort)
                  0000080e    00000004     libsysbm.a : hostexit.c.obj (.text.HOSTexit)
                  00000812    00000004     startup_mspm0l130x_ticlang.o (.text.Reset_Handler)
                  00000816    00000004     libc.a : pre_init.c.obj (.text._system_pre_init)
                  0000081a    00000006     --HOLE-- [fill = 0]

.cinit     0    00000858    00000038     
                  00000858    0000000d     (.cinit..data.load) [load image, compression = lzss]
                  00000865    00000003     --HOLE-- [fill = 0]
                  00000868    0000000c     (__TI_handler_table)
                  00000874    00000008     (.cinit..bss.load) [load image, compression = zero_init]
                  0000087c    00000010     (__TI_cinit_table)
                  0000088c    00000004     --HOLE-- [fill = 0]

.rodata    0    00000820    00000038     
                  00000820    00000017     i2c_controller_rw_multibyte_fifo_poll.o (.rodata.str1.4043360875359606742.1)
                  00000837    0000000e     i2c_controller_rw_multibyte_fifo_poll.o (.rodata.str1.9829870874916706517.1)
                  00000845    00000001     --HOLE-- [fill = 0]
                  00000846    0000000a     ti_msp_dl_config.o (.rodata.gUART_0Config)
                  00000850    00000002     ti_msp_dl_config.o (.rodata.gI2CClockConfig)
                  00000852    00000002     ti_msp_dl_config.o (.rodata.gUART_0ClockConfig)
                  00000854    00000004     --HOLE-- [fill = 0]

.init_array 
*          0    00000000    00000000     UNINITIALIZED

.binit     0    00000000    00000000     

.data      0    20000000    00000008     UNINITIALIZED
                  20000000    00000008     i2c_controller_rw_multibyte_fifo_poll.o (.data.gTxPacket)

.bss       0    20000008    00000005     UNINITIALIZED
                  20000008    00000005     (.common:gRxPacket)

.stack     0    20000f00    00000100     UNINITIALIZED
                  20000f00    00000004     libc.a : boot_cortex_m.c.obj (.stack)
                  20000f04    000000fc     --HOLE--

__llvm_prf_cnts 
*          0    20000000    00000000     UNINITIALIZED

__llvm_prf_bits 
*          0    20000000    00000000     UNINITIALIZED

MODULE SUMMARY

       Module                                    code   ro data   rw data
       ------                                    ----   -------   -------
    .\
       i2c_controller_rw_multibyte_fifo_poll.o   848    37        13     
       ti_msp_dl_config.o                        352    14        0      
       startup_mspm0l130x_ticlang.o              6      192       0      
    +--+-----------------------------------------+------+---------+---------+
       Total:                                    1206   243       13     
                                                                         
    C:/ti/mspm0_sdk_2_05_00_05/source/ti/driverlib/lib/ticlang/m0p/mspm0l11xx_l13xx/driverlib.a
       dl_i2c.o                                  132    0         0      
       dl_uart.o                                 90     0         0      
       dl_common.o                               10     0         0      
    +--+-----------------------------------------+------+---------+---------+
       Total:                                    232    0         0      
                                                                         
    C:\ti\ccs2020\ccs\tools\compiler\ti-cgt-armllvm_4.0.3.LTS\lib\armv6m-ti-none-eabi/c/libc.a
       memcpy16.S.obj                            154    0         0      
       copy_decompress_lzss.c.obj                124    0         0      
       autoinit.c.obj                            60     0         0      
       boot_cortex_m.c.obj                       40     0         0      
       copy_zero_init.c.obj                      22     0         0      
       copy_decompress_none.c.obj                18     0         0      
       exit.c.obj                                6      0         0      
       pre_init.c.obj                            4      0         0      
    +--+-----------------------------------------+------+---------+---------+
       Total:                                    428    0         0      
                                                                         
    C:\ti\ccs2020\ccs\tools\compiler\ti-cgt-armllvm_4.0.3.LTS\lib\armv6m-ti-none-eabi/c/libsysbm.a
       hostexit.c.obj                            4      0         0      
    +--+-----------------------------------------+------+---------+---------+
       Total:                                    4      0         0      
                                                                         
    C:\ti\ccs2020\ccs\tools\compiler\ti-cgt-armllvm_4.0.3.LTS\lib\armv6m-ti-none-eabi/libclang_rt.builtins.a
       aeabi_memcpy.S.obj                        8      0         0      
    +--+-----------------------------------------+------+---------+---------+
       Total:                                    8      0         0      
                                                                         
       Stack:                                    0      0         256    
       Linker Generated:                         0      49        0      
    +--+-----------------------------------------+------+---------+---------+
       Grand Total:                              1878   292       269    


LINKER GENERATED COPY TABLES

__TI_cinit_table @ 0000087c records: 2, size/record: 8, table size: 16
	.data: load addr=00000858, load size=0000000d bytes, run addr=20000000, run size=00000008 bytes, compression=lzss
	.bss: load addr=00000874, load size=00000008 bytes, run addr=20000008, run size=00000005 bytes, compression=zero_init


LINKER GENERATED HANDLER TABLE

__TI_handler_table @ 00000868 records: 3, size/record: 4, table size: 12
	index: 0, handler: __TI_decompress_lzss
	index: 1, handler: __TI_decompress_none
	index: 2, handler: __TI_zero_init


GLOBAL SYMBOLS: SORTED ALPHABETICALLY BY Name 

address   name                          
-------   ----                          
000004ab  ADC0_IRQHandler               
0000080e  C$$EXIT                       
000007f7  DL_Common_delayCycles         
00000589  DL_I2C_fillControllerTXFIFO   
00000761  DL_I2C_setClockConfig         
0000063d  DL_UART_init                  
000007d3  DL_UART_setClockConfig        
000004ab  DMA_IRQHandler                
000004ab  Default_Handler               
000004ab  GROUP0_IRQHandler             
000004ab  GROUP1_IRQHandler             
0000080f  HOSTexit                      
000004ab  HardFault_Handler             
000004ab  I2C0_IRQHandler               
000004ab  I2C1_IRQHandler               
000004ab  NMI_Handler                   
000004ab  PendSV_Handler                
00000813  Reset_Handler                 
000004ab  SPI0_IRQHandler               
000004ab  SVC_Handler                   
00000685  SYSCFG_DL_GPIO_init           
000005e9  SYSCFG_DL_I2C_init            
00000789  SYSCFG_DL_SYSCTL_init         
00000529  SYSCFG_DL_UART_0_init         
000007a5  SYSCFG_DL_init                
00000705  SYSCFG_DL_initPower           
000004ab  SysTick_Handler               
000004ab  TIMG0_IRQHandler              
000004ab  TIMG1_IRQHandler              
000004ab  TIMG2_IRQHandler              
000004ab  TIMG4_IRQHandler              
000004ab  UART0_IRQHandler              
000004ab  UART1_IRQHandler              
20001000  __STACK_END                   
00000100  __STACK_SIZE                  
00000000  __TI_ATRegion0_region_sz      
00000000  __TI_ATRegion0_src_addr       
00000000  __TI_ATRegion0_trg_addr       
00000000  __TI_ATRegion1_region_sz      
00000000  __TI_ATRegion1_src_addr       
00000000  __TI_ATRegion1_trg_addr       
00000000  __TI_ATRegion2_region_sz      
00000000  __TI_ATRegion2_src_addr       
00000000  __TI_ATRegion2_trg_addr       
0000087c  __TI_CINIT_Base               
0000088c  __TI_CINIT_Limit              
0000088c  __TI_CINIT_Warm               
00000868  __TI_Handler_Table_Base       
00000874  __TI_Handler_Table_Limit      
000006c9  __TI_auto_init_nobinit_nopinit
000004ad  __TI_decompress_lzss          
000007e5  __TI_decompress_none          
ffffffff  __TI_pprof_out_hndl           
ffffffff  __TI_prof_data_size           
ffffffff  __TI_prof_data_start          
00000000  __TI_static_base__            
000007bd  __TI_zero_init_nomemset       
00000801  __aeabi_memcpy                
00000801  __aeabi_memcpy4               
00000801  __aeabi_memcpy8               
ffffffff  __binit__                     
UNDEFED   __mpu_init                    
20000f00  __stack                       
20000000  __start___llvm_prf_bits       
20000000  __start___llvm_prf_cnts       
20000000  __stop___llvm_prf_bits        
20000000  __stop___llvm_prf_cnts        
00000739  _c_int00_noargs               
UNDEFED   _system_post_cinit            
00000817  _system_pre_init              
00000809  abort                         
ffffffff  binit                         
20000008  gRxPacket                     
20000000  gTxPacket                     
00000000  interruptVectors              
000000c1  main                          
00000411  memcpy                        


GLOBAL SYMBOLS: SORTED BY Symbol Address 

address   name                          
-------   ----                          
00000000  __TI_ATRegion0_region_sz      
00000000  __TI_ATRegion0_src_addr       
00000000  __TI_ATRegion0_trg_addr       
00000000  __TI_ATRegion1_region_sz      
00000000  __TI_ATRegion1_src_addr       
00000000  __TI_ATRegion1_trg_addr       
00000000  __TI_ATRegion2_region_sz      
00000000  __TI_ATRegion2_src_addr       
00000000  __TI_ATRegion2_trg_addr       
00000000  __TI_static_base__            
00000000  interruptVectors              
000000c1  main                          
00000100  __STACK_SIZE                  
00000411  memcpy                        
000004ab  ADC0_IRQHandler               
000004ab  DMA_IRQHandler                
000004ab  Default_Handler               
000004ab  GROUP0_IRQHandler             
000004ab  GROUP1_IRQHandler             
000004ab  HardFault_Handler             
000004ab  I2C0_IRQHandler               
000004ab  I2C1_IRQHandler               
000004ab  NMI_Handler                   
000004ab  PendSV_Handler                
000004ab  SPI0_IRQHandler               
000004ab  SVC_Handler                   
000004ab  SysTick_Handler               
000004ab  TIMG0_IRQHandler              
000004ab  TIMG1_IRQHandler              
000004ab  TIMG2_IRQHandler              
000004ab  TIMG4_IRQHandler              
000004ab  UART0_IRQHandler              
000004ab  UART1_IRQHandler              
000004ad  __TI_decompress_lzss          
00000529  SYSCFG_DL_UART_0_init         
00000589  DL_I2C_fillControllerTXFIFO   
000005e9  SYSCFG_DL_I2C_init            
0000063d  DL_UART_init                  
00000685  SYSCFG_DL_GPIO_init           
000006c9  __TI_auto_init_nobinit_nopinit
00000705  SYSCFG_DL_initPower           
00000739  _c_int00_noargs               
00000761  DL_I2C_setClockConfig         
00000789  SYSCFG_DL_SYSCTL_init         
000007a5  SYSCFG_DL_init                
000007bd  __TI_zero_init_nomemset       
000007d3  DL_UART_setClockConfig        
000007e5  __TI_decompress_none          
000007f7  DL_Common_delayCycles         
00000801  __aeabi_memcpy                
00000801  __aeabi_memcpy4               
00000801  __aeabi_memcpy8               
00000809  abort                         
0000080e  C$$EXIT                       
0000080f  HOSTexit                      
00000813  Reset_Handler                 
00000817  _system_pre_init              
00000868  __TI_Handler_Table_Base       
00000874  __TI_Handler_Table_Limit      
0000087c  __TI_CINIT_Base               
0000088c  __TI_CINIT_Limit              
0000088c  __TI_CINIT_Warm               
20000000  __start___llvm_prf_bits       
20000000  __start___llvm_prf_cnts       
20000000  __stop___llvm_prf_bits        
20000000  __stop___llvm_prf_cnts        
20000000  gTxPacket                     
20000008  gRxPacket                     
20000f00  __stack                       
20001000  __STACK_END                   
ffffffff  __TI_pprof_out_hndl           
ffffffff  __TI_prof_data_size           
ffffffff  __TI_prof_data_start          
ffffffff  __binit__                     
ffffffff  binit                         
UNDEFED   __mpu_init                    
UNDEFED   _system_post_cinit            

[77 symbols]
